-- Testing: 1 tests, 1 workers --
FAIL: Neura Dialect Tests :: code_gen/test_code_generate.mlir (1 of 1)
******************** TEST 'Neura Dialect Tests :: code_gen/test_code_generate.mlir' FAILED ********************
Exit Code: 1

Command Output (stdout):
--
  %3 = "neura.constant"() <{value = 0 : i64}> : () -> !neura.data<i64, i1>
  %6 = "neura.constant"() <{value = 1 : i64}> : () -> !neura.data<i64, i1>
  %4 = "neura.data_mov"(%3) : (!neura.data<i64, i1>) -> !neura.data<i64, i1>
  %7 = "neura.data_mov"(%6) : (!neura.data<i64, i1>) -> !neura.data<i64, i1>
  %0 = "neura.constant"() <{value = 10 : i64}> : () -> !neura.data<i64, i1>
  %18 = neura.reserve : !neura.data<i64, i1>
  %27 = neura.reserve : !neura.data<i64, i1>
  %1 = "neura.data_mov"(%0) : (!neura.data<i64, i1>) -> !neura.data<i64, i1>
  %5 = "neura.grant_once"(%4) : (!neura.data<i64, i1>) -> !neura.data<i64, i1>
  %8 = "neura.grant_once"(%7) : (!neura.data<i64, i1>) -> !neura.data<i64, i1>
  %28 = "neura.data_mov"(%5) : (!neura.data<i64, i1>) -> !neura.data<i64, i1>
  %19 = "neura.data_mov"(%8) : (!neura.data<i64, i1>) -> !neura.data<i64, i1>
  %9 = "neura.constant"() <{value = 3.000000e+00 : f32}> : () -> !neura.data<f32, i1>
  %12 = "neura.constant"() <{value = 0.000000e+00 : f32}> : () -> !neura.data<f32, i1>
  %15 = neura.reserve : !neura.data<i64, i1>
  %10 = "neura.data_mov"(%9) : (!neura.data<f32, i1>) -> !neura.data<f32, i1>
  %13 = "neura.data_mov"(%12) : (!neura.data<f32, i1>) -> !neura.data<f32, i1>
  %2 = "neura.grant_once"(%1) : (!neura.data<i64, i1>) -> !neura.data<i64, i1>
  %16 = "neura.data_mov"(%2) : (!neura.data<i64, i1>) -> !neura.data<i64, i1>
  %29 = neura.phi_start %28, %27 : !neura.data<i64, i1>, !neura.data<i64, i1> -> !neura.data<i64, i1>
  %20 = neura.phi_start %19, %18 : !neura.data<i64, i1>, !neura.data<i64, i1> -> !neura.data<i64, i1>
  %33 = "neura.data_mov"(%29) : (!neura.data<i64, i1>) -> !neura.data<i64, i1>
  %48 = "neura.data_mov"(%20) : (!neura.data<i64, i1>) -> !neura.data<i64, i1>
  %34 = "neura.data_mov"(%20) : (!neura.data<i64, i1>) -> !neura.data<i64, i1>
  %21 = neura.reserve : !neura.data<f32, i1>
  %24 = neura.reserve : !neura.data<f32, i1>
  %11 = "neura.grant_once"(%10) : (!neura.data<f32, i1>) -> !neura.data<f32, i1>
  %14 = "neura.grant_once"(%13) : (!neura.data<f32, i1>) -> !neura.data<f32, i1>
  %22 = "neura.data_mov"(%11) : (!neura.data<f32, i1>) -> !neura.data<f32, i1>
  %25 = "neura.data_mov"(%14) : (!neura.data<f32, i1>) -> !neura.data<f32, i1>
  %17 = neura.phi_start %16, %15 : !neura.data<i64, i1>, !neura.data<i64, i1> -> !neura.data<i64, i1>
  %51 = "neura.data_mov"(%17) : (!neura.data<i64, i1>) -> !neura.data<i64, i1>
  %37 = "neura.data_mov"(%17) : (!neura.data<i64, i1>) -> !neura.data<i64, i1>
  %35 = "neura.add"(%33, %34) : (!neura.data<i64, i1>, !neura.data<i64, i1>) -> !neura.data<i64, i1>
  %39 = "neura.data_mov"(%35) : (!neura.data<i64, i1>) -> !neura.data<i64, i1>
  %36 = "neura.data_mov"(%35) : (!neura.data<i64, i1>) -> !neura.data<i64, i1>
  %23 = neura.phi_start %22, %21 : !neura.data<f32, i1>, !neura.data<f32, i1> -> !neura.data<f32, i1>
  %26 = neura.phi_start %25, %24 : !neura.data<f32, i1>, !neura.data<f32, i1> -> !neura.data<f32, i1>
  %45 = "neura.data_mov"(%23) : (!neura.data<f32, i1>) -> !neura.data<f32, i1>
  %31 = "neura.data_mov"(%23) : (!neura.data<f32, i1>) -> !neura.data<f32, i1>
  %30 = "neura.data_mov"(%26) : (!neura.data<f32, i1>) -> !neura.data<f32, i1>
  %38 = "neura.icmp"(%36, %37) <{cmpType = "slt"}> : (!neura.data<i64, i1>, !neura.data<i64, i1>) -> !neura.data<i1, i1>
  %54 = "neura.data_mov"(%38) : (!neura.data<i1, i1>) -> !neura.data<i1, i1>
  %52 = "neura.data_mov"(%38) : (!neura.data<i1, i1>) -> !neura.data<i1, i1>
  %49 = "neura.data_mov"(%38) : (!neura.data<i1, i1>) -> !neura.data<i1, i1>
  %40 = "neura.data_mov"(%38) : (!neura.data<i1, i1>) -> !neura.data<i1, i1>
  %32 = "neura.fadd"(%30, %31) : (!neura.data<f32, i1>, !neura.data<f32, i1>) -> !neura.data<f32, i1>
  %56 = "neura.data_mov"(%32) : (!neura.data<f32, i1>) -> !neura.data<f32, i1>
  %42 = "neura.data_mov"(%32) : (!neura.data<f32, i1>) -> !neura.data<f32, i1>
  %55 = "neura.not"(%54) : (!neura.data<i1, i1>) -> !neura.data<i1, i1>
  %53 = neura.grant_predicate %51, %52 : !neura.data<i64, i1>, !neura.data<i1, i1> -> !neura.data<i64, i1>
  %50 = neura.grant_predicate %48, %49 : !neura.data<i64, i1>, !neura.data<i1, i1> -> !neura.data<i64, i1>
  %41 = neura.grant_predicate %39, %40 : !neura.data<i64, i1>, !neura.data<i1, i1> -> !neura.data<i64, i1>
  %57 = "neura.data_mov"(%55) : (!neura.data<i1, i1>) -> !neura.data<i1, i1>
  neura.ctrl_mov %53 -> %15 : !neura.data<i64, i1> !neura.data<i64, i1>
  neura.ctrl_mov %50 -> %18 : !neura.data<i64, i1> !neura.data<i64, i1>
  neura.ctrl_mov %41 -> %27 : !neura.data<i64, i1> !neura.data<i64, i1>
  %46 = "neura.data_mov"(%38) : (!neura.data<i1, i1>) -> !neura.data<i1, i1>
  %43 = "neura.data_mov"(%38) : (!neura.data<i1, i1>) -> !neura.data<i1, i1>
  %58 = neura.grant_predicate %56, %57 : !neura.data<f32, i1>, !neura.data<i1, i1> -> !neura.data<f32, i1>
  %59 = "neura.data_mov"(%58) : (!neura.data<f32, i1>) -> !neura.data<f32, i1>
  neura.yield
  %47 = neura.grant_predicate %45, %46 : !neura.data<f32, i1>, !neura.data<i1, i1> -> !neura.data<f32, i1>
  %44 = neura.grant_predicate %42, %43 : !neura.data<f32, i1>, !neura.data<i1, i1> -> !neura.data<f32, i1>
  neura.ctrl_mov %47 -> %21 : !neura.data<f32, i1> !neura.data<f32, i1>
  neura.ctrl_mov %44 -> %24 : !neura.data<f32, i1> !neura.data<f32, i1>
  neura.return_value %59 : !neura.data<f32, i1>
---------------------------------------------------------
[HeuristicMapping] Starting mapping with 67 operations.
Configuration: MAX Backtrack Depth = 3, MAX Candidate Locations = 5
[HeuristicMapping] Filtered 41 non-materialized operations, 26 operations require physical mapping.
[HeuristicMapping] Materialized operations list:
0 %3 = "neura.constant"() <{value = 0 : i64}> : () -> !neura.data<i64, i1> (level: 0)
1 %6 = "neura.constant"() <{value = 1 : i64}> : () -> !neura.data<i64, i1> (level: 0)
2 %5 = "neura.grant_once"(%4) : (!neura.data<i64, i1>) -> !neura.data<i64, i1> (level: 1)
3 %8 = "neura.grant_once"(%7) : (!neura.data<i64, i1>) -> !neura.data<i64, i1> (level: 1)
4 %0 = "neura.constant"() <{value = 10 : i64}> : () -> !neura.data<i64, i1> (level: 1)
5 %20 = neura.phi_start %19, %18 : !neura.data<i64, i1>, !neura.data<i64, i1> -> !neura.data<i64, i1> (level: 2)
6 %29 = neura.phi_start %28, %27 : !neura.data<i64, i1>, !neura.data<i64, i1> -> !neura.data<i64, i1> (level: 2)
7 %2 = "neura.grant_once"(%1) : (!neura.data<i64, i1>) -> !neura.data<i64, i1> (level: 2)
8 %9 = "neura.constant"() <{value = 3.000000e+00 : f32}> : () -> !neura.data<f32, i1> (level: 2)
9 %12 = "neura.constant"() <{value = 0.000000e+00 : f32}> : () -> !neura.data<f32, i1> (level: 2)
10 %17 = neura.phi_start %16, %15 : !neura.data<i64, i1>, !neura.data<i64, i1> -> !neura.data<i64, i1> (level: 3)
11 %35 = "neura.add"(%33, %34) : (!neura.data<i64, i1>, !neura.data<i64, i1>) -> !neura.data<i64, i1> (level: 3)
12 %11 = "neura.grant_once"(%10) : (!neura.data<f32, i1>) -> !neura.data<f32, i1> (level: 3)
13 %14 = "neura.grant_once"(%13) : (!neura.data<f32, i1>) -> !neura.data<f32, i1> (level: 3)
14 %38 = "neura.icmp"(%36, %37) <{cmpType = "slt"}> : (!neura.data<i64, i1>, !neura.data<i64, i1>) -> !neura.data<i1, i1> (level: 4)
15 %23 = neura.phi_start %22, %21 : !neura.data<f32, i1>, !neura.data<f32, i1> -> !neura.data<f32, i1> (level: 4)
16 %26 = neura.phi_start %25, %24 : !neura.data<f32, i1>, !neura.data<f32, i1> -> !neura.data<f32, i1> (level: 4)
17 %32 = "neura.fadd"(%30, %31) : (!neura.data<f32, i1>, !neura.data<f32, i1>) -> !neura.data<f32, i1> (level: 5)
18 %53 = neura.grant_predicate %51, %52 : !neura.data<i64, i1>, !neura.data<i1, i1> -> !neura.data<i64, i1> (level: 5)
19 %50 = neura.grant_predicate %48, %49 : !neura.data<i64, i1>, !neura.data<i1, i1> -> !neura.data<i64, i1> (level: 5)
20 %41 = neura.grant_predicate %39, %40 : !neura.data<i64, i1>, !neura.data<i1, i1> -> !neura.data<i64, i1> (level: 5)
21 %55 = "neura.not"(%54) : (!neura.data<i1, i1>) -> !neura.data<i1, i1> (level: 5)
22 %58 = neura.grant_predicate %56, %57 : !neura.data<f32, i1>, !neura.data<i1, i1> -> !neura.data<f32, i1> (level: 6)
23 %47 = neura.grant_predicate %45, %46 : !neura.data<f32, i1>, !neura.data<i1, i1> -> !neura.data<f32, i1> (level: 7)
24 %44 = neura.grant_predicate %42, %43 : !neura.data<f32, i1>, !neura.data<i1, i1> -> !neura.data<f32, i1> (level: 7)
25 neura.return_value %59 : !neura.data<f32, i1> (level: 7)
[HeuristicMapping] Found 64 candidate locations for operation: %3 = "neura.constant"() <{value = 0 : i64}> : () -> !neura.data<i64, i1>
[HeuristicMapping] Trying candidate 1/5 at tile#9 @t=0
[HeuristicMapping] Successfully mapped operation %3 = "neura.constant"() <{value = 0 : i64}> : () -> !neura.data<i64, i1>
[HeuristicMapping] Found 63 candidate locations for operation: %6 = "neura.constant"() <{value = 1 : i64}> : () -> !neura.data<i64, i1>
[HeuristicMapping] Trying candidate 1/5 at tile#6 @t=0
[HeuristicMapping] Successfully mapped operation %6 = "neura.constant"() <{value = 1 : i64}> : () -> !neura.data<i64, i1>
[HeuristicMapping] Found 45 candidate locations for operation: %5 = "neura.grant_once"(%4) : (!neura.data<i64, i1>) -> !neura.data<i64, i1>
[HeuristicMapping] Trying candidate 1/5 at tile#9 @t=1
[tryRouteDataMove] Routing from Tile#9 @t=0 to Tile#9 @t=1
[tryRouteDataMove] Successfully routed on same tile using Register #288
[HeuristicMapping] Successfully mapped operation %5 = "neura.grant_once"(%4) : (!neura.data<i64, i1>) -> !neura.data<i64, i1>
[HeuristicMapping] Found 45 candidate locations for operation: %8 = "neura.grant_once"(%7) : (!neura.data<i64, i1>) -> !neura.data<i64, i1>
[HeuristicMapping] Trying candidate 1/5 at tile#6 @t=1
[tryRouteDataMove] Routing from Tile#6 @t=0 to Tile#6 @t=1
[tryRouteDataMove] Successfully routed on same tile using Register #192
[HeuristicMapping] Successfully mapped operation %8 = "neura.grant_once"(%7) : (!neura.data<i64, i1>) -> !neura.data<i64, i1>
[HeuristicMapping] Found 60 candidate locations for operation: %0 = "neura.constant"() <{value = 10 : i64}> : () -> !neura.data<i64, i1>
[HeuristicMapping] Trying candidate 1/5 at tile#3 @t=1
[HeuristicMapping] Successfully mapped operation %0 = "neura.constant"() <{value = 10 : i64}> : () -> !neura.data<i64, i1>
[HeuristicMapping] Found 42 candidate locations for operation: %20 = neura.phi_start %19, %18 : !neura.data<i64, i1>, !neura.data<i64, i1> -> !neura.data<i64, i1>
[HeuristicMapping] Trying candidate 1/5 at tile#6 @t=2
[tryRouteDataMove] Routing from Tile#6 @t=1 to Tile#6 @t=2
[tryRouteDataMove] Successfully routed on same tile using Register #192
[HeuristicMapping] Successfully mapped operation %20 = neura.phi_start %19, %18 : !neura.data<i64, i1>, !neura.data<i64, i1> -> !neura.data<i64, i1>
[HeuristicMapping] Found 42 candidate locations for operation: %29 = neura.phi_start %28, %27 : !neura.data<i64, i1>, !neura.data<i64, i1> -> !neura.data<i64, i1>
[HeuristicMapping] Trying candidate 1/5 at tile#9 @t=2
[tryRouteDataMove] Routing from Tile#9 @t=1 to Tile#9 @t=2
[tryRouteDataMove] Successfully routed on same tile using Register #288
[HeuristicMapping] Successfully mapped operation %29 = neura.phi_start %28, %27 : !neura.data<i64, i1>, !neura.data<i64, i1> -> !neura.data<i64, i1>
[HeuristicMapping] Found 28 candidate locations for operation: %2 = "neura.grant_once"(%1) : (!neura.data<i64, i1>) -> !neura.data<i64, i1>
[HeuristicMapping] Trying candidate 1/5 at tile#3 @t=2
[tryRouteDataMove] Routing from Tile#3 @t=1 to Tile#3 @t=2
[tryRouteDataMove] Successfully routed on same tile using Register #96
[HeuristicMapping] Successfully mapped operation %2 = "neura.grant_once"(%1) : (!neura.data<i64, i1>) -> !neura.data<i64, i1>
[HeuristicMapping] Found 56 candidate locations for operation: %9 = "neura.constant"() <{value = 3.000000e+00 : f32}> : () -> !neura.data<f32, i1>
[HeuristicMapping] Trying candidate 1/5 at tile#12 @t=2
[HeuristicMapping] Successfully mapped operation %9 = "neura.constant"() <{value = 3.000000e+00 : f32}> : () -> !neura.data<f32, i1>
[HeuristicMapping] Found 55 candidate locations for operation: %12 = "neura.constant"() <{value = 0.000000e+00 : f32}> : () -> !neura.data<f32, i1>
[HeuristicMapping] Trying candidate 1/5 at tile#0 @t=2
[HeuristicMapping] Successfully mapped operation %12 = "neura.constant"() <{value = 0.000000e+00 : f32}> : () -> !neura.data<f32, i1>
[HeuristicMapping] Found 25 candidate locations for operation: %17 = neura.phi_start %16, %15 : !neura.data<i64, i1>, !neura.data<i64, i1> -> !neura.data<i64, i1>
[HeuristicMapping] Trying candidate 1/5 at tile#7 @t=3
[tryRouteDataMove] Routing from Tile#3 @t=2 to Tile#7 @t=3
[HeuristicMapping] Successfully mapped operation %17 = neura.phi_start %16, %15 : !neura.data<i64, i1>, !neura.data<i64, i1> -> !neura.data<i64, i1>
[HeuristicMapping] Found 31 candidate locations for operation: %35 = "neura.add"(%33, %34) : (!neura.data<i64, i1>, !neura.data<i64, i1>) -> !neura.data<i64, i1>
[HeuristicMapping] Trying candidate 1/5 at tile#5 @t=3
[tryRouteDataMove] Routing from Tile#9 @t=2 to Tile#5 @t=3
[tryRouteDataMove] Routing from Tile#6 @t=2 to Tile#5 @t=3
[HeuristicMapping] Successfully mapped operation %35 = "neura.add"(%33, %34) : (!neura.data<i64, i1>, !neura.data<i64, i1>) -> !neura.data<i64, i1>
[HeuristicMapping] Found 26 candidate locations for operation: %11 = "neura.grant_once"(%10) : (!neura.data<f32, i1>) -> !neura.data<f32, i1>
[HeuristicMapping] Trying candidate 1/5 at tile#12 @t=3
[tryRouteDataMove] Routing from Tile#12 @t=2 to Tile#12 @t=3
[tryRouteDataMove] Successfully routed on same tile using Register #384
[HeuristicMapping] Successfully mapped operation %11 = "neura.grant_once"(%10) : (!neura.data<f32, i1>) -> !neura.data<f32, i1>
[HeuristicMapping] Found 24 candidate locations for operation: %14 = "neura.grant_once"(%13) : (!neura.data<f32, i1>) -> !neura.data<f32, i1>
[HeuristicMapping] Trying candidate 1/5 at tile#0 @t=3
[tryRouteDataMove] Routing from Tile#0 @t=2 to Tile#0 @t=3
[tryRouteDataMove] Successfully routed on same tile using Register #0
[HeuristicMapping] Successfully mapped operation %14 = "neura.grant_once"(%13) : (!neura.data<f32, i1>) -> !neura.data<f32, i1>
[HeuristicMapping] Found 24 candidate locations for operation: %38 = "neura.icmp"(%36, %37) <{cmpType = "slt"}> : (!neura.data<i64, i1>, !neura.data<i64, i1>) -> !neura.data<i1, i1>
[HeuristicMapping] Trying candidate 1/5 at tile#5 @t=5
[tryRouteDataMove] Routing from Tile#5 @t=3 to Tile#5 @t=5
[tryRouteDataMove] Successfully routed on same tile using Register #160
[tryRouteDataMove] Routing from Tile#7 @t=3 to Tile#5 @t=5
[HeuristicMapping] Successfully mapped operation %38 = "neura.icmp"(%36, %37) <{cmpType = "slt"}> : (!neura.data<i64, i1>, !neura.data<i64, i1>) -> !neura.data<i1, i1>
[HeuristicMapping] Found 25 candidate locations for operation: %23 = neura.phi_start %22, %21 : !neura.data<f32, i1>, !neura.data<f32, i1> -> !neura.data<f32, i1>
[HeuristicMapping] Trying candidate 1/5 at tile#13 @t=4
[tryRouteDataMove] Routing from Tile#12 @t=3 to Tile#13 @t=4
[HeuristicMapping] Successfully mapped operation %23 = neura.phi_start %22, %21 : !neura.data<f32, i1>, !neura.data<f32, i1> -> !neura.data<f32, i1>
[HeuristicMapping] Found 22 candidate locations for operation: %26 = neura.phi_start %25, %24 : !neura.data<f32, i1>, !neura.data<f32, i1> -> !neura.data<f32, i1>
[HeuristicMapping] Trying candidate 1/5 at tile#0 @t=4
[tryRouteDataMove] Routing from Tile#0 @t=3 to Tile#0 @t=4
[tryRouteDataMove] Successfully routed on same tile using Register #0
[HeuristicMapping] Successfully mapped operation %26 = neura.phi_start %25, %24 : !neura.data<f32, i1>, !neura.data<f32, i1> -> !neura.data<f32, i1>
[HeuristicMapping] Found 15 candidate locations for operation: %32 = "neura.fadd"(%30, %31) : (!neura.data<f32, i1>, !neura.data<f32, i1>) -> !neura.data<f32, i1>
[HeuristicMapping] Trying candidate 1/5 at tile#8 @t=6
[tryRouteDataMove] Routing from Tile#0 @t=4 to Tile#8 @t=6
[tryRouteDataMove] Routing from Tile#13 @t=4 to Tile#8 @t=6
[HeuristicMapping] Successfully mapped operation %32 = "neura.fadd"(%30, %31) : (!neura.data<f32, i1>, !neura.data<f32, i1>) -> !neura.data<f32, i1>
[HeuristicMapping] No candidate locations found for operation: %53 = neura.grant_predicate %51, %52 : !neura.data<i64, i1>, !neura.data<i1, i1> -> !neura.data<i64, i1>
[HeuristicMapping] Backtracking to operation 17(depth = 1)
[HeuristicMapping] Found 15 candidate locations for operation: %32 = "neura.fadd"(%30, %31) : (!neura.data<f32, i1>, !neura.data<f32, i1>) -> !neura.data<f32, i1>
[HeuristicMapping] Trying candidate 2/5 at tile#9 @t=7
[tryRouteDataMove] Routing from Tile#0 @t=4 to Tile#9 @t=7
[tryRouteDataMove] Routing from Tile#13 @t=4 to Tile#9 @t=7
[HeuristicMapping] Successfully mapped operation %32 = "neura.fadd"(%30, %31) : (!neura.data<f32, i1>, !neura.data<f32, i1>) -> !neura.data<f32, i1>
[HeuristicMapping] No candidate locations found for operation: %53 = neura.grant_predicate %51, %52 : !neura.data<i64, i1>, !neura.data<i1, i1> -> !neura.data<i64, i1>
[HeuristicMapping] Backtracking to operation 17(depth = 1)
[HeuristicMapping] Found 15 candidate locations for operation: %32 = "neura.fadd"(%30, %31) : (!neura.data<f32, i1>, !neura.data<f32, i1>) -> !neura.data<f32, i1>
[HeuristicMapping] Trying candidate 3/5 at tile#1 @t=7
[tryRouteDataMove] Routing from Tile#0 @t=4 to Tile#1 @t=7
[tryRouteDataMove] Routing from Tile#13 @t=4 to Tile#1 @t=7
[HeuristicMapping] Successfully mapped operation %32 = "neura.fadd"(%30, %31) : (!neura.data<f32, i1>, !neura.data<f32, i1>) -> !neura.data<f32, i1>
[HeuristicMapping] No candidate locations found for operation: %53 = neura.grant_predicate %51, %52 : !neura.data<i64, i1>, !neura.data<i1, i1> -> !neura.data<i64, i1>
[HeuristicMapping] Backtracking to operation 17(depth = 1)
[HeuristicMapping] Found 15 candidate locations for operation: %32 = "neura.fadd"(%30, %31) : (!neura.data<f32, i1>, !neura.data<f32, i1>) -> !neura.data<f32, i1>
[HeuristicMapping] Trying candidate 4/5 at tile#4 @t=7
[tryRouteDataMove] Routing from Tile#0 @t=4 to Tile#4 @t=7
[tryRouteDataMove] Routing from Tile#13 @t=4 to Tile#4 @t=7
[HeuristicMapping] Successfully mapped operation %32 = "neura.fadd"(%30, %31) : (!neura.data<f32, i1>, !neura.data<f32, i1>) -> !neura.data<f32, i1>
[HeuristicMapping] No candidate locations found for operation: %53 = neura.grant_predicate %51, %52 : !neura.data<i64, i1>, !neura.data<i1, i1> -> !neura.data<i64, i1>
[HeuristicMapping] Backtracking to operation 17(depth = 1)
[HeuristicMapping] Found 15 candidate locations for operation: %32 = "neura.fadd"(%30, %31) : (!neura.data<f32, i1>, !neura.data<f32, i1>) -> !neura.data<f32, i1>
[HeuristicMapping] Trying candidate 5/5 at tile#8 @t=7
[tryRouteDataMove] Routing from Tile#0 @t=4 to Tile#8 @t=7
[tryRouteDataMove] Routing from Tile#13 @t=4 to Tile#8 @t=7
[HeuristicMapping] Successfully mapped operation %32 = "neura.fadd"(%30, %31) : (!neura.data<f32, i1>, !neura.data<f32, i1>) -> !neura.data<f32, i1>
[HeuristicMapping] No candidate locations found for operation: %53 = neura.grant_predicate %51, %52 : !neura.data<i64, i1>, !neura.data<i1, i1> -> !neura.data<i64, i1>
[HeuristicMapping] Backtracking to operation 17(depth = 1)
[HeuristicMapping] Found 15 candidate locations for operation: %32 = "neura.fadd"(%30, %31) : (!neura.data<f32, i1>, !neura.data<f32, i1>) -> !neura.data<f32, i1>
[HeuristicMapping] All 5 locations for 17 tried, backtracking...
[HeuristicMapping] Backtracking to operation 16 (depth = 2).
[HeuristicMapping] Found 22 candidate locations for operation: %26 = neura.phi_start %25, %24 : !neura.data<f32, i1>, !neura.data<f32, i1> -> !neura.data<f32, i1>
[HeuristicMapping] Trying candidate 2/5 at tile#1 @t=4
[tryRouteDataMove] Routing from Tile#0 @t=3 to Tile#1 @t=4
[HeuristicMapping] Successfully mapped operation %26 = neura.phi_start %25, %24 : !neura.data<f32, i1>, !neura.data<f32, i1> -> !neura.data<f32, i1>
[HeuristicMapping] Found 18 candidate locations for operation: %32 = "neura.fadd"(%30, %31) : (!neura.data<f32, i1>, !neura.data<f32, i1>) -> !neura.data<f32, i1>
[HeuristicMapping] Trying candidate 1/5 at tile#9 @t=7
[tryRouteDataMove] Routing from Tile#1 @t=4 to Tile#9 @t=7
[tryRouteDataMove] Routing from Tile#13 @t=4 to Tile#9 @t=7
[HeuristicMapping] Successfully mapped operation %32 = "neura.fadd"(%30, %31) : (!neura.data<f32, i1>, !neura.data<f32, i1>) -> !neura.data<f32, i1>
[HeuristicMapping] No candidate locations found for operation: %53 = neura.grant_predicate %51, %52 : !neura.data<i64, i1>, !neura.data<i1, i1> -> !neura.data<i64, i1>
[HeuristicMapping] Backtracking to operation 17(depth = 1)
[HeuristicMapping] Found 18 candidate locations for operation: %32 = "neura.fadd"(%30, %31) : (!neura.data<f32, i1>, !neura.data<f32, i1>) -> !neura.data<f32, i1>
[HeuristicMapping] Trying candidate 2/5 at tile#5 @t=8
[tryRouteDataMove] Routing from Tile#1 @t=4 to Tile#5 @t=8
[tryRouteDataMove] Routing from Tile#13 @t=4 to Tile#5 @t=8
[HeuristicMapping] Successfully mapped operation %32 = "neura.fadd"(%30, %31) : (!neura.data<f32, i1>, !neura.data<f32, i1>) -> !neura.data<f32, i1>
[HeuristicMapping] No candidate locations found for operation: %53 = neura.grant_predicate %51, %52 : !neura.data<i64, i1>, !neura.data<i1, i1> -> !neura.data<i64, i1>
[HeuristicMapping] Backtracking to operation 17(depth = 1)
[HeuristicMapping] Found 18 candidate locations for operation: %32 = "neura.fadd"(%30, %31) : (!neura.data<f32, i1>, !neura.data<f32, i1>) -> !neura.data<f32, i1>
[HeuristicMapping] Trying candidate 3/5 at tile#5 @t=6
[tryRouteDataMove] Routing from Tile#1 @t=4 to Tile#5 @t=6
[tryRouteDataMove] Routing from Tile#13 @t=4 to Tile#5 @t=6
[HeuristicMapping] Successfully mapped operation %32 = "neura.fadd"(%30, %31) : (!neura.data<f32, i1>, !neura.data<f32, i1>) -> !neura.data<f32, i1>
[HeuristicMapping] No candidate locations found for operation: %53 = neura.grant_predicate %51, %52 : !neura.data<i64, i1>, !neura.data<i1, i1> -> !neura.data<i64, i1>
[HeuristicMapping] Backtracking to operation 17(depth = 1)
[HeuristicMapping] Found 18 candidate locations for operation: %32 = "neura.fadd"(%30, %31) : (!neura.data<f32, i1>, !neura.data<f32, i1>) -> !neura.data<f32, i1>
[HeuristicMapping] Trying candidate 4/5 at tile#1 @t=7
[tryRouteDataMove] Routing from Tile#1 @t=4 to Tile#1 @t=7
[tryRouteDataMove] Successfully routed on same tile using Register #32
[tryRouteDataMove] Routing from Tile#13 @t=4 to Tile#1 @t=7
[HeuristicMapping] Successfully mapped operation %32 = "neura.fadd"(%30, %31) : (!neura.data<f32, i1>, !neura.data<f32, i1>) -> !neura.data<f32, i1>
[HeuristicMapping] No candidate locations found for operation: %53 = neura.grant_predicate %51, %52 : !neura.data<i64, i1>, !neura.data<i1, i1> -> !neura.data<i64, i1>
[HeuristicMapping] Backtracking to operation 17(depth = 1)
[HeuristicMapping] Found 18 candidate locations for operation: %32 = "neura.fadd"(%30, %31) : (!neura.data<f32, i1>, !neura.data<f32, i1>) -> !neura.data<f32, i1>
[HeuristicMapping] Trying candidate 5/5 at tile#13 @t=7
[tryRouteDataMove] Routing from Tile#1 @t=4 to Tile#13 @t=7
[tryRouteDataMove] Routing from Tile#13 @t=4 to Tile#13 @t=7
[tryRouteDataMove] Successfully routed on same tile using Register #416
[HeuristicMapping] Successfully mapped operation %32 = "neura.fadd"(%30, %31) : (!neura.data<f32, i1>, !neura.data<f32, i1>) -> !neura.data<f32, i1>
[HeuristicMapping] No candidate locations found for operation: %53 = neura.grant_predicate %51, %52 : !neura.data<i64, i1>, !neura.data<i1, i1> -> !neura.data<i64, i1>
[HeuristicMapping] Backtracking to operation 17(depth = 1)
[HeuristicMapping] Found 18 candidate locations for operation: %32 = "neura.fadd"(%30, %31) : (!neura.data<f32, i1>, !neura.data<f32, i1>) -> !neura.data<f32, i1>
[HeuristicMapping] All 5 locations for 17 tried, backtracking...
[HeuristicMapping] Backtracking to operation 16 (depth = 2).
[HeuristicMapping] Found 22 candidate locations for operation: %26 = neura.phi_start %25, %24 : !neura.data<f32, i1>, !neura.data<f32, i1> -> !neura.data<f32, i1>
[HeuristicMapping] Trying candidate 3/5 at tile#4 @t=4
[tryRouteDataMove] Routing from Tile#0 @t=3 to Tile#4 @t=4
[HeuristicMapping] Successfully mapped operation %26 = neura.phi_start %25, %24 : !neura.data<f32, i1>, !neura.data<f32, i1> -> !neura.data<f32, i1>
[HeuristicMapping] Found 19 candidate locations for operation: %32 = "neura.fadd"(%30, %31) : (!neura.data<f32, i1>, !neura.data<f32, i1>) -> !neura.data<f32, i1>
[HeuristicMapping] Trying candidate 1/5 at tile#8 @t=6
[tryRouteDataMove] Routing from Tile#4 @t=4 to Tile#8 @t=6
[tryRouteDataMove] Routing from Tile#13 @t=4 to Tile#8 @t=6
[HeuristicMapping] Successfully mapped operation %32 = "neura.fadd"(%30, %31) : (!neura.data<f32, i1>, !neura.data<f32, i1>) -> !neura.data<f32, i1>
[HeuristicMapping] No candidate locations found for operation: %53 = neura.grant_predicate %51, %52 : !neura.data<i64, i1>, !neura.data<i1, i1> -> !neura.data<i64, i1>
[HeuristicMapping] Backtracking to operation 17(depth = 1)
[HeuristicMapping] Found 19 candidate locations for operation: %32 = "neura.fadd"(%30, %31) : (!neura.data<f32, i1>, !neura.data<f32, i1>) -> !neura.data<f32, i1>
[HeuristicMapping] Trying candidate 2/5 at tile#9 @t=7
[tryRouteDataMove] Routing from Tile#4 @t=4 to Tile#9 @t=7
[tryRouteDataMove] Routing from Tile#13 @t=4 to Tile#9 @t=7
[HeuristicMapping] Successfully mapped operation %32 = "neura.fadd"(%30, %31) : (!neura.data<f32, i1>, !neura.data<f32, i1>) -> !neura.data<f32, i1>
[HeuristicMapping] No candidate locations found for operation: %53 = neura.grant_predicate %51, %52 : !neura.data<i64, i1>, !neura.data<i1, i1> -> !neura.data<i64, i1>
[HeuristicMapping] Backtracking to operation 17(depth = 1)
[HeuristicMapping] Found 19 candidate locations for operation: %32 = "neura.fadd"(%30, %31) : (!neura.data<f32, i1>, !neura.data<f32, i1>) -> !neura.data<f32, i1>
[HeuristicMapping] Trying candidate 3/5 at tile#8 @t=7
[tryRouteDataMove] Routing from Tile#4 @t=4 to Tile#8 @t=7
[tryRouteDataMove] Routing from Tile#13 @t=4 to Tile#8 @t=7
[HeuristicMapping] Successfully mapped operation %32 = "neura.fadd"(%30, %31) : (!neura.data<f32, i1>, !neura.data<f32, i1>) -> !neura.data<f32, i1>
[HeuristicMapping] No candidate locations found for operation: %53 = neura.grant_predicate %51, %52 : !neura.data<i64, i1>, !neura.data<i1, i1> -> !neura.data<i64, i1>
[HeuristicMapping] Backtracking to operation 17(depth = 1)
[HeuristicMapping] Found 19 candidate locations for operation: %32 = "neura.fadd"(%30, %31) : (!neura.data<f32, i1>, !neura.data<f32, i1>) -> !neura.data<f32, i1>
[HeuristicMapping] Trying candidate 4/5 at tile#5 @t=8
[tryRouteDataMove] Routing from Tile#4 @t=4 to Tile#5 @t=8
[tryRouteDataMove] Routing from Tile#13 @t=4 to Tile#5 @t=8
[HeuristicMapping] Successfully mapped operation %32 = "neura.fadd"(%30, %31) : (!neura.data<f32, i1>, !neura.data<f32, i1>) -> !neura.data<f32, i1>
[HeuristicMapping] No candidate locations found for operation: %53 = neura.grant_predicate %51, %52 : !neura.data<i64, i1>, !neura.data<i1, i1> -> !neura.data<i64, i1>
[HeuristicMapping] Backtracking to operation 17(depth = 1)
[HeuristicMapping] Found 19 candidate locations for operation: %32 = "neura.fadd"(%30, %31) : (!neura.data<f32, i1>, !neura.data<f32, i1>) -> !neura.data<f32, i1>
[HeuristicMapping] Trying candidate 5/5 at tile#5 @t=6
[tryRouteDataMove] Routing from Tile#4 @t=4 to Tile#5 @t=6
[tryRouteDataMove] Routing from Tile#13 @t=4 to Tile#5 @t=6
[HeuristicMapping] Successfully mapped operation %32 = "neura.fadd"(%30, %31) : (!neura.data<f32, i1>, !neura.data<f32, i1>) -> !neura.data<f32, i1>
[HeuristicMapping] No candidate locations found for operation: %53 = neura.grant_predicate %51, %52 : !neura.data<i64, i1>, !neura.data<i1, i1> -> !neura.data<i64, i1>
[HeuristicMapping] Backtracking to operation 17(depth = 1)
[HeuristicMapping] Found 19 candidate locations for operation: %32 = "neura.fadd"(%30, %31) : (!neura.data<f32, i1>, !neura.data<f32, i1>) -> !neura.data<f32, i1>
[HeuristicMapping] All 5 locations for 17 tried, backtracking...
[HeuristicMapping] Backtracking to operation 16 (depth = 2).
[HeuristicMapping] Found 22 candidate locations for operation: %26 = neura.phi_start %25, %24 : !neura.data<f32, i1>, !neura.data<f32, i1> -> !neura.data<f32, i1>
[HeuristicMapping] Trying candidate 4/5 at tile#0 @t=5
[tryRouteDataMove] Routing from Tile#0 @t=3 to Tile#0 @t=5
[tryRouteDataMove] Successfully routed on same tile using Register #0
[HeuristicMapping] Successfully mapped operation %26 = neura.phi_start %25, %24 : !neura.data<f32, i1>, !neura.data<f32, i1> -> !neura.data<f32, i1>
[HeuristicMapping] Found 18 candidate locations for operation: %32 = "neura.fadd"(%30, %31) : (!neura.data<f32, i1>, !neura.data<f32, i1>) -> !neura.data<f32, i1>
[HeuristicMapping] Trying candidate 1/5 at tile#1 @t=7
[tryRouteDataMove] Routing from Tile#0 @t=5 to Tile#1 @t=7
[tryRouteDataMove] Routing from Tile#13 @t=4 to Tile#1 @t=7
[HeuristicMapping] Successfully mapped operation %32 = "neura.fadd"(%30, %31) : (!neura.data<f32, i1>, !neura.data<f32, i1>) -> !neura.data<f32, i1>
[HeuristicMapping] No candidate locations found for operation: %53 = neura.grant_predicate %51, %52 : !neura.data<i64, i1>, !neura.data<i1, i1> -> !neura.data<i64, i1>
[HeuristicMapping] Backtracking to operation 17(depth = 1)
[HeuristicMapping] Found 18 candidate locations for operation: %32 = "neura.fadd"(%30, %31) : (!neura.data<f32, i1>, !neura.data<f32, i1>) -> !neura.data<f32, i1>
[HeuristicMapping] Trying candidate 2/5 at tile#8 @t=7
[tryRouteDataMove] Routing from Tile#0 @t=5 to Tile#8 @t=7
[tryRouteDataMove] Routing from Tile#13 @t=4 to Tile#8 @t=7
[HeuristicMapping] Successfully mapped operation %32 = "neura.fadd"(%30, %31) : (!neura.data<f32, i1>, !neura.data<f32, i1>) -> !neura.data<f32, i1>
[HeuristicMapping] No candidate locations found for operation: %53 = neura.grant_predicate %51, %52 : !neura.data<i64, i1>, !neura.data<i1, i1> -> !neura.data<i64, i1>
[HeuristicMapping] Backtracking to operation 17(depth = 1)
[HeuristicMapping] Found 18 candidate locations for operation: %32 = "neura.fadd"(%30, %31) : (!neura.data<f32, i1>, !neura.data<f32, i1>) -> !neura.data<f32, i1>
[HeuristicMapping] Trying candidate 3/5 at tile#4 @t=7
[tryRouteDataMove] Routing from Tile#0 @t=5 to Tile#4 @t=7
[tryRouteDataMove] Routing from Tile#13 @t=4 to Tile#4 @t=7
[HeuristicMapping] Successfully mapped operation %32 = "neura.fadd"(%30, %31) : (!neura.data<f32, i1>, !neura.data<f32, i1>) -> !neura.data<f32, i1>
[HeuristicMapping] No candidate locations found for operation: %53 = neura.grant_predicate %51, %52 : !neura.data<i64, i1>, !neura.data<i1, i1> -> !neura.data<i64, i1>
[HeuristicMapping] Backtracking to operation 17(depth = 1)
[HeuristicMapping] Found 18 candidate locations for operation: %32 = "neura.fadd"(%30, %31) : (!neura.data<f32, i1>, !neura.data<f32, i1>) -> !neura.data<f32, i1>
[HeuristicMapping] Trying candidate 4/5 at tile#5 @t=8
[tryRouteDataMove] Routing from Tile#0 @t=5 to Tile#5 @t=8
[tryRouteDataMove] Routing from Tile#13 @t=4 to Tile#5 @t=8
[HeuristicMapping] Successfully mapped operation %32 = "neura.fadd"(%30, %31) : (!neura.data<f32, i1>, !neura.data<f32, i1>) -> !neura.data<f32, i1>
[HeuristicMapping] No candidate locations found for operation: %53 = neura.grant_predicate %51, %52 : !neura.data<i64, i1>, !neura.data<i1, i1> -> !neura.data<i64, i1>
[HeuristicMapping] Backtracking to operation 17(depth = 1)
[HeuristicMapping] Found 18 candidate locations for operation: %32 = "neura.fadd"(%30, %31) : (!neura.data<f32, i1>, !neura.data<f32, i1>) -> !neura.data<f32, i1>
[HeuristicMapping] Trying candidate 5/5 at tile#4 @t=8
[tryRouteDataMove] Routing from Tile#0 @t=5 to Tile#4 @t=8
[tryRouteDataMove] Routing from Tile#13 @t=4 to Tile#4 @t=8
[HeuristicMapping] Successfully mapped operation %32 = "neura.fadd"(%30, %31) : (!neura.data<f32, i1>, !neura.data<f32, i1>) -> !neura.data<f32, i1>
[HeuristicMapping] No candidate locations found for operation: %53 = neura.grant_predicate %51, %52 : !neura.data<i64, i1>, !neura.data<i1, i1> -> !neura.data<i64, i1>
[HeuristicMapping] Backtracking to operation 17(depth = 1)
[HeuristicMapping] Found 18 candidate locations for operation: %32 = "neura.fadd"(%30, %31) : (!neura.data<f32, i1>, !neura.data<f32, i1>) -> !neura.data<f32, i1>
[HeuristicMapping] All 5 locations for 17 tried, backtracking...
[HeuristicMapping] Backtracking to operation 16 (depth = 2).
[HeuristicMapping] Found 22 candidate locations for operation: %26 = neura.phi_start %25, %24 : !neura.data<f32, i1>, !neura.data<f32, i1> -> !neura.data<f32, i1>
[HeuristicMapping] Trying candidate 5/5 at tile#4 @t=5
[tryRouteDataMove] Routing from Tile#0 @t=3 to Tile#4 @t=5
[HeuristicMapping] Successfully mapped operation %26 = neura.phi_start %25, %24 : !neura.data<f32, i1>, !neura.data<f32, i1> -> !neura.data<f32, i1>
[HeuristicMapping] Found 26 candidate locations for operation: %32 = "neura.fadd"(%30, %31) : (!neura.data<f32, i1>, !neura.data<f32, i1>) -> !neura.data<f32, i1>
[HeuristicMapping] Trying candidate 1/5 at tile#8 @t=6
[tryRouteDataMove] Routing from Tile#4 @t=5 to Tile#8 @t=6
[tryRouteDataMove] Routing from Tile#13 @t=4 to Tile#8 @t=6
[HeuristicMapping] Successfully mapped operation %32 = "neura.fadd"(%30, %31) : (!neura.data<f32, i1>, !neura.data<f32, i1>) -> !neura.data<f32, i1>
[HeuristicMapping] No candidate locations found for operation: %53 = neura.grant_predicate %51, %52 : !neura.data<i64, i1>, !neura.data<i1, i1> -> !neura.data<i64, i1>
[HeuristicMapping] Backtracking to operation 17(depth = 1)
[HeuristicMapping] Found 26 candidate locations for operation: %32 = "neura.fadd"(%30, %31) : (!neura.data<f32, i1>, !neura.data<f32, i1>) -> !neura.data<f32, i1>
[HeuristicMapping] Trying candidate 2/5 at tile#9 @t=7
[tryRouteDataMove] Routing from Tile#4 @t=5 to Tile#9 @t=7
[tryRouteDataMove] Routing from Tile#13 @t=4 to Tile#9 @t=7
[HeuristicMapping] Successfully mapped operation %32 = "neura.fadd"(%30, %31) : (!neura.data<f32, i1>, !neura.data<f32, i1>) -> !neura.data<f32, i1>
[HeuristicMapping] No candidate locations found for operation: %53 = neura.grant_predicate %51, %52 : !neura.data<i64, i1>, !neura.data<i1, i1> -> !neura.data<i64, i1>
[HeuristicMapping] Backtracking to operation 17(depth = 1)
[HeuristicMapping] Found 26 candidate locations for operation: %32 = "neura.fadd"(%30, %31) : (!neura.data<f32, i1>, !neura.data<f32, i1>) -> !neura.data<f32, i1>
[HeuristicMapping] Trying candidate 3/5 at tile#8 @t=7
[tryRouteDataMove] Routing from Tile#4 @t=5 to Tile#8 @t=7
[tryRouteDataMove] Routing from Tile#13 @t=4 to Tile#8 @t=7
[HeuristicMapping] Successfully mapped operation %32 = "neura.fadd"(%30, %31) : (!neura.data<f32, i1>, !neura.data<f32, i1>) -> !neura.data<f32, i1>
[HeuristicMapping] No candidate locations found for operation: %53 = neura.grant_predicate %51, %52 : !neura.data<i64, i1>, !neura.data<i1, i1> -> !neura.data<i64, i1>
[HeuristicMapping] Backtracking to operation 17(depth = 1)
[HeuristicMapping] Found 26 candidate locations for operation: %32 = "neura.fadd"(%30, %31) : (!neura.data<f32, i1>, !neura.data<f32, i1>) -> !neura.data<f32, i1>
[HeuristicMapping] Trying candidate 4/5 at tile#5 @t=8
[tryRouteDataMove] Routing from Tile#4 @t=5 to Tile#5 @t=8
[tryRouteDataMove] Routing from Tile#13 @t=4 to Tile#5 @t=8
[HeuristicMapping] Successfully mapped operation %32 = "neura.fadd"(%30, %31) : (!neura.data<f32, i1>, !neura.data<f32, i1>) -> !neura.data<f32, i1>
[HeuristicMapping] No candidate locations found for operation: %53 = neura.grant_predicate %51, %52 : !neura.data<i64, i1>, !neura.data<i1, i1> -> !neura.data<i64, i1>
[HeuristicMapping] Backtracking to operation 17(depth = 1)
[HeuristicMapping] Found 26 candidate locations for operation: %32 = "neura.fadd"(%30, %31) : (!neura.data<f32, i1>, !neura.data<f32, i1>) -> !neura.data<f32, i1>
[HeuristicMapping] Trying candidate 5/5 at tile#5 @t=6
[tryRouteDataMove] Routing from Tile#4 @t=5 to Tile#5 @t=6
[tryRouteDataMove] Routing from Tile#13 @t=4 to Tile#5 @t=6
[HeuristicMapping] Successfully mapped operation %32 = "neura.fadd"(%30, %31) : (!neura.data<f32, i1>, !neura.data<f32, i1>) -> !neura.data<f32, i1>
[HeuristicMapping] No candidate locations found for operation: %53 = neura.grant_predicate %51, %52 : !neura.data<i64, i1>, !neura.data<i1, i1> -> !neura.data<i64, i1>
[HeuristicMapping] Backtracking to operation 17(depth = 1)
[HeuristicMapping] Found 26 candidate locations for operation: %32 = "neura.fadd"(%30, %31) : (!neura.data<f32, i1>, !neura.data<f32, i1>) -> !neura.data<f32, i1>
[HeuristicMapping] All 5 locations for 17 tried, backtracking...
[HeuristicMapping] Backtracking to operation 16 (depth = 2).
[HeuristicMapping] Found 22 candidate locations for operation: %26 = neura.phi_start %25, %24 : !neura.data<f32, i1>, !neura.data<f32, i1> -> !neura.data<f32, i1>
[HeuristicMapping] All 5 locations for 16 tried, backtracking...
[HeuristicMapping] Backtracking to operation 15 (depth = 3).
[HeuristicMapping] Found 25 candidate locations for operation: %23 = neura.phi_start %22, %21 : !neura.data<f32, i1>, !neura.data<f32, i1> -> !neura.data<f32, i1>
[HeuristicMapping] Trying candidate 2/5 at tile#12 @t=4
[tryRouteDataMove] Routing from Tile#12 @t=3 to Tile#12 @t=4
[tryRouteDataMove] Successfully routed on same tile using Register #384
[HeuristicMapping] Successfully mapped operation %23 = neura.phi_start %22, %21 : !neura.data<f32, i1>, !neura.data<f32, i1> -> !neura.data<f32, i1>
[HeuristicMapping] Found 22 candidate locations for operation: %26 = neura.phi_start %25, %24 : !neura.data<f32, i1>, !neura.data<f32, i1> -> !neura.data<f32, i1>
[HeuristicMapping] Trying candidate 1/5 at tile#0 @t=4
[tryRouteDataMove] Routing from Tile#0 @t=3 to Tile#0 @t=4
[tryRouteDataMove] Successfully routed on same tile using Register #0
[HeuristicMapping] Successfully mapped operation %26 = neura.phi_start %25, %24 : !neura.data<f32, i1>, !neura.data<f32, i1> -> !neura.data<f32, i1>
[HeuristicMapping] Found 11 candidate locations for operation: %32 = "neura.fadd"(%30, %31) : (!neura.data<f32, i1>, !neura.data<f32, i1>) -> !neura.data<f32, i1>
[HeuristicMapping] Trying candidate 1/5 at tile#4 @t=6
[tryRouteDataMove] Routing from Tile#0 @t=4 to Tile#4 @t=6
[tryRouteDataMove] Routing from Tile#12 @t=4 to Tile#4 @t=6
[HeuristicMapping] Successfully mapped operation %32 = "neura.fadd"(%30, %31) : (!neura.data<f32, i1>, !neura.data<f32, i1>) -> !neura.data<f32, i1>
[HeuristicMapping] No candidate locations found for operation: %53 = neura.grant_predicate %51, %52 : !neura.data<i64, i1>, !neura.data<i1, i1> -> !neura.data<i64, i1>
[HeuristicMapping] Backtracking to operation 17(depth = 1)
[HeuristicMapping] Found 11 candidate locations for operation: %32 = "neura.fadd"(%30, %31) : (!neura.data<f32, i1>, !neura.data<f32, i1>) -> !neura.data<f32, i1>
[HeuristicMapping] Trying candidate 2/5 at tile#8 @t=6
[tryRouteDataMove] Routing from Tile#0 @t=4 to Tile#8 @t=6
[tryRouteDataMove] Routing from Tile#12 @t=4 to Tile#8 @t=6
[HeuristicMapping] Successfully mapped operation %32 = "neura.fadd"(%30, %31) : (!neura.data<f32, i1>, !neura.data<f32, i1>) -> !neura.data<f32, i1>
[HeuristicMapping] No candidate locations found for operation: %53 = neura.grant_predicate %51, %52 : !neura.data<i64, i1>, !neura.data<i1, i1> -> !neura.data<i64, i1>
[HeuristicMapping] Backtracking to operation 17(depth = 1)
[HeuristicMapping] Found 11 candidate locations for operation: %32 = "neura.fadd"(%30, %31) : (!neura.data<f32, i1>, !neura.data<f32, i1>) -> !neura.data<f32, i1>
[HeuristicMapping] Trying candidate 3/5 at tile#4 @t=7
[tryRouteDataMove] Routing from Tile#0 @t=4 to Tile#4 @t=7
[tryRouteDataMove] Routing from Tile#12 @t=4 to Tile#4 @t=7
[HeuristicMapping] Successfully mapped operation %32 = "neura.fadd"(%30, %31) : (!neura.data<f32, i1>, !neura.data<f32, i1>) -> !neura.data<f32, i1>
[HeuristicMapping] No candidate locations found for operation: %53 = neura.grant_predicate %51, %52 : !neura.data<i64, i1>, !neura.data<i1, i1> -> !neura.data<i64, i1>
[HeuristicMapping] Backtracking to operation 17(depth = 1)
[HeuristicMapping] Found 11 candidate locations for operation: %32 = "neura.fadd"(%30, %31) : (!neura.data<f32, i1>, !neura.data<f32, i1>) -> !neura.data<f32, i1>
[HeuristicMapping] Trying candidate 4/5 at tile#8 @t=7
[tryRouteDataMove] Routing from Tile#0 @t=4 to Tile#8 @t=7
[tryRouteDataMove] Routing from Tile#12 @t=4 to Tile#8 @t=7
[HeuristicMapping] Successfully mapped operation %32 = "neura.fadd"(%30, %31) : (!neura.data<f32, i1>, !neura.data<f32, i1>) -> !neura.data<f32, i1>
[HeuristicMapping] No candidate locations found for operation: %53 = neura.grant_predicate %51, %52 : !neura.data<i64, i1>, !neura.data<i1, i1> -> !neura.data<i64, i1>
[HeuristicMapping] Backtracking to operation 17(depth = 1)
[HeuristicMapping] Found 11 candidate locations for operation: %32 = "neura.fadd"(%30, %31) : (!neura.data<f32, i1>, !neura.data<f32, i1>) -> !neura.data<f32, i1>
[HeuristicMapping] Trying candidate 5/5 at tile#9 @t=7
[tryRouteDataMove] Routing from Tile#0 @t=4 to Tile#9 @t=7
[tryRouteDataMove] Routing from Tile#12 @t=4 to Tile#9 @t=7
[HeuristicMapping] Successfully mapped operation %32 = "neura.fadd"(%30, %31) : (!neura.data<f32, i1>, !neura.data<f32, i1>) -> !neura.data<f32, i1>
[HeuristicMapping] No candidate locations found for operation: %53 = neura.grant_predicate %51, %52 : !neura.data<i64, i1>, !neura.data<i1, i1> -> !neura.data<i64, i1>
[HeuristicMapping] Backtracking to operation 17(depth = 1)
[HeuristicMapping] Found 11 candidate locations for operation: %32 = "neura.fadd"(%30, %31) : (!neura.data<f32, i1>, !neura.data<f32, i1>) -> !neura.data<f32, i1>
[HeuristicMapping] All 5 locations for 17 tried, backtracking...
[HeuristicMapping] Backtracking to operation 16 (depth = 2).
[HeuristicMapping] Found 22 candidate locations for operation: %26 = neura.phi_start %25, %24 : !neura.data<f32, i1>, !neura.data<f32, i1> -> !neura.data<f32, i1>
[HeuristicMapping] Trying candidate 2/5 at tile#1 @t=4
[tryRouteDataMove] Routing from Tile#0 @t=3 to Tile#1 @t=4
[HeuristicMapping] Successfully mapped operation %26 = neura.phi_start %25, %24 : !neura.data<f32, i1>, !neura.data<f32, i1> -> !neura.data<f32, i1>
[HeuristicMapping] Found 14 candidate locations for operation: %32 = "neura.fadd"(%30, %31) : (!neura.data<f32, i1>, !neura.data<f32, i1>) -> !neura.data<f32, i1>
[HeuristicMapping] Trying candidate 1/5 at tile#4 @t=6
[tryRouteDataMove] Routing from Tile#1 @t=4 to Tile#4 @t=6
[tryRouteDataMove] Routing from Tile#12 @t=4 to Tile#4 @t=6
[HeuristicMapping] Successfully mapped operation %32 = "neura.fadd"(%30, %31) : (!neura.data<f32, i1>, !neura.data<f32, i1>) -> !neura.data<f32, i1>
[HeuristicMapping] No candidate locations found for operation: %53 = neura.grant_predicate %51, %52 : !neura.data<i64, i1>, !neura.data<i1, i1> -> !neura.data<i64, i1>
[HeuristicMapping] Backtracking to operation 17(depth = 1)
[HeuristicMapping] Found 14 candidate locations for operation: %32 = "neura.fadd"(%30, %31) : (!neura.data<f32, i1>, !neura.data<f32, i1>) -> !neura.data<f32, i1>
[HeuristicMapping] Trying candidate 2/5 at tile#9 @t=7
[tryRouteDataMove] Routing from Tile#1 @t=4 to Tile#9 @t=7
[tryRouteDataMove] Routing from Tile#12 @t=4 to Tile#9 @t=7
[HeuristicMapping] Successfully mapped operation %32 = "neura.fadd"(%30, %31) : (!neura.data<f32, i1>, !neura.data<f32, i1>) -> !neura.data<f32, i1>
[HeuristicMapping] No candidate locations found for operation: %53 = neura.grant_predicate %51, %52 : !neura.data<i64, i1>, !neura.data<i1, i1> -> !neura.data<i64, i1>
[HeuristicMapping] Backtracking to operation 17(depth = 1)
[HeuristicMapping] Found 14 candidate locations for operation: %32 = "neura.fadd"(%30, %31) : (!neura.data<f32, i1>, !neura.data<f32, i1>) -> !neura.data<f32, i1>
[HeuristicMapping] Trying candidate 3/5 at tile#4 @t=7
[tryRouteDataMove] Routing from Tile#1 @t=4 to Tile#4 @t=7
[tryRouteDataMove] Routing from Tile#12 @t=4 to Tile#4 @t=7
[HeuristicMapping] Successfully mapped operation %32 = "neura.fadd"(%30, %31) : (!neura.data<f32, i1>, !neura.data<f32, i1>) -> !neura.data<f32, i1>
[HeuristicMapping] No candidate locations found for operation: %53 = neura.grant_predicate %51, %52 : !neura.data<i64, i1>, !neura.data<i1, i1> -> !neura.data<i64, i1>
[HeuristicMapping] Backtracking to operation 17(depth = 1)
[HeuristicMapping] Found 14 candidate locations for operation: %32 = "neura.fadd"(%30, %31) : (!neura.data<f32, i1>, !neura.data<f32, i1>) -> !neura.data<f32, i1>
[HeuristicMapping] Trying candidate 4/5 at tile#8 @t=7
[tryRouteDataMove] Routing from Tile#1 @t=4 to Tile#8 @t=7
[tryRouteDataMove] Routing from Tile#12 @t=4 to Tile#8 @t=7
[HeuristicMapping] Successfully mapped operation %32 = "neura.fadd"(%30, %31) : (!neura.data<f32, i1>, !neura.data<f32, i1>) -> !neura.data<f32, i1>
[HeuristicMapping] No candidate locations found for operation: %53 = neura.grant_predicate %51, %52 : !neura.data<i64, i1>, !neura.data<i1, i1> -> !neura.data<i64, i1>
[HeuristicMapping] Backtracking to operation 17(depth = 1)
[HeuristicMapping] Found 14 candidate locations for operation: %32 = "neura.fadd"(%30, %31) : (!neura.data<f32, i1>, !neura.data<f32, i1>) -> !neura.data<f32, i1>
[HeuristicMapping] Trying candidate 5/5 at tile#13 @t=7
[tryRouteDataMove] Routing from Tile#1 @t=4 to Tile#13 @t=7
[tryRouteDataMove] Routing from Tile#12 @t=4 to Tile#13 @t=7
[HeuristicMapping] Successfully mapped operation %32 = "neura.fadd"(%30, %31) : (!neura.data<f32, i1>, !neura.data<f32, i1>) -> !neura.data<f32, i1>
[HeuristicMapping] No candidate locations found for operation: %53 = neura.grant_predicate %51, %52 : !neura.data<i64, i1>, !neura.data<i1, i1> -> !neura.data<i64, i1>
[HeuristicMapping] Backtracking to operation 17(depth = 1)
[HeuristicMapping] Found 14 candidate locations for operation: %32 = "neura.fadd"(%30, %31) : (!neura.data<f32, i1>, !neura.data<f32, i1>) -> !neura.data<f32, i1>
[HeuristicMapping] All 5 locations for 17 tried, backtracking...
[HeuristicMapping] Backtracking to operation 16 (depth = 2).
[HeuristicMapping] Found 22 candidate locations for operation: %26 = neura.phi_start %25, %24 : !neura.data<f32, i1>, !neura.data<f32, i1> -> !neura.data<f32, i1>
[HeuristicMapping] Trying candidate 3/5 at tile#4 @t=4
[tryRouteDataMove] Routing from Tile#0 @t=3 to Tile#4 @t=4
[HeuristicMapping] Successfully mapped operation %26 = neura.phi_start %25, %24 : !neura.data<f32, i1>, !neura.data<f32, i1> -> !neura.data<f32, i1>
[HeuristicMapping] Found 16 candidate locations for operation: %32 = "neura.fadd"(%30, %31) : (!neura.data<f32, i1>, !neura.data<f32, i1>) -> !neura.data<f32, i1>
[HeuristicMapping] Trying candidate 1/5 at tile#8 @t=5
[tryRouteDataMove] Routing from Tile#4 @t=4 to Tile#8 @t=5
[tryRouteDataMove] Routing from Tile#12 @t=4 to Tile#8 @t=5
[HeuristicMapping] Successfully mapped operation %32 = "neura.fadd"(%30, %31) : (!neura.data<f32, i1>, !neura.data<f32, i1>) -> !neura.data<f32, i1>
[HeuristicMapping] No candidate locations found for operation: %53 = neura.grant_predicate %51, %52 : !neura.data<i64, i1>, !neura.data<i1, i1> -> !neura.data<i64, i1>
[HeuristicMapping] Backtracking to operation 17(depth = 1)
[HeuristicMapping] Found 16 candidate locations for operation: %32 = "neura.fadd"(%30, %31) : (!neura.data<f32, i1>, !neura.data<f32, i1>) -> !neura.data<f32, i1>
[HeuristicMapping] Trying candidate 2/5 at tile#4 @t=6
[tryRouteDataMove] Routing from Tile#4 @t=4 to Tile#4 @t=6
[tryRouteDataMove] Successfully routed on same tile using Register #128
[tryRouteDataMove] Routing from Tile#12 @t=4 to Tile#4 @t=6
[HeuristicMapping] Successfully mapped operation %32 = "neura.fadd"(%30, %31) : (!neura.data<f32, i1>, !neura.data<f32, i1>) -> !neura.data<f32, i1>
[HeuristicMapping] No candidate locations found for operation: %53 = neura.grant_predicate %51, %52 : !neura.data<i64, i1>, !neura.data<i1, i1> -> !neura.data<i64, i1>
[HeuristicMapping] Backtracking to operation 17(depth = 1)
[HeuristicMapping] Found 16 candidate locations for operation: %32 = "neura.fadd"(%30, %31) : (!neura.data<f32, i1>, !neura.data<f32, i1>) -> !neura.data<f32, i1>
[HeuristicMapping] Trying candidate 3/5 at tile#8 @t=6
[tryRouteDataMove] Routing from Tile#4 @t=4 to Tile#8 @t=6
[tryRouteDataMove] Routing from Tile#12 @t=4 to Tile#8 @t=6
[HeuristicMapping] Successfully mapped operation %32 = "neura.fadd"(%30, %31) : (!neura.data<f32, i1>, !neura.data<f32, i1>) -> !neura.data<f32, i1>
[HeuristicMapping] No candidate locations found for operation: %53 = neura.grant_predicate %51, %52 : !neura.data<i64, i1>, !neura.data<i1, i1> -> !neura.data<i64, i1>
[HeuristicMapping] Backtracking to operation 17(depth = 1)
[HeuristicMapping] Found 16 candidate locations for operation: %32 = "neura.fadd"(%30, %31) : (!neura.data<f32, i1>, !neura.data<f32, i1>) -> !neura.data<f32, i1>
[HeuristicMapping] Trying candidate 4/5 at tile#8 @t=7
[tryRouteDataMove] Routing from Tile#4 @t=4 to Tile#8 @t=7
[tryRouteDataMove] Routing from Tile#12 @t=4 to Tile#8 @t=7
[HeuristicMapping] Successfully mapped operation %32 = "neura.fadd"(%30, %31) : (!neura.data<f32, i1>, !neura.data<f32, i1>) -> !neura.data<f32, i1>
[HeuristicMapping] No candidate locations found for operation: %53 = neura.grant_predicate %51, %52 : !neura.data<i64, i1>, !neura.data<i1, i1> -> !neura.data<i64, i1>
[HeuristicMapping] Backtracking to operation 17(depth = 1)
[HeuristicMapping] Found 16 candidate locations for operation: %32 = "neura.fadd"(%30, %31) : (!neura.data<f32, i1>, !neura.data<f32, i1>) -> !neura.data<f32, i1>
[HeuristicMapping] Trying candidate 5/5 at tile#4 @t=7
[tryRouteDataMove] Routing from Tile#4 @t=4 to Tile#4 @t=7
[tryRouteDataMove] Successfully routed on same tile using Register #128
[tryRouteDataMove] Routing from Tile#12 @t=4 to Tile#4 @t=7
[HeuristicMapping] Successfully mapped operation %32 = "neura.fadd"(%30, %31) : (!neura.data<f32, i1>, !neura.data<f32, i1>) -> !neura.data<f32, i1>
[HeuristicMapping] No candidate locations found for operation: %53 = neura.grant_predicate %51, %52 : !neura.data<i64, i1>, !neura.data<i1, i1> -> !neura.data<i64, i1>
[HeuristicMapping] Backtracking to operation 17(depth = 1)
[HeuristicMapping] Found 16 candidate locations for operation: %32 = "neura.fadd"(%30, %31) : (!neura.data<f32, i1>, !neura.data<f32, i1>) -> !neura.data<f32, i1>
[HeuristicMapping] All 5 locations for 17 tried, backtracking...
[HeuristicMapping] Backtracking to operation 16 (depth = 2).
[HeuristicMapping] Found 22 candidate locations for operation: %26 = neura.phi_start %25, %24 : !neura.data<f32, i1>, !neura.data<f32, i1> -> !neura.data<f32, i1>
[HeuristicMapping] Trying candidate 4/5 at tile#0 @t=5
[tryRouteDataMove] Routing from Tile#0 @t=3 to Tile#0 @t=5
[tryRouteDataMove] Successfully routed on same tile using Register #0
[HeuristicMapping] Successfully mapped operation %26 = neura.phi_start %25, %24 : !neura.data<f32, i1>, !neura.data<f32, i1> -> !neura.data<f32, i1>
[HeuristicMapping] Found 16 candidate locations for operation: %32 = "neura.fadd"(%30, %31) : (!neura.data<f32, i1>, !neura.data<f32, i1>) -> !neura.data<f32, i1>
[HeuristicMapping] Trying candidate 1/5 at tile#4 @t=6
[tryRouteDataMove] Routing from Tile#0 @t=5 to Tile#4 @t=6
[tryRouteDataMove] Routing from Tile#12 @t=4 to Tile#4 @t=6
[HeuristicMapping] Successfully mapped operation %32 = "neura.fadd"(%30, %31) : (!neura.data<f32, i1>, !neura.data<f32, i1>) -> !neura.data<f32, i1>
[HeuristicMapping] No candidate locations found for operation: %53 = neura.grant_predicate %51, %52 : !neura.data<i64, i1>, !neura.data<i1, i1> -> !neura.data<i64, i1>
[HeuristicMapping] Backtracking to operation 17(depth = 1)
[HeuristicMapping] Found 16 candidate locations for operation: %32 = "neura.fadd"(%30, %31) : (!neura.data<f32, i1>, !neura.data<f32, i1>) -> !neura.data<f32, i1>
[HeuristicMapping] Trying candidate 2/5 at tile#4 @t=7
[tryRouteDataMove] Routing from Tile#0 @t=5 to Tile#4 @t=7
[tryRouteDataMove] Routing from Tile#12 @t=4 to Tile#4 @t=7
[HeuristicMapping] Successfully mapped operation %32 = "neura.fadd"(%30, %31) : (!neura.data<f32, i1>, !neura.data<f32, i1>) -> !neura.data<f32, i1>
[HeuristicMapping] No candidate locations found for operation: %53 = neura.grant_predicate %51, %52 : !neura.data<i64, i1>, !neura.data<i1, i1> -> !neura.data<i64, i1>
[HeuristicMapping] Backtracking to operation 17(depth = 1)
[HeuristicMapping] Found 16 candidate locations for operation: %32 = "neura.fadd"(%30, %31) : (!neura.data<f32, i1>, !neura.data<f32, i1>) -> !neura.data<f32, i1>
[HeuristicMapping] Trying candidate 3/5 at tile#8 @t=7
[tryRouteDataMove] Routing from Tile#0 @t=5 to Tile#8 @t=7
[tryRouteDataMove] Routing from Tile#12 @t=4 to Tile#8 @t=7
[HeuristicMapping] Successfully mapped operation %32 = "neura.fadd"(%30, %31) : (!neura.data<f32, i1>, !neura.data<f32, i1>) -> !neura.data<f32, i1>
[HeuristicMapping] No candidate locations found for operation: %53 = neura.grant_predicate %51, %52 : !neura.data<i64, i1>, !neura.data<i1, i1> -> !neura.data<i64, i1>
[HeuristicMapping] Backtracking to operation 17(depth = 1)
[HeuristicMapping] Found 16 candidate locations for operation: %32 = "neura.fadd"(%30, %31) : (!neura.data<f32, i1>, !neura.data<f32, i1>) -> !neura.data<f32, i1>
[HeuristicMapping] Trying candidate 4/5 at tile#4 @t=8
[tryRouteDataMove] Routing from Tile#0 @t=5 to Tile#4 @t=8
[tryRouteDataMove] Routing from Tile#12 @t=4 to Tile#4 @t=8
[HeuristicMapping] Successfully mapped operation %32 = "neura.fadd"(%30, %31) : (!neura.data<f32, i1>, !neura.data<f32, i1>) -> !neura.data<f32, i1>
[HeuristicMapping] No candidate locations found for operation: %53 = neura.grant_predicate %51, %52 : !neura.data<i64, i1>, !neura.data<i1, i1> -> !neura.data<i64, i1>
[HeuristicMapping] Backtracking to operation 17(depth = 1)
[HeuristicMapping] Found 16 candidate locations for operation: %32 = "neura.fadd"(%30, %31) : (!neura.data<f32, i1>, !neura.data<f32, i1>) -> !neura.data<f32, i1>
[HeuristicMapping] Trying candidate 5/5 at tile#8 @t=8
[tryRouteDataMove] Routing from Tile#0 @t=5 to Tile#8 @t=8
[tryRouteDataMove] Routing from Tile#12 @t=4 to Tile#8 @t=8
[HeuristicMapping] Successfully mapped operation %32 = "neura.fadd"(%30, %31) : (!neura.data<f32, i1>, !neura.data<f32, i1>) -> !neura.data<f32, i1>
[HeuristicMapping] No candidate locations found for operation: %53 = neura.grant_predicate %51, %52 : !neura.data<i64, i1>, !neura.data<i1, i1> -> !neura.data<i64, i1>
[HeuristicMapping] Backtracking to operation 17(depth = 1)
[HeuristicMapping] Found 16 candidate locations for operation: %32 = "neura.fadd"(%30, %31) : (!neura.data<f32, i1>, !neura.data<f32, i1>) -> !neura.data<f32, i1>
[HeuristicMapping] All 5 locations for 17 tried, backtracking...
[HeuristicMapping] Backtracking to operation 16 (depth = 2).
[HeuristicMapping] Found 22 candidate locations for operation: %26 = neura.phi_start %25, %24 : !neura.data<f32, i1>, !neura.data<f32, i1> -> !neura.data<f32, i1>
[HeuristicMapping] Trying candidate 5/5 at tile#4 @t=5
[tryRouteDataMove] Routing from Tile#0 @t=3 to Tile#4 @t=5
[HeuristicMapping] Successfully mapped operation %26 = neura.phi_start %25, %24 : !neura.data<f32, i1>, !neura.data<f32, i1> -> !neura.data<f32, i1>
[HeuristicMapping] Found 22 candidate locations for operation: %32 = "neura.fadd"(%30, %31) : (!neura.data<f32, i1>, !neura.data<f32, i1>) -> !neura.data<f32, i1>
[HeuristicMapping] Trying candidate 1/5 at tile#4 @t=6
[tryRouteDataMove] Routing from Tile#4 @t=5 to Tile#4 @t=6
[tryRouteDataMove] Successfully routed on same tile using Register #128
[tryRouteDataMove] Routing from Tile#12 @t=4 to Tile#4 @t=6
[HeuristicMapping] Successfully mapped operation %32 = "neura.fadd"(%30, %31) : (!neura.data<f32, i1>, !neura.data<f32, i1>) -> !neura.data<f32, i1>
[HeuristicMapping] No candidate locations found for operation: %53 = neura.grant_predicate %51, %52 : !neura.data<i64, i1>, !neura.data<i1, i1> -> !neura.data<i64, i1>
[HeuristicMapping] Backtracking to operation 17(depth = 1)
[HeuristicMapping] Found 22 candidate locations for operation: %32 = "neura.fadd"(%30, %31) : (!neura.data<f32, i1>, !neura.data<f32, i1>) -> !neura.data<f32, i1>
[HeuristicMapping] Trying candidate 2/5 at tile#8 @t=6
[tryRouteDataMove] Routing from Tile#4 @t=5 to Tile#8 @t=6
[tryRouteDataMove] Routing from Tile#12 @t=4 to Tile#8 @t=6
[HeuristicMapping] Successfully mapped operation %32 = "neura.fadd"(%30, %31) : (!neura.data<f32, i1>, !neura.data<f32, i1>) -> !neura.data<f32, i1>
[HeuristicMapping] No candidate locations found for operation: %53 = neura.grant_predicate %51, %52 : !neura.data<i64, i1>, !neura.data<i1, i1> -> !neura.data<i64, i1>
[HeuristicMapping] Backtracking to operation 17(depth = 1)
[HeuristicMapping] Found 22 candidate locations for operation: %32 = "neura.fadd"(%30, %31) : (!neura.data<f32, i1>, !neura.data<f32, i1>) -> !neura.data<f32, i1>
[HeuristicMapping] Trying candidate 3/5 at tile#8 @t=7
[tryRouteDataMove] Routing from Tile#4 @t=5 to Tile#8 @t=7
[tryRouteDataMove] Routing from Tile#12 @t=4 to Tile#8 @t=7
[HeuristicMapping] Successfully mapped operation %32 = "neura.fadd"(%30, %31) : (!neura.data<f32, i1>, !neura.data<f32, i1>) -> !neura.data<f32, i1>
[HeuristicMapping] No candidate locations found for operation: %53 = neura.grant_predicate %51, %52 : !neura.data<i64, i1>, !neura.data<i1, i1> -> !neura.data<i64, i1>
[HeuristicMapping] Backtracking to operation 17(depth = 1)
[HeuristicMapping] Found 22 candidate locations for operation: %32 = "neura.fadd"(%30, %31) : (!neura.data<f32, i1>, !neura.data<f32, i1>) -> !neura.data<f32, i1>
[HeuristicMapping] Trying candidate 4/5 at tile#4 @t=7
[tryRouteDataMove] Routing from Tile#4 @t=5 to Tile#4 @t=7
[tryRouteDataMove] Successfully routed on same tile using Register #128
[tryRouteDataMove] Routing from Tile#12 @t=4 to Tile#4 @t=7
[HeuristicMapping] Successfully mapped operation %32 = "neura.fadd"(%30, %31) : (!neura.data<f32, i1>, !neura.data<f32, i1>) -> !neura.data<f32, i1>
[HeuristicMapping] No candidate locations found for operation: %53 = neura.grant_predicate %51, %52 : !neura.data<i64, i1>, !neura.data<i1, i1> -> !neura.data<i64, i1>
[HeuristicMapping] Backtracking to operation 17(depth = 1)
[HeuristicMapping] Found 22 candidate locations for operation: %32 = "neura.fadd"(%30, %31) : (!neura.data<f32, i1>, !neura.data<f32, i1>) -> !neura.data<f32, i1>
[HeuristicMapping] Trying candidate 5/5 at tile#9 @t=7
[tryRouteDataMove] Routing from Tile#4 @t=5 to Tile#9 @t=7
[tryRouteDataMove] Routing from Tile#12 @t=4 to Tile#9 @t=7
[HeuristicMapping] Successfully mapped operation %32 = "neura.fadd"(%30, %31) : (!neura.data<f32, i1>, !neura.data<f32, i1>) -> !neura.data<f32, i1>
[HeuristicMapping] No candidate locations found for operation: %53 = neura.grant_predicate %51, %52 : !neura.data<i64, i1>, !neura.data<i1, i1> -> !neura.data<i64, i1>
[HeuristicMapping] Backtracking to operation 17(depth = 1)
[HeuristicMapping] Found 22 candidate locations for operation: %32 = "neura.fadd"(%30, %31) : (!neura.data<f32, i1>, !neura.data<f32, i1>) -> !neura.data<f32, i1>
[HeuristicMapping] All 5 locations for 17 tried, backtracking...
[HeuristicMapping] Backtracking to operation 16 (depth = 2).
[HeuristicMapping] Found 22 candidate locations for operation: %26 = neura.phi_start %25, %24 : !neura.data<f32, i1>, !neura.data<f32, i1> -> !neura.data<f32, i1>
[HeuristicMapping] All 5 locations for 16 tried, backtracking...
[HeuristicMapping] Backtracking to operation 15 (depth = 3).
[HeuristicMapping] Found 25 candidate locations for operation: %23 = neura.phi_start %22, %21 : !neura.data<f32, i1>, !neura.data<f32, i1> -> !neura.data<f32, i1>
[HeuristicMapping] Trying candidate 3/5 at tile#8 @t=4
[tryRouteDataMove] Routing from Tile#12 @t=3 to Tile#8 @t=4
[HeuristicMapping] Successfully mapped operation %23 = neura.phi_start %22, %21 : !neura.data<f32, i1>, !neura.data<f32, i1> -> !neura.data<f32, i1>
[HeuristicMapping] Found 22 candidate locations for operation: %26 = neura.phi_start %25, %24 : !neura.data<f32, i1>, !neura.data<f32, i1> -> !neura.data<f32, i1>
[HeuristicMapping] Trying candidate 1/5 at tile#0 @t=4
[tryRouteDataMove] Routing from Tile#0 @t=3 to Tile#0 @t=4
[tryRouteDataMove] Successfully routed on same tile using Register #0
[HeuristicMapping] Successfully mapped operation %26 = neura.phi_start %25, %24 : !neura.data<f32, i1>, !neura.data<f32, i1> -> !neura.data<f32, i1>
[HeuristicMapping] Found 17 candidate locations for operation: %32 = "neura.fadd"(%30, %31) : (!neura.data<f32, i1>, !neura.data<f32, i1>) -> !neura.data<f32, i1>
[HeuristicMapping] Trying candidate 1/5 at tile#4 @t=5
[tryRouteDataMove] Routing from Tile#0 @t=4 to Tile#4 @t=5
[tryRouteDataMove] Routing from Tile#8 @t=4 to Tile#4 @t=5
[HeuristicMapping] Successfully mapped operation %32 = "neura.fadd"(%30, %31) : (!neura.data<f32, i1>, !neura.data<f32, i1>) -> !neura.data<f32, i1>
[HeuristicMapping] No candidate locations found for operation: %53 = neura.grant_predicate %51, %52 : !neura.data<i64, i1>, !neura.data<i1, i1> -> !neura.data<i64, i1>
[HeuristicMapping] Backtracking to operation 17(depth = 1)
[HeuristicMapping] Found 17 candidate locations for operation: %32 = "neura.fadd"(%30, %31) : (!neura.data<f32, i1>, !neura.data<f32, i1>) -> !neura.data<f32, i1>
[HeuristicMapping] Trying candidate 2/5 at tile#4 @t=6
[tryRouteDataMove] Routing from Tile#0 @t=4 to Tile#4 @t=6
[tryRouteDataMove] Routing from Tile#8 @t=4 to Tile#4 @t=6
[HeuristicMapping] Successfully mapped operation %32 = "neura.fadd"(%30, %31) : (!neura.data<f32, i1>, !neura.data<f32, i1>) -> !neura.data<f32, i1>
[HeuristicMapping] No candidate locations found for operation: %53 = neura.grant_predicate %51, %52 : !neura.data<i64, i1>, !neura.data<i1, i1> -> !neura.data<i64, i1>
[HeuristicMapping] Backtracking to operation 17(depth = 1)
[HeuristicMapping] Found 17 candidate locations for operation: %32 = "neura.fadd"(%30, %31) : (!neura.data<f32, i1>, !neura.data<f32, i1>) -> !neura.data<f32, i1>
[HeuristicMapping] Trying candidate 3/5 at tile#8 @t=6
[tryRouteDataMove] Routing from Tile#0 @t=4 to Tile#8 @t=6
[tryRouteDataMove] Routing from Tile#8 @t=4 to Tile#8 @t=6
[tryRouteDataMove] Successfully routed on same tile using Register #256
[HeuristicMapping] Successfully mapped operation %32 = "neura.fadd"(%30, %31) : (!neura.data<f32, i1>, !neura.data<f32, i1>) -> !neura.data<f32, i1>
[HeuristicMapping] No candidate locations found for operation: %53 = neura.grant_predicate %51, %52 : !neura.data<i64, i1>, !neura.data<i1, i1> -> !neura.data<i64, i1>
[HeuristicMapping] Backtracking to operation 17(depth = 1)
[HeuristicMapping] Found 17 candidate locations for operation: %32 = "neura.fadd"(%30, %31) : (!neura.data<f32, i1>, !neura.data<f32, i1>) -> !neura.data<f32, i1>
[HeuristicMapping] Trying candidate 4/5 at tile#4 @t=7
[tryRouteDataMove] Routing from Tile#0 @t=4 to Tile#4 @t=7
[tryRouteDataMove] Routing from Tile#8 @t=4 to Tile#4 @t=7
[HeuristicMapping] Successfully mapped operation %32 = "neura.fadd"(%30, %31) : (!neura.data<f32, i1>, !neura.data<f32, i1>) -> !neura.data<f32, i1>
[HeuristicMapping] No candidate locations found for operation: %53 = neura.grant_predicate %51, %52 : !neura.data<i64, i1>, !neura.data<i1, i1> -> !neura.data<i64, i1>
[HeuristicMapping] Backtracking to operation 17(depth = 1)
[HeuristicMapping] Found 17 candidate locations for operation: %32 = "neura.fadd"(%30, %31) : (!neura.data<f32, i1>, !neura.data<f32, i1>) -> !neura.data<f32, i1>
[HeuristicMapping] Trying candidate 5/5 at tile#9 @t=7
[tryRouteDataMove] Routing from Tile#0 @t=4 to Tile#9 @t=7
[tryRouteDataMove] Routing from Tile#8 @t=4 to Tile#9 @t=7
[HeuristicMapping] Successfully mapped operation %32 = "neura.fadd"(%30, %31) : (!neura.data<f32, i1>, !neura.data<f32, i1>) -> !neura.data<f32, i1>
[HeuristicMapping] No candidate locations found for operation: %53 = neura.grant_predicate %51, %52 : !neura.data<i64, i1>, !neura.data<i1, i1> -> !neura.data<i64, i1>
[HeuristicMapping] Backtracking to operation 17(depth = 1)
[HeuristicMapping] Found 17 candidate locations for operation: %32 = "neura.fadd"(%30, %31) : (!neura.data<f32, i1>, !neura.data<f32, i1>) -> !neura.data<f32, i1>
[HeuristicMapping] All 5 locations for 17 tried, backtracking...
[HeuristicMapping] Backtracking to operation 16 (depth = 2).
[HeuristicMapping] Found 22 candidate locations for operation: %26 = neura.phi_start %25, %24 : !neura.data<f32, i1>, !neura.data<f32, i1> -> !neura.data<f32, i1>
[HeuristicMapping] Trying candidate 2/5 at tile#1 @t=4
[tryRouteDataMove] Routing from Tile#0 @t=3 to Tile#1 @t=4
[HeuristicMapping] Successfully mapped operation %26 = neura.phi_start %25, %24 : !neura.data<f32, i1>, !neura.data<f32, i1> -> !neura.data<f32, i1>
[HeuristicMapping] Found 19 candidate locations for operation: %32 = "neura.fadd"(%30, %31) : (!neura.data<f32, i1>, !neura.data<f32, i1>) -> !neura.data<f32, i1>
[HeuristicMapping] Trying candidate 1/5 at tile#4 @t=6
[tryRouteDataMove] Routing from Tile#1 @t=4 to Tile#4 @t=6
[tryRouteDataMove] Routing from Tile#8 @t=4 to Tile#4 @t=6
[HeuristicMapping] Successfully mapped operation %32 = "neura.fadd"(%30, %31) : (!neura.data<f32, i1>, !neura.data<f32, i1>) -> !neura.data<f32, i1>
[HeuristicMapping] No candidate locations found for operation: %53 = neura.grant_predicate %51, %52 : !neura.data<i64, i1>, !neura.data<i1, i1> -> !neura.data<i64, i1>
[HeuristicMapping] Backtracking to operation 17(depth = 1)
[HeuristicMapping] Found 19 candidate locations for operation: %32 = "neura.fadd"(%30, %31) : (!neura.data<f32, i1>, !neura.data<f32, i1>) -> !neura.data<f32, i1>
[HeuristicMapping] Trying candidate 2/5 at tile#9 @t=7
[tryRouteDataMove] Routing from Tile#1 @t=4 to Tile#9 @t=7
[tryRouteDataMove] Routing from Tile#8 @t=4 to Tile#9 @t=7
[HeuristicMapping] Successfully mapped operation %32 = "neura.fadd"(%30, %31) : (!neura.data<f32, i1>, !neura.data<f32, i1>) -> !neura.data<f32, i1>
[HeuristicMapping] No candidate locations found for operation: %53 = neura.grant_predicate %51, %52 : !neura.data<i64, i1>, !neura.data<i1, i1> -> !neura.data<i64, i1>
[HeuristicMapping] Backtracking to operation 17(depth = 1)
[HeuristicMapping] Found 19 candidate locations for operation: %32 = "neura.fadd"(%30, %31) : (!neura.data<f32, i1>, !neura.data<f32, i1>) -> !neura.data<f32, i1>
[HeuristicMapping] Trying candidate 3/5 at tile#4 @t=7
[tryRouteDataMove] Routing from Tile#1 @t=4 to Tile#4 @t=7
[tryRouteDataMove] Routing from Tile#8 @t=4 to Tile#4 @t=7
[HeuristicMapping] Successfully mapped operation %32 = "neura.fadd"(%30, %31) : (!neura.data<f32, i1>, !neura.data<f32, i1>) -> !neura.data<f32, i1>
[HeuristicMapping] No candidate locations found for operation: %53 = neura.grant_predicate %51, %52 : !neura.data<i64, i1>, !neura.data<i1, i1> -> !neura.data<i64, i1>
[HeuristicMapping] Backtracking to operation 17(depth = 1)
[HeuristicMapping] Found 19 candidate locations for operation: %32 = "neura.fadd"(%30, %31) : (!neura.data<f32, i1>, !neura.data<f32, i1>) -> !neura.data<f32, i1>
[HeuristicMapping] Trying candidate 4/5 at tile#5 @t=8
[tryRouteDataMove] Routing from Tile#1 @t=4 to Tile#5 @t=8
[tryRouteDataMove] Routing from Tile#8 @t=4 to Tile#5 @t=8
[HeuristicMapping] Successfully mapped operation %32 = "neura.fadd"(%30, %31) : (!neura.data<f32, i1>, !neura.data<f32, i1>) -> !neura.data<f32, i1>
[HeuristicMapping] No candidate locations found for operation: %53 = neura.grant_predicate %51, %52 : !neura.data<i64, i1>, !neura.data<i1, i1> -> !neura.data<i64, i1>
[HeuristicMapping] Backtracking to operation 17(depth = 1)
[HeuristicMapping] Found 19 candidate locations for operation: %32 = "neura.fadd"(%30, %31) : (!neura.data<f32, i1>, !neura.data<f32, i1>) -> !neura.data<f32, i1>
[HeuristicMapping] Trying candidate 5/5 at tile#5 @t=6
[tryRouteDataMove] Routing from Tile#1 @t=4 to Tile#5 @t=6
[tryRouteDataMove] Routing from Tile#8 @t=4 to Tile#5 @t=6
[HeuristicMapping] Successfully mapped operation %32 = "neura.fadd"(%30, %31) : (!neura.data<f32, i1>, !neura.data<f32, i1>) -> !neura.data<f32, i1>
[HeuristicMapping] No candidate locations found for operation: %53 = neura.grant_predicate %51, %52 : !neura.data<i64, i1>, !neura.data<i1, i1> -> !neura.data<i64, i1>
[HeuristicMapping] Backtracking to operation 17(depth = 1)
[HeuristicMapping] Found 19 candidate locations for operation: %32 = "neura.fadd"(%30, %31) : (!neura.data<f32, i1>, !neura.data<f32, i1>) -> !neura.data<f32, i1>
[HeuristicMapping] All 5 locations for 17 tried, backtracking...
[HeuristicMapping] Backtracking to operation 16 (depth = 2).
[HeuristicMapping] Found 22 candidate locations for operation: %26 = neura.phi_start %25, %24 : !neura.data<f32, i1>, !neura.data<f32, i1> -> !neura.data<f32, i1>
[HeuristicMapping] Trying candidate 3/5 at tile#4 @t=4
[tryRouteDataMove] Routing from Tile#0 @t=3 to Tile#4 @t=4
[HeuristicMapping] Successfully mapped operation %26 = neura.phi_start %25, %24 : !neura.data<f32, i1>, !neura.data<f32, i1> -> !neura.data<f32, i1>
[HeuristicMapping] Found 22 candidate locations for operation: %32 = "neura.fadd"(%30, %31) : (!neura.data<f32, i1>, !neura.data<f32, i1>) -> !neura.data<f32, i1>
[HeuristicMapping] Trying candidate 1/5 at tile#4 @t=5
[tryRouteDataMove] Routing from Tile#4 @t=4 to Tile#4 @t=5
[tryRouteDataMove] Successfully routed on same tile using Register #128
[tryRouteDataMove] Routing from Tile#8 @t=4 to Tile#4 @t=5
[HeuristicMapping] Successfully mapped operation %32 = "neura.fadd"(%30, %31) : (!neura.data<f32, i1>, !neura.data<f32, i1>) -> !neura.data<f32, i1>
[HeuristicMapping] No candidate locations found for operation: %53 = neura.grant_predicate %51, %52 : !neura.data<i64, i1>, !neura.data<i1, i1> -> !neura.data<i64, i1>
[HeuristicMapping] Backtracking to operation 17(depth = 1)
[HeuristicMapping] Found 22 candidate locations for operation: %32 = "neura.fadd"(%30, %31) : (!neura.data<f32, i1>, !neura.data<f32, i1>) -> !neura.data<f32, i1>
[HeuristicMapping] Trying candidate 2/5 at tile#8 @t=5
[tryRouteDataMove] Routing from Tile#4 @t=4 to Tile#8 @t=5
[tryRouteDataMove] Routing from Tile#8 @t=4 to Tile#8 @t=5
[tryRouteDataMove] Successfully routed on same tile using Register #256
[HeuristicMapping] Successfully mapped operation %32 = "neura.fadd"(%30, %31) : (!neura.data<f32, i1>, !neura.data<f32, i1>) -> !neura.data<f32, i1>
[HeuristicMapping] No candidate locations found for operation: %53 = neura.grant_predicate %51, %52 : !neura.data<i64, i1>, !neura.data<i1, i1> -> !neura.data<i64, i1>
[HeuristicMapping] Backtracking to operation 17(depth = 1)
[HeuristicMapping] Found 22 candidate locations for operation: %32 = "neura.fadd"(%30, %31) : (!neura.data<f32, i1>, !neura.data<f32, i1>) -> !neura.data<f32, i1>
[HeuristicMapping] Trying candidate 3/5 at tile#4 @t=6
[tryRouteDataMove] Routing from Tile#4 @t=4 to Tile#4 @t=6
[tryRouteDataMove] Successfully routed on same tile using Register #128
[tryRouteDataMove] Routing from Tile#8 @t=4 to Tile#4 @t=6
[HeuristicMapping] Successfully mapped operation %32 = "neura.fadd"(%30, %31) : (!neura.data<f32, i1>, !neura.data<f32, i1>) -> !neura.data<f32, i1>
[HeuristicMapping] No candidate locations found for operation: %53 = neura.grant_predicate %51, %52 : !neura.data<i64, i1>, !neura.data<i1, i1> -> !neura.data<i64, i1>
[HeuristicMapping] Backtracking to operation 17(depth = 1)
[HeuristicMapping] Found 22 candidate locations for operation: %32 = "neura.fadd"(%30, %31) : (!neura.data<f32, i1>, !neura.data<f32, i1>) -> !neura.data<f32, i1>
[HeuristicMapping] Trying candidate 4/5 at tile#8 @t=6
[tryRouteDataMove] Routing from Tile#4 @t=4 to Tile#8 @t=6
[tryRouteDataMove] Routing from Tile#8 @t=4 to Tile#8 @t=6
[tryRouteDataMove] Successfully routed on same tile using Register #257
[HeuristicMapping] Successfully mapped operation %32 = "neura.fadd"(%30, %31) : (!neura.data<f32, i1>, !neura.data<f32, i1>) -> !neura.data<f32, i1>
[HeuristicMapping] No candidate locations found for operation: %53 = neura.grant_predicate %51, %52 : !neura.data<i64, i1>, !neura.data<i1, i1> -> !neura.data<i64, i1>
[HeuristicMapping] Backtracking to operation 17(depth = 1)
[HeuristicMapping] Found 22 candidate locations for operation: %32 = "neura.fadd"(%30, %31) : (!neura.data<f32, i1>, !neura.data<f32, i1>) -> !neura.data<f32, i1>
[HeuristicMapping] Trying candidate 5/5 at tile#9 @t=7
[tryRouteDataMove] Routing from Tile#4 @t=4 to Tile#9 @t=7
[tryRouteDataMove] Routing from Tile#8 @t=4 to Tile#9 @t=7
[HeuristicMapping] Successfully mapped operation %32 = "neura.fadd"(%30, %31) : (!neura.data<f32, i1>, !neura.data<f32, i1>) -> !neura.data<f32, i1>
[HeuristicMapping] No candidate locations found for operation: %53 = neura.grant_predicate %51, %52 : !neura.data<i64, i1>, !neura.data<i1, i1> -> !neura.data<i64, i1>
[HeuristicMapping] Backtracking to operation 17(depth = 1)
[HeuristicMapping] Found 22 candidate locations for operation: %32 = "neura.fadd"(%30, %31) : (!neura.data<f32, i1>, !neura.data<f32, i1>) -> !neura.data<f32, i1>
[HeuristicMapping] All 5 locations for 17 tried, backtracking...
[HeuristicMapping] Backtracking to operation 16 (depth = 2).
[HeuristicMapping] Found 22 candidate locations for operation: %26 = neura.phi_start %25, %24 : !neura.data<f32, i1>, !neura.data<f32, i1> -> !neura.data<f32, i1>
[HeuristicMapping] Trying candidate 4/5 at tile#0 @t=5
[tryRouteDataMove] Routing from Tile#0 @t=3 to Tile#0 @t=5
[tryRouteDataMove] Successfully routed on same tile using Register #0
[HeuristicMapping] Successfully mapped operation %26 = neura.phi_start %25, %24 : !neura.data<f32, i1>, !neura.data<f32, i1> -> !neura.data<f32, i1>
[HeuristicMapping] Found 18 candidate locations for operation: %32 = "neura.fadd"(%30, %31) : (!neura.data<f32, i1>, !neura.data<f32, i1>) -> !neura.data<f32, i1>
[HeuristicMapping] Trying candidate 1/5 at tile#4 @t=6
[tryRouteDataMove] Routing from Tile#0 @t=5 to Tile#4 @t=6
[tryRouteDataMove] Routing from Tile#8 @t=4 to Tile#4 @t=6
[HeuristicMapping] Successfully mapped operation %32 = "neura.fadd"(%30, %31) : (!neura.data<f32, i1>, !neura.data<f32, i1>) -> !neura.data<f32, i1>
[HeuristicMapping] No candidate locations found for operation: %53 = neura.grant_predicate %51, %52 : !neura.data<i64, i1>, !neura.data<i1, i1> -> !neura.data<i64, i1>
[HeuristicMapping] Backtracking to operation 17(depth = 1)
[HeuristicMapping] Found 18 candidate locations for operation: %32 = "neura.fadd"(%30, %31) : (!neura.data<f32, i1>, !neura.data<f32, i1>) -> !neura.data<f32, i1>
[HeuristicMapping] Trying candidate 2/5 at tile#4 @t=7
[tryRouteDataMove] Routing from Tile#0 @t=5 to Tile#4 @t=7
[tryRouteDataMove] Routing from Tile#8 @t=4 to Tile#4 @t=7
[HeuristicMapping] Successfully mapped operation %32 = "neura.fadd"(%30, %31) : (!neura.data<f32, i1>, !neura.data<f32, i1>) -> !neura.data<f32, i1>
[HeuristicMapping] No candidate locations found for operation: %53 = neura.grant_predicate %51, %52 : !neura.data<i64, i1>, !neura.data<i1, i1> -> !neura.data<i64, i1>
[HeuristicMapping] Backtracking to operation 17(depth = 1)
[HeuristicMapping] Found 18 candidate locations for operation: %32 = "neura.fadd"(%30, %31) : (!neura.data<f32, i1>, !neura.data<f32, i1>) -> !neura.data<f32, i1>
[HeuristicMapping] Trying candidate 3/5 at tile#8 @t=7
[tryRouteDataMove] Routing from Tile#0 @t=5 to Tile#8 @t=7
[tryRouteDataMove] Routing from Tile#8 @t=4 to Tile#8 @t=7
[tryRouteDataMove] Successfully routed on same tile using Register #256
[HeuristicMapping] Successfully mapped operation %32 = "neura.fadd"(%30, %31) : (!neura.data<f32, i1>, !neura.data<f32, i1>) -> !neura.data<f32, i1>
[HeuristicMapping] No candidate locations found for operation: %53 = neura.grant_predicate %51, %52 : !neura.data<i64, i1>, !neura.data<i1, i1> -> !neura.data<i64, i1>
[HeuristicMapping] Backtracking to operation 17(depth = 1)
[HeuristicMapping] Found 18 candidate locations for operation: %32 = "neura.fadd"(%30, %31) : (!neura.data<f32, i1>, !neura.data<f32, i1>) -> !neura.data<f32, i1>
[HeuristicMapping] Trying candidate 4/5 at tile#4 @t=8
[tryRouteDataMove] Routing from Tile#0 @t=5 to Tile#4 @t=8
[tryRouteDataMove] Routing from Tile#8 @t=4 to Tile#4 @t=8
[HeuristicMapping] Successfully mapped operation %32 = "neura.fadd"(%30, %31) : (!neura.data<f32, i1>, !neura.data<f32, i1>) -> !neura.data<f32, i1>
[HeuristicMapping] No candidate locations found for operation: %53 = neura.grant_predicate %51, %52 : !neura.data<i64, i1>, !neura.data<i1, i1> -> !neura.data<i64, i1>
[HeuristicMapping] Backtracking to operation 17(depth = 1)
[HeuristicMapping] Found 18 candidate locations for operation: %32 = "neura.fadd"(%30, %31) : (!neura.data<f32, i1>, !neura.data<f32, i1>) -> !neura.data<f32, i1>
[HeuristicMapping] Trying candidate 5/5 at tile#1 @t=7
[tryRouteDataMove] Routing from Tile#0 @t=5 to Tile#1 @t=7
[tryRouteDataMove] Routing from Tile#8 @t=4 to Tile#1 @t=7
[HeuristicMapping] Successfully mapped operation %32 = "neura.fadd"(%30, %31) : (!neura.data<f32, i1>, !neura.data<f32, i1>) -> !neura.data<f32, i1>
[HeuristicMapping] No candidate locations found for operation: %53 = neura.grant_predicate %51, %52 : !neura.data<i64, i1>, !neura.data<i1, i1> -> !neura.data<i64, i1>
[HeuristicMapping] Backtracking to operation 17(depth = 1)
[HeuristicMapping] Found 18 candidate locations for operation: %32 = "neura.fadd"(%30, %31) : (!neura.data<f32, i1>, !neura.data<f32, i1>) -> !neura.data<f32, i1>
[HeuristicMapping] All 5 locations for 17 tried, backtracking...
[HeuristicMapping] Backtracking to operation 16 (depth = 2).
[HeuristicMapping] Found 22 candidate locations for operation: %26 = neura.phi_start %25, %24 : !neura.data<f32, i1>, !neura.data<f32, i1> -> !neura.data<f32, i1>
[HeuristicMapping] Trying candidate 5/5 at tile#4 @t=5
[tryRouteDataMove] Routing from Tile#0 @t=3 to Tile#4 @t=5
[HeuristicMapping] Successfully mapped operation %26 = neura.phi_start %25, %24 : !neura.data<f32, i1>, !neura.data<f32, i1> -> !neura.data<f32, i1>
[HeuristicMapping] Found 27 candidate locations for operation: %32 = "neura.fadd"(%30, %31) : (!neura.data<f32, i1>, !neura.data<f32, i1>) -> !neura.data<f32, i1>
[HeuristicMapping] Trying candidate 1/5 at tile#8 @t=6
[tryRouteDataMove] Routing from Tile#4 @t=5 to Tile#8 @t=6
[tryRouteDataMove] Routing from Tile#8 @t=4 to Tile#8 @t=6
[tryRouteDataMove] Successfully routed on same tile using Register #256
[HeuristicMapping] Successfully mapped operation %32 = "neura.fadd"(%30, %31) : (!neura.data<f32, i1>, !neura.data<f32, i1>) -> !neura.data<f32, i1>
[HeuristicMapping] No candidate locations found for operation: %53 = neura.grant_predicate %51, %52 : !neura.data<i64, i1>, !neura.data<i1, i1> -> !neura.data<i64, i1>
[HeuristicMapping] Backtracking to operation 17(depth = 1)
[HeuristicMapping] Found 27 candidate locations for operation: %32 = "neura.fadd"(%30, %31) : (!neura.data<f32, i1>, !neura.data<f32, i1>) -> !neura.data<f32, i1>
[HeuristicMapping] Trying candidate 2/5 at tile#4 @t=6
[tryRouteDataMove] Routing from Tile#4 @t=5 to Tile#4 @t=6
[tryRouteDataMove] Successfully routed on same tile using Register #128
[tryRouteDataMove] Routing from Tile#8 @t=4 to Tile#4 @t=6
[HeuristicMapping] Successfully mapped operation %32 = "neura.fadd"(%30, %31) : (!neura.data<f32, i1>, !neura.data<f32, i1>) -> !neura.data<f32, i1>
[HeuristicMapping] No candidate locations found for operation: %53 = neura.grant_predicate %51, %52 : !neura.data<i64, i1>, !neura.data<i1, i1> -> !neura.data<i64, i1>
[HeuristicMapping] Backtracking to operation 17(depth = 1)
[HeuristicMapping] Found 27 candidate locations for operation: %32 = "neura.fadd"(%30, %31) : (!neura.data<f32, i1>, !neura.data<f32, i1>) -> !neura.data<f32, i1>
[HeuristicMapping] Trying candidate 3/5 at tile#9 @t=7
[tryRouteDataMove] Routing from Tile#4 @t=5 to Tile#9 @t=7
[tryRouteDataMove] Routing from Tile#8 @t=4 to Tile#9 @t=7
[HeuristicMapping] Successfully mapped operation %32 = "neura.fadd"(%30, %31) : (!neura.data<f32, i1>, !neura.data<f32, i1>) -> !neura.data<f32, i1>
[HeuristicMapping] No candidate locations found for operation: %53 = neura.grant_predicate %51, %52 : !neura.data<i64, i1>, !neura.data<i1, i1> -> !neura.data<i64, i1>
[HeuristicMapping] Backtracking to operation 17(depth = 1)
[HeuristicMapping] Found 27 candidate locations for operation: %32 = "neura.fadd"(%30, %31) : (!neura.data<f32, i1>, !neura.data<f32, i1>) -> !neura.data<f32, i1>
[HeuristicMapping] Trying candidate 4/5 at tile#8 @t=7
[tryRouteDataMove] Routing from Tile#4 @t=5 to Tile#8 @t=7
[tryRouteDataMove] Routing from Tile#8 @t=4 to Tile#8 @t=7
[tryRouteDataMove] Successfully routed on same tile using Register #257
[HeuristicMapping] Successfully mapped operation %32 = "neura.fadd"(%30, %31) : (!neura.data<f32, i1>, !neura.data<f32, i1>) -> !neura.data<f32, i1>
[HeuristicMapping] No candidate locations found for operation: %53 = neura.grant_predicate %51, %52 : !neura.data<i64, i1>, !neura.data<i1, i1> -> !neura.data<i64, i1>
[HeuristicMapping] Backtracking to operation 17(depth = 1)
[HeuristicMapping] Found 27 candidate locations for operation: %32 = "neura.fadd"(%30, %31) : (!neura.data<f32, i1>, !neura.data<f32, i1>) -> !neura.data<f32, i1>
[HeuristicMapping] Trying candidate 5/5 at tile#4 @t=7
[tryRouteDataMove] Routing from Tile#4 @t=5 to Tile#4 @t=7
[tryRouteDataMove] Successfully routed on same tile using Register #128
[tryRouteDataMove] Routing from Tile#8 @t=4 to Tile#4 @t=7
[HeuristicMapping] Successfully mapped operation %32 = "neura.fadd"(%30, %31) : (!neura.data<f32, i1>, !neura.data<f32, i1>) -> !neura.data<f32, i1>
[HeuristicMapping] No candidate locations found for operation: %53 = neura.grant_predicate %51, %52 : !neura.data<i64, i1>, !neura.data<i1, i1> -> !neura.data<i64, i1>
[HeuristicMapping] Backtracking to operation 17(depth = 1)
[HeuristicMapping] Found 27 candidate locations for operation: %32 = "neura.fadd"(%30, %31) : (!neura.data<f32, i1>, !neura.data<f32, i1>) -> !neura.data<f32, i1>
[HeuristicMapping] All 5 locations for 17 tried, backtracking...
[HeuristicMapping] Backtracking to operation 16 (depth = 2).
[HeuristicMapping] Found 22 candidate locations for operation: %26 = neura.phi_start %25, %24 : !neura.data<f32, i1>, !neura.data<f32, i1> -> !neura.data<f32, i1>
[HeuristicMapping] All 5 locations for 16 tried, backtracking...
[HeuristicMapping] Backtracking to operation 15 (depth = 3).
[HeuristicMapping] Found 25 candidate locations for operation: %23 = neura.phi_start %22, %21 : !neura.data<f32, i1>, !neura.data<f32, i1> -> !neura.data<f32, i1>
[HeuristicMapping] Trying candidate 4/5 at tile#13 @t=5
[tryRouteDataMove] Routing from Tile#12 @t=3 to Tile#13 @t=5
[HeuristicMapping] Successfully mapped operation %23 = neura.phi_start %22, %21 : !neura.data<f32, i1>, !neura.data<f32, i1> -> !neura.data<f32, i1>
[HeuristicMapping] Found 22 candidate locations for operation: %26 = neura.phi_start %25, %24 : !neura.data<f32, i1>, !neura.data<f32, i1> -> !neura.data<f32, i1>
[HeuristicMapping] Trying candidate 1/5 at tile#0 @t=4
[tryRouteDataMove] Routing from Tile#0 @t=3 to Tile#0 @t=4
[tryRouteDataMove] Successfully routed on same tile using Register #0
[HeuristicMapping] Successfully mapped operation %26 = neura.phi_start %25, %24 : !neura.data<f32, i1>, !neura.data<f32, i1> -> !neura.data<f32, i1>
[HeuristicMapping] Found 18 candidate locations for operation: %32 = "neura.fadd"(%30, %31) : (!neura.data<f32, i1>, !neura.data<f32, i1>) -> !neura.data<f32, i1>
[HeuristicMapping] Trying candidate 1/5 at tile#9 @t=7
[tryRouteDataMove] Routing from Tile#0 @t=4 to Tile#9 @t=7
[tryRouteDataMove] Routing from Tile#13 @t=5 to Tile#9 @t=7
[HeuristicMapping] Successfully mapped operation %32 = "neura.fadd"(%30, %31) : (!neura.data<f32, i1>, !neura.data<f32, i1>) -> !neura.data<f32, i1>
[HeuristicMapping] No candidate locations found for operation: %53 = neura.grant_predicate %51, %52 : !neura.data<i64, i1>, !neura.data<i1, i1> -> !neura.data<i64, i1>
[HeuristicMapping] Backtracking to operation 17(depth = 1)
[HeuristicMapping] Found 18 candidate locations for operation: %32 = "neura.fadd"(%30, %31) : (!neura.data<f32, i1>, !neura.data<f32, i1>) -> !neura.data<f32, i1>
[HeuristicMapping] Trying candidate 2/5 at tile#8 @t=7
[tryRouteDataMove] Routing from Tile#0 @t=4 to Tile#8 @t=7
[tryRouteDataMove] Routing from Tile#13 @t=5 to Tile#8 @t=7
[HeuristicMapping] Successfully mapped operation %32 = "neura.fadd"(%30, %31) : (!neura.data<f32, i1>, !neura.data<f32, i1>) -> !neura.data<f32, i1>
[HeuristicMapping] No candidate locations found for operation: %53 = neura.grant_predicate %51, %52 : !neura.data<i64, i1>, !neura.data<i1, i1> -> !neura.data<i64, i1>
[HeuristicMapping] Backtracking to operation 17(depth = 1)
[HeuristicMapping] Found 18 candidate locations for operation: %32 = "neura.fadd"(%30, %31) : (!neura.data<f32, i1>, !neura.data<f32, i1>) -> !neura.data<f32, i1>
[HeuristicMapping] Trying candidate 3/5 at tile#5 @t=8
[tryRouteDataMove] Routing from Tile#0 @t=4 to Tile#5 @t=8
[tryRouteDataMove] Routing from Tile#13 @t=5 to Tile#5 @t=8
[HeuristicMapping] Successfully mapped operation %32 = "neura.fadd"(%30, %31) : (!neura.data<f32, i1>, !neura.data<f32, i1>) -> !neura.data<f32, i1>
[HeuristicMapping] No candidate locations found for operation: %53 = neura.grant_predicate %51, %52 : !neura.data<i64, i1>, !neura.data<i1, i1> -> !neura.data<i64, i1>
[HeuristicMapping] Backtracking to operation 17(depth = 1)
[HeuristicMapping] Found 18 candidate locations for operation: %32 = "neura.fadd"(%30, %31) : (!neura.data<f32, i1>, !neura.data<f32, i1>) -> !neura.data<f32, i1>
[HeuristicMapping] Trying candidate 4/5 at tile#13 @t=8
[tryRouteDataMove] Routing from Tile#0 @t=4 to Tile#13 @t=8
[tryRouteDataMove] Routing from Tile#13 @t=5 to Tile#13 @t=8
[tryRouteDataMove] Successfully routed on same tile using Register #416
[HeuristicMapping] Successfully mapped operation %32 = "neura.fadd"(%30, %31) : (!neura.data<f32, i1>, !neura.data<f32, i1>) -> !neura.data<f32, i1>
[HeuristicMapping] No candidate locations found for operation: %53 = neura.grant_predicate %51, %52 : !neura.data<i64, i1>, !neura.data<i1, i1> -> !neura.data<i64, i1>
[HeuristicMapping] Backtracking to operation 17(depth = 1)
[HeuristicMapping] Found 18 candidate locations for operation: %32 = "neura.fadd"(%30, %31) : (!neura.data<f32, i1>, !neura.data<f32, i1>) -> !neura.data<f32, i1>
[HeuristicMapping] Trying candidate 5/5 at tile#4 @t=8
[tryRouteDataMove] Routing from Tile#0 @t=4 to Tile#4 @t=8
[tryRouteDataMove] Routing from Tile#13 @t=5 to Tile#4 @t=8
[HeuristicMapping] Successfully mapped operation %32 = "neura.fadd"(%30, %31) : (!neura.data<f32, i1>, !neura.data<f32, i1>) -> !neura.data<f32, i1>
[HeuristicMapping] No candidate locations found for operation: %53 = neura.grant_predicate %51, %52 : !neura.data<i64, i1>, !neura.data<i1, i1> -> !neura.data<i64, i1>
[HeuristicMapping] Backtracking to operation 17(depth = 1)
[HeuristicMapping] Found 18 candidate locations for operation: %32 = "neura.fadd"(%30, %31) : (!neura.data<f32, i1>, !neura.data<f32, i1>) -> !neura.data<f32, i1>
[HeuristicMapping] All 5 locations for 17 tried, backtracking...
[HeuristicMapping] Backtracking to operation 16 (depth = 2).
[HeuristicMapping] Found 22 candidate locations for operation: %26 = neura.phi_start %25, %24 : !neura.data<f32, i1>, !neura.data<f32, i1> -> !neura.data<f32, i1>
[HeuristicMapping] Trying candidate 2/5 at tile#1 @t=4
[tryRouteDataMove] Routing from Tile#0 @t=3 to Tile#1 @t=4
[HeuristicMapping] Successfully mapped operation %26 = neura.phi_start %25, %24 : !neura.data<f32, i1>, !neura.data<f32, i1> -> !neura.data<f32, i1>
[HeuristicMapping] Found 23 candidate locations for operation: %32 = "neura.fadd"(%30, %31) : (!neura.data<f32, i1>, !neura.data<f32, i1>) -> !neura.data<f32, i1>
[HeuristicMapping] Trying candidate 1/5 at tile#9 @t=7
[tryRouteDataMove] Routing from Tile#1 @t=4 to Tile#9 @t=7
[tryRouteDataMove] Routing from Tile#13 @t=5 to Tile#9 @t=7
[HeuristicMapping] Successfully mapped operation %32 = "neura.fadd"(%30, %31) : (!neura.data<f32, i1>, !neura.data<f32, i1>) -> !neura.data<f32, i1>
[HeuristicMapping] No candidate locations found for operation: %53 = neura.grant_predicate %51, %52 : !neura.data<i64, i1>, !neura.data<i1, i1> -> !neura.data<i64, i1>
[HeuristicMapping] Backtracking to operation 17(depth = 1)
[HeuristicMapping] Found 23 candidate locations for operation: %32 = "neura.fadd"(%30, %31) : (!neura.data<f32, i1>, !neura.data<f32, i1>) -> !neura.data<f32, i1>
[HeuristicMapping] Trying candidate 2/5 at tile#5 @t=8
[tryRouteDataMove] Routing from Tile#1 @t=4 to Tile#5 @t=8
[tryRouteDataMove] Routing from Tile#13 @t=5 to Tile#5 @t=8
[HeuristicMapping] Successfully mapped operation %32 = "neura.fadd"(%30, %31) : (!neura.data<f32, i1>, !neura.data<f32, i1>) -> !neura.data<f32, i1>
[HeuristicMapping] No candidate locations found for operation: %53 = neura.grant_predicate %51, %52 : !neura.data<i64, i1>, !neura.data<i1, i1> -> !neura.data<i64, i1>
[HeuristicMapping] Backtracking to operation 17(depth = 1)
[HeuristicMapping] Found 23 candidate locations for operation: %32 = "neura.fadd"(%30, %31) : (!neura.data<f32, i1>, !neura.data<f32, i1>) -> !neura.data<f32, i1>
[HeuristicMapping] Trying candidate 3/5 at tile#13 @t=7
[tryRouteDataMove] Routing from Tile#1 @t=4 to Tile#13 @t=7
[tryRouteDataMove] Routing from Tile#13 @t=5 to Tile#13 @t=7
[tryRouteDataMove] Successfully routed on same tile using Register #416
[HeuristicMapping] Successfully mapped operation %32 = "neura.fadd"(%30, %31) : (!neura.data<f32, i1>, !neura.data<f32, i1>) -> !neura.data<f32, i1>
[HeuristicMapping] No candidate locations found for operation: %53 = neura.grant_predicate %51, %52 : !neura.data<i64, i1>, !neura.data<i1, i1> -> !neura.data<i64, i1>
[HeuristicMapping] Backtracking to operation 17(depth = 1)
[HeuristicMapping] Found 23 candidate locations for operation: %32 = "neura.fadd"(%30, %31) : (!neura.data<f32, i1>, !neura.data<f32, i1>) -> !neura.data<f32, i1>
[HeuristicMapping] Trying candidate 4/5 at tile#10 @t=7
[tryRouteDataMove] Routing from Tile#1 @t=4 to Tile#10 @t=7
[tryRouteDataMove] Routing from Tile#13 @t=5 to Tile#10 @t=7
[HeuristicMapping] Successfully mapped operation %32 = "neura.fadd"(%30, %31) : (!neura.data<f32, i1>, !neura.data<f32, i1>) -> !neura.data<f32, i1>
[HeuristicMapping] No candidate locations found for operation: %53 = neura.grant_predicate %51, %52 : !neura.data<i64, i1>, !neura.data<i1, i1> -> !neura.data<i64, i1>
[HeuristicMapping] Backtracking to operation 17(depth = 1)
[HeuristicMapping] Found 23 candidate locations for operation: %32 = "neura.fadd"(%30, %31) : (!neura.data<f32, i1>, !neura.data<f32, i1>) -> !neura.data<f32, i1>
[HeuristicMapping] Trying candidate 5/5 at tile#13 @t=8
[tryRouteDataMove] Routing from Tile#1 @t=4 to Tile#13 @t=8
[tryRouteDataMove] Routing from Tile#13 @t=5 to Tile#13 @t=8
[tryRouteDataMove] Successfully routed on same tile using Register #417
[HeuristicMapping] Successfully mapped operation %32 = "neura.fadd"(%30, %31) : (!neura.data<f32, i1>, !neura.data<f32, i1>) -> !neura.data<f32, i1>
[HeuristicMapping] No candidate locations found for operation: %53 = neura.grant_predicate %51, %52 : !neura.data<i64, i1>, !neura.data<i1, i1> -> !neura.data<i64, i1>
[HeuristicMapping] Backtracking to operation 17(depth = 1)
[HeuristicMapping] Found 23 candidate locations for operation: %32 = "neura.fadd"(%30, %31) : (!neura.data<f32, i1>, !neura.data<f32, i1>) -> !neura.data<f32, i1>
[HeuristicMapping] All 5 locations for 17 tried, backtracking...
[HeuristicMapping] Backtracking to operation 16 (depth = 2).
[HeuristicMapping] Found 22 candidate locations for operation: %26 = neura.phi_start %25, %24 : !neura.data<f32, i1>, !neura.data<f32, i1> -> !neura.data<f32, i1>
[HeuristicMapping] Trying candidate 3/5 at tile#4 @t=4
[tryRouteDataMove] Routing from Tile#0 @t=3 to Tile#4 @t=4
[HeuristicMapping] Successfully mapped operation %26 = neura.phi_start %25, %24 : !neura.data<f32, i1>, !neura.data<f32, i1> -> !neura.data<f32, i1>
[HeuristicMapping] Found 22 candidate locations for operation: %32 = "neura.fadd"(%30, %31) : (!neura.data<f32, i1>, !neura.data<f32, i1>) -> !neura.data<f32, i1>
[HeuristicMapping] Trying candidate 1/5 at tile#9 @t=7
[tryRouteDataMove] Routing from Tile#4 @t=4 to Tile#9 @t=7
[tryRouteDataMove] Routing from Tile#13 @t=5 to Tile#9 @t=7
[HeuristicMapping] Successfully mapped operation %32 = "neura.fadd"(%30, %31) : (!neura.data<f32, i1>, !neura.data<f32, i1>) -> !neura.data<f32, i1>
[HeuristicMapping] No candidate locations found for operation: %53 = neura.grant_predicate %51, %52 : !neura.data<i64, i1>, !neura.data<i1, i1> -> !neura.data<i64, i1>
[HeuristicMapping] Backtracking to operation 17(depth = 1)
[HeuristicMapping] Found 22 candidate locations for operation: %32 = "neura.fadd"(%30, %31) : (!neura.data<f32, i1>, !neura.data<f32, i1>) -> !neura.data<f32, i1>
[HeuristicMapping] Trying candidate 2/5 at tile#8 @t=7
[tryRouteDataMove] Routing from Tile#4 @t=4 to Tile#8 @t=7
[tryRouteDataMove] Routing from Tile#13 @t=5 to Tile#8 @t=7
[HeuristicMapping] Successfully mapped operation %32 = "neura.fadd"(%30, %31) : (!neura.data<f32, i1>, !neura.data<f32, i1>) -> !neura.data<f32, i1>
[HeuristicMapping] No candidate locations found for operation: %53 = neura.grant_predicate %51, %52 : !neura.data<i64, i1>, !neura.data<i1, i1> -> !neura.data<i64, i1>
[HeuristicMapping] Backtracking to operation 17(depth = 1)
[HeuristicMapping] Found 22 candidate locations for operation: %32 = "neura.fadd"(%30, %31) : (!neura.data<f32, i1>, !neura.data<f32, i1>) -> !neura.data<f32, i1>
[HeuristicMapping] Trying candidate 3/5 at tile#5 @t=8
[tryRouteDataMove] Routing from Tile#4 @t=4 to Tile#5 @t=8
[tryRouteDataMove] Routing from Tile#13 @t=5 to Tile#5 @t=8
[HeuristicMapping] Successfully mapped operation %32 = "neura.fadd"(%30, %31) : (!neura.data<f32, i1>, !neura.data<f32, i1>) -> !neura.data<f32, i1>
[HeuristicMapping] No candidate locations found for operation: %53 = neura.grant_predicate %51, %52 : !neura.data<i64, i1>, !neura.data<i1, i1> -> !neura.data<i64, i1>
[HeuristicMapping] Backtracking to operation 17(depth = 1)
[HeuristicMapping] Found 22 candidate locations for operation: %32 = "neura.fadd"(%30, %31) : (!neura.data<f32, i1>, !neura.data<f32, i1>) -> !neura.data<f32, i1>
[HeuristicMapping] Trying candidate 4/5 at tile#10 @t=7
[tryRouteDataMove] Routing from Tile#4 @t=4 to Tile#10 @t=7
[tryRouteDataMove] Routing from Tile#13 @t=5 to Tile#10 @t=7
[HeuristicMapping] Successfully mapped operation %32 = "neura.fadd"(%30, %31) : (!neura.data<f32, i1>, !neura.data<f32, i1>) -> !neura.data<f32, i1>
[HeuristicMapping] No candidate locations found for operation: %53 = neura.grant_predicate %51, %52 : !neura.data<i64, i1>, !neura.data<i1, i1> -> !neura.data<i64, i1>
[HeuristicMapping] Backtracking to operation 17(depth = 1)
[HeuristicMapping] Found 22 candidate locations for operation: %32 = "neura.fadd"(%30, %31) : (!neura.data<f32, i1>, !neura.data<f32, i1>) -> !neura.data<f32, i1>
[HeuristicMapping] Trying candidate 5/5 at tile#13 @t=7
[tryRouteDataMove] Routing from Tile#4 @t=4 to Tile#13 @t=7
[tryRouteDataMove] Routing from Tile#13 @t=5 to Tile#13 @t=7
[tryRouteDataMove] Successfully routed on same tile using Register #416
[HeuristicMapping] Successfully mapped operation %32 = "neura.fadd"(%30, %31) : (!neura.data<f32, i1>, !neura.data<f32, i1>) -> !neura.data<f32, i1>
[HeuristicMapping] No candidate locations found for operation: %53 = neura.grant_predicate %51, %52 : !neura.data<i64, i1>, !neura.data<i1, i1> -> !neura.data<i64, i1>
[HeuristicMapping] Backtracking to operation 17(depth = 1)
[HeuristicMapping] Found 22 candidate locations for operation: %32 = "neura.fadd"(%30, %31) : (!neura.data<f32, i1>, !neura.data<f32, i1>) -> !neura.data<f32, i1>
[HeuristicMapping] All 5 locations for 17 tried, backtracking...
[HeuristicMapping] Backtracking to operation 16 (depth = 2).
[HeuristicMapping] Found 22 candidate locations for operation: %26 = neura.phi_start %25, %24 : !neura.data<f32, i1>, !neura.data<f32, i1> -> !neura.data<f32, i1>
[HeuristicMapping] Trying candidate 4/5 at tile#0 @t=5
[tryRouteDataMove] Routing from Tile#0 @t=3 to Tile#0 @t=5
[tryRouteDataMove] Successfully routed on same tile using Register #0
[HeuristicMapping] Successfully mapped operation %26 = neura.phi_start %25, %24 : !neura.data<f32, i1>, !neura.data<f32, i1> -> !neura.data<f32, i1>
[HeuristicMapping] Found 12 candidate locations for operation: %32 = "neura.fadd"(%30, %31) : (!neura.data<f32, i1>, !neura.data<f32, i1>) -> !neura.data<f32, i1>
[HeuristicMapping] Trying candidate 1/5 at tile#8 @t=7
[tryRouteDataMove] Routing from Tile#0 @t=5 to Tile#8 @t=7
[tryRouteDataMove] Routing from Tile#13 @t=5 to Tile#8 @t=7
[HeuristicMapping] Successfully mapped operation %32 = "neura.fadd"(%30, %31) : (!neura.data<f32, i1>, !neura.data<f32, i1>) -> !neura.data<f32, i1>
[HeuristicMapping] No candidate locations found for operation: %53 = neura.grant_predicate %51, %52 : !neura.data<i64, i1>, !neura.data<i1, i1> -> !neura.data<i64, i1>
[HeuristicMapping] Backtracking to operation 17(depth = 1)
[HeuristicMapping] Found 12 candidate locations for operation: %32 = "neura.fadd"(%30, %31) : (!neura.data<f32, i1>, !neura.data<f32, i1>) -> !neura.data<f32, i1>
[HeuristicMapping] Trying candidate 2/5 at tile#5 @t=8
[tryRouteDataMove] Routing from Tile#0 @t=5 to Tile#5 @t=8
[tryRouteDataMove] Routing from Tile#13 @t=5 to Tile#5 @t=8
[HeuristicMapping] Successfully mapped operation %32 = "neura.fadd"(%30, %31) : (!neura.data<f32, i1>, !neura.data<f32, i1>) -> !neura.data<f32, i1>
[HeuristicMapping] No candidate locations found for operation: %53 = neura.grant_predicate %51, %52 : !neura.data<i64, i1>, !neura.data<i1, i1> -> !neura.data<i64, i1>
[HeuristicMapping] Backtracking to operation 17(depth = 1)
[HeuristicMapping] Found 12 candidate locations for operation: %32 = "neura.fadd"(%30, %31) : (!neura.data<f32, i1>, !neura.data<f32, i1>) -> !neura.data<f32, i1>
[HeuristicMapping] Trying candidate 3/5 at tile#4 @t=8
[tryRouteDataMove] Routing from Tile#0 @t=5 to Tile#4 @t=8
[tryRouteDataMove] Routing from Tile#13 @t=5 to Tile#4 @t=8
[HeuristicMapping] Successfully mapped operation %32 = "neura.fadd"(%30, %31) : (!neura.data<f32, i1>, !neura.data<f32, i1>) -> !neura.data<f32, i1>
[HeuristicMapping] No candidate locations found for operation: %53 = neura.grant_predicate %51, %52 : !neura.data<i64, i1>, !neura.data<i1, i1> -> !neura.data<i64, i1>
[HeuristicMapping] Backtracking to operation 17(depth = 1)
[HeuristicMapping] Found 12 candidate locations for operation: %32 = "neura.fadd"(%30, %31) : (!neura.data<f32, i1>, !neura.data<f32, i1>) -> !neura.data<f32, i1>
[HeuristicMapping] Trying candidate 4/5 at tile#8 @t=8
[tryRouteDataMove] Routing from Tile#0 @t=5 to Tile#8 @t=8
[tryRouteDataMove] Routing from Tile#13 @t=5 to Tile#8 @t=8
[HeuristicMapping] Successfully mapped operation %32 = "neura.fadd"(%30, %31) : (!neura.data<f32, i1>, !neura.data<f32, i1>) -> !neura.data<f32, i1>
[HeuristicMapping] No candidate locations found for operation: %53 = neura.grant_predicate %51, %52 : !neura.data<i64, i1>, !neura.data<i1, i1> -> !neura.data<i64, i1>
[HeuristicMapping] Backtracking to operation 17(depth = 1)
[HeuristicMapping] Found 12 candidate locations for operation: %32 = "neura.fadd"(%30, %31) : (!neura.data<f32, i1>, !neura.data<f32, i1>) -> !neura.data<f32, i1>
[HeuristicMapping] Trying candidate 5/5 at tile#12 @t=8
[tryRouteDataMove] Routing from Tile#0 @t=5 to Tile#12 @t=8
[tryRouteDataMove] Routing from Tile#13 @t=5 to Tile#12 @t=8
[HeuristicMapping] Successfully mapped operation %32 = "neura.fadd"(%30, %31) : (!neura.data<f32, i1>, !neura.data<f32, i1>) -> !neura.data<f32, i1>
[HeuristicMapping] No candidate locations found for operation: %53 = neura.grant_predicate %51, %52 : !neura.data<i64, i1>, !neura.data<i1, i1> -> !neura.data<i64, i1>
[HeuristicMapping] Backtracking to operation 17(depth = 1)
[HeuristicMapping] Found 12 candidate locations for operation: %32 = "neura.fadd"(%30, %31) : (!neura.data<f32, i1>, !neura.data<f32, i1>) -> !neura.data<f32, i1>
[HeuristicMapping] All 5 locations for 17 tried, backtracking...
[HeuristicMapping] Backtracking to operation 16 (depth = 2).
[HeuristicMapping] Found 22 candidate locations for operation: %26 = neura.phi_start %25, %24 : !neura.data<f32, i1>, !neura.data<f32, i1> -> !neura.data<f32, i1>
[HeuristicMapping] Trying candidate 5/5 at tile#4 @t=5
[tryRouteDataMove] Routing from Tile#0 @t=3 to Tile#4 @t=5
[HeuristicMapping] Successfully mapped operation %26 = neura.phi_start %25, %24 : !neura.data<f32, i1>, !neura.data<f32, i1> -> !neura.data<f32, i1>
[HeuristicMapping] Found 17 candidate locations for operation: %32 = "neura.fadd"(%30, %31) : (!neura.data<f32, i1>, !neura.data<f32, i1>) -> !neura.data<f32, i1>
[HeuristicMapping] Trying candidate 1/5 at tile#9 @t=7
[tryRouteDataMove] Routing from Tile#4 @t=5 to Tile#9 @t=7
[tryRouteDataMove] Routing from Tile#13 @t=5 to Tile#9 @t=7
[HeuristicMapping] Successfully mapped operation %32 = "neura.fadd"(%30, %31) : (!neura.data<f32, i1>, !neura.data<f32, i1>) -> !neura.data<f32, i1>
[HeuristicMapping] No candidate locations found for operation: %53 = neura.grant_predicate %51, %52 : !neura.data<i64, i1>, !neura.data<i1, i1> -> !neura.data<i64, i1>
[HeuristicMapping] Backtracking to operation 17(depth = 1)
[HeuristicMapping] Found 17 candidate locations for operation: %32 = "neura.fadd"(%30, %31) : (!neura.data<f32, i1>, !neura.data<f32, i1>) -> !neura.data<f32, i1>
[HeuristicMapping] Trying candidate 2/5 at tile#8 @t=7
[tryRouteDataMove] Routing from Tile#4 @t=5 to Tile#8 @t=7
[tryRouteDataMove] Routing from Tile#13 @t=5 to Tile#8 @t=7
[HeuristicMapping] Successfully mapped operation %32 = "neura.fadd"(%30, %31) : (!neura.data<f32, i1>, !neura.data<f32, i1>) -> !neura.data<f32, i1>
[HeuristicMapping] No candidate locations found for operation: %53 = neura.grant_predicate %51, %52 : !neura.data<i64, i1>, !neura.data<i1, i1> -> !neura.data<i64, i1>
[HeuristicMapping] Backtracking to operation 17(depth = 1)
[HeuristicMapping] Found 17 candidate locations for operation: %32 = "neura.fadd"(%30, %31) : (!neura.data<f32, i1>, !neura.data<f32, i1>) -> !neura.data<f32, i1>
[HeuristicMapping] Trying candidate 3/5 at tile#5 @t=8
[tryRouteDataMove] Routing from Tile#4 @t=5 to Tile#5 @t=8
[tryRouteDataMove] Routing from Tile#13 @t=5 to Tile#5 @t=8
[HeuristicMapping] Successfully mapped operation %32 = "neura.fadd"(%30, %31) : (!neura.data<f32, i1>, !neura.data<f32, i1>) -> !neura.data<f32, i1>
[HeuristicMapping] No candidate locations found for operation: %53 = neura.grant_predicate %51, %52 : !neura.data<i64, i1>, !neura.data<i1, i1> -> !neura.data<i64, i1>
[HeuristicMapping] Backtracking to operation 17(depth = 1)
[HeuristicMapping] Found 17 candidate locations for operation: %32 = "neura.fadd"(%30, %31) : (!neura.data<f32, i1>, !neura.data<f32, i1>) -> !neura.data<f32, i1>
[HeuristicMapping] Trying candidate 4/5 at tile#13 @t=8
[tryRouteDataMove] Routing from Tile#4 @t=5 to Tile#13 @t=8
[tryRouteDataMove] Routing from Tile#13 @t=5 to Tile#13 @t=8
[tryRouteDataMove] Successfully routed on same tile using Register #416
[HeuristicMapping] Successfully mapped operation %32 = "neura.fadd"(%30, %31) : (!neura.data<f32, i1>, !neura.data<f32, i1>) -> !neura.data<f32, i1>
[HeuristicMapping] No candidate locations found for operation: %53 = neura.grant_predicate %51, %52 : !neura.data<i64, i1>, !neura.data<i1, i1> -> !neura.data<i64, i1>
[HeuristicMapping] Backtracking to operation 17(depth = 1)
[HeuristicMapping] Found 17 candidate locations for operation: %32 = "neura.fadd"(%30, %31) : (!neura.data<f32, i1>, !neura.data<f32, i1>) -> !neura.data<f32, i1>
[HeuristicMapping] Trying candidate 5/5 at tile#4 @t=8
[tryRouteDataMove] Routing from Tile#4 @t=5 to Tile#4 @t=8
[tryRouteDataMove] Successfully routed on same tile using Register #128
[tryRouteDataMove] Routing from Tile#13 @t=5 to Tile#4 @t=8
[HeuristicMapping] Successfully mapped operation %32 = "neura.fadd"(%30, %31) : (!neura.data<f32, i1>, !neura.data<f32, i1>) -> !neura.data<f32, i1>
[HeuristicMapping] No candidate locations found for operation: %53 = neura.grant_predicate %51, %52 : !neura.data<i64, i1>, !neura.data<i1, i1> -> !neura.data<i64, i1>
[HeuristicMapping] Backtracking to operation 17(depth = 1)
[HeuristicMapping] Found 17 candidate locations for operation: %32 = "neura.fadd"(%30, %31) : (!neura.data<f32, i1>, !neura.data<f32, i1>) -> !neura.data<f32, i1>
[HeuristicMapping] All 5 locations for 17 tried, backtracking...
[HeuristicMapping] Backtracking to operation 16 (depth = 2).
[HeuristicMapping] Found 22 candidate locations for operation: %26 = neura.phi_start %25, %24 : !neura.data<f32, i1>, !neura.data<f32, i1> -> !neura.data<f32, i1>
[HeuristicMapping] All 5 locations for 16 tried, backtracking...
[HeuristicMapping] Backtracking to operation 15 (depth = 3).
[HeuristicMapping] Found 25 candidate locations for operation: %23 = neura.phi_start %22, %21 : !neura.data<f32, i1>, !neura.data<f32, i1> -> !neura.data<f32, i1>
[HeuristicMapping] Trying candidate 5/5 at tile#12 @t=5
[tryRouteDataMove] Routing from Tile#12 @t=3 to Tile#12 @t=5
[tryRouteDataMove] Successfully routed on same tile using Register #384
[HeuristicMapping] Successfully mapped operation %23 = neura.phi_start %22, %21 : !neura.data<f32, i1>, !neura.data<f32, i1> -> !neura.data<f32, i1>
[HeuristicMapping] Found 22 candidate locations for operation: %26 = neura.phi_start %25, %24 : !neura.data<f32, i1>, !neura.data<f32, i1> -> !neura.data<f32, i1>
[HeuristicMapping] Trying candidate 1/5 at tile#0 @t=4
[tryRouteDataMove] Routing from Tile#0 @t=3 to Tile#0 @t=4
[tryRouteDataMove] Successfully routed on same tile using Register #0
[HeuristicMapping] Successfully mapped operation %26 = neura.phi_start %25, %24 : !neura.data<f32, i1>, !neura.data<f32, i1> -> !neura.data<f32, i1>
[HeuristicMapping] Found 18 candidate locations for operation: %32 = "neura.fadd"(%30, %31) : (!neura.data<f32, i1>, !neura.data<f32, i1>) -> !neura.data<f32, i1>
[HeuristicMapping] Trying candidate 1/5 at tile#8 @t=6
[tryRouteDataMove] Routing from Tile#0 @t=4 to Tile#8 @t=6
[tryRouteDataMove] Routing from Tile#12 @t=5 to Tile#8 @t=6
[HeuristicMapping] Successfully mapped operation %32 = "neura.fadd"(%30, %31) : (!neura.data<f32, i1>, !neura.data<f32, i1>) -> !neura.data<f32, i1>
[HeuristicMapping] No candidate locations found for operation: %53 = neura.grant_predicate %51, %52 : !neura.data<i64, i1>, !neura.data<i1, i1> -> !neura.data<i64, i1>
[HeuristicMapping] Backtracking to operation 17(depth = 1)
[HeuristicMapping] Found 18 candidate locations for operation: %32 = "neura.fadd"(%30, %31) : (!neura.data<f32, i1>, !neura.data<f32, i1>) -> !neura.data<f32, i1>
[HeuristicMapping] Trying candidate 2/5 at tile#4 @t=7
[tryRouteDataMove] Routing from Tile#0 @t=4 to Tile#4 @t=7
[tryRouteDataMove] Routing from Tile#12 @t=5 to Tile#4 @t=7
[HeuristicMapping] Successfully mapped operation %32 = "neura.fadd"(%30, %31) : (!neura.data<f32, i1>, !neura.data<f32, i1>) -> !neura.data<f32, i1>
[HeuristicMapping] No candidate locations found for operation: %53 = neura.grant_predicate %51, %52 : !neura.data<i64, i1>, !neura.data<i1, i1> -> !neura.data<i64, i1>
[HeuristicMapping] Backtracking to operation 17(depth = 1)
[HeuristicMapping] Found 18 candidate locations for operation: %32 = "neura.fadd"(%30, %31) : (!neura.data<f32, i1>, !neura.data<f32, i1>) -> !neura.data<f32, i1>
[HeuristicMapping] Trying candidate 3/5 at tile#8 @t=7
[tryRouteDataMove] Routing from Tile#0 @t=4 to Tile#8 @t=7
[tryRouteDataMove] Routing from Tile#12 @t=5 to Tile#8 @t=7
[HeuristicMapping] Successfully mapped operation %32 = "neura.fadd"(%30, %31) : (!neura.data<f32, i1>, !neura.data<f32, i1>) -> !neura.data<f32, i1>
[HeuristicMapping] No candidate locations found for operation: %53 = neura.grant_predicate %51, %52 : !neura.data<i64, i1>, !neura.data<i1, i1> -> !neura.data<i64, i1>
[HeuristicMapping] Backtracking to operation 17(depth = 1)
[HeuristicMapping] Found 18 candidate locations for operation: %32 = "neura.fadd"(%30, %31) : (!neura.data<f32, i1>, !neura.data<f32, i1>) -> !neura.data<f32, i1>
[HeuristicMapping] Trying candidate 4/5 at tile#9 @t=7
[tryRouteDataMove] Routing from Tile#0 @t=4 to Tile#9 @t=7
[tryRouteDataMove] Routing from Tile#12 @t=5 to Tile#9 @t=7
[HeuristicMapping] Successfully mapped operation %32 = "neura.fadd"(%30, %31) : (!neura.data<f32, i1>, !neura.data<f32, i1>) -> !neura.data<f32, i1>
[HeuristicMapping] No candidate locations found for operation: %53 = neura.grant_predicate %51, %52 : !neura.data<i64, i1>, !neura.data<i1, i1> -> !neura.data<i64, i1>
[HeuristicMapping] Backtracking to operation 17(depth = 1)
[HeuristicMapping] Found 18 candidate locations for operation: %32 = "neura.fadd"(%30, %31) : (!neura.data<f32, i1>, !neura.data<f32, i1>) -> !neura.data<f32, i1>
[HeuristicMapping] Trying candidate 5/5 at tile#4 @t=8
[tryRouteDataMove] Routing from Tile#0 @t=4 to Tile#4 @t=8
[tryRouteDataMove] Routing from Tile#12 @t=5 to Tile#4 @t=8
[HeuristicMapping] Successfully mapped operation %32 = "neura.fadd"(%30, %31) : (!neura.data<f32, i1>, !neura.data<f32, i1>) -> !neura.data<f32, i1>
[HeuristicMapping] No candidate locations found for operation: %53 = neura.grant_predicate %51, %52 : !neura.data<i64, i1>, !neura.data<i1, i1> -> !neura.data<i64, i1>
[HeuristicMapping] Backtracking to operation 17(depth = 1)
[HeuristicMapping] Found 18 candidate locations for operation: %32 = "neura.fadd"(%30, %31) : (!neura.data<f32, i1>, !neura.data<f32, i1>) -> !neura.data<f32, i1>
[HeuristicMapping] All 5 locations for 17 tried, backtracking...
[HeuristicMapping] Backtracking to operation 16 (depth = 2).
[HeuristicMapping] Found 22 candidate locations for operation: %26 = neura.phi_start %25, %24 : !neura.data<f32, i1>, !neura.data<f32, i1> -> !neura.data<f32, i1>
[HeuristicMapping] Trying candidate 2/5 at tile#1 @t=4
[tryRouteDataMove] Routing from Tile#0 @t=3 to Tile#1 @t=4
[HeuristicMapping] Successfully mapped operation %26 = neura.phi_start %25, %24 : !neura.data<f32, i1>, !neura.data<f32, i1> -> !neura.data<f32, i1>
[HeuristicMapping] Found 21 candidate locations for operation: %32 = "neura.fadd"(%30, %31) : (!neura.data<f32, i1>, !neura.data<f32, i1>) -> !neura.data<f32, i1>
[HeuristicMapping] Trying candidate 1/5 at tile#9 @t=7
[tryRouteDataMove] Routing from Tile#1 @t=4 to Tile#9 @t=7
[tryRouteDataMove] Routing from Tile#12 @t=5 to Tile#9 @t=7
[HeuristicMapping] Successfully mapped operation %32 = "neura.fadd"(%30, %31) : (!neura.data<f32, i1>, !neura.data<f32, i1>) -> !neura.data<f32, i1>
[HeuristicMapping] No candidate locations found for operation: %53 = neura.grant_predicate %51, %52 : !neura.data<i64, i1>, !neura.data<i1, i1> -> !neura.data<i64, i1>
[HeuristicMapping] Backtracking to operation 17(depth = 1)
[HeuristicMapping] Found 21 candidate locations for operation: %32 = "neura.fadd"(%30, %31) : (!neura.data<f32, i1>, !neura.data<f32, i1>) -> !neura.data<f32, i1>
[HeuristicMapping] Trying candidate 2/5 at tile#13 @t=7
[tryRouteDataMove] Routing from Tile#1 @t=4 to Tile#13 @t=7
[tryRouteDataMove] Routing from Tile#12 @t=5 to Tile#13 @t=7
[HeuristicMapping] Successfully mapped operation %32 = "neura.fadd"(%30, %31) : (!neura.data<f32, i1>, !neura.data<f32, i1>) -> !neura.data<f32, i1>
[HeuristicMapping] No candidate locations found for operation: %53 = neura.grant_predicate %51, %52 : !neura.data<i64, i1>, !neura.data<i1, i1> -> !neura.data<i64, i1>
[HeuristicMapping] Backtracking to operation 17(depth = 1)
[HeuristicMapping] Found 21 candidate locations for operation: %32 = "neura.fadd"(%30, %31) : (!neura.data<f32, i1>, !neura.data<f32, i1>) -> !neura.data<f32, i1>
[HeuristicMapping] Trying candidate 3/5 at tile#4 @t=7
[tryRouteDataMove] Routing from Tile#1 @t=4 to Tile#4 @t=7
[tryRouteDataMove] Routing from Tile#12 @t=5 to Tile#4 @t=7
[HeuristicMapping] Successfully mapped operation %32 = "neura.fadd"(%30, %31) : (!neura.data<f32, i1>, !neura.data<f32, i1>) -> !neura.data<f32, i1>
[HeuristicMapping] No candidate locations found for operation: %53 = neura.grant_predicate %51, %52 : !neura.data<i64, i1>, !neura.data<i1, i1> -> !neura.data<i64, i1>
[HeuristicMapping] Backtracking to operation 17(depth = 1)
[HeuristicMapping] Found 21 candidate locations for operation: %32 = "neura.fadd"(%30, %31) : (!neura.data<f32, i1>, !neura.data<f32, i1>) -> !neura.data<f32, i1>
[HeuristicMapping] Trying candidate 4/5 at tile#8 @t=7
[tryRouteDataMove] Routing from Tile#1 @t=4 to Tile#8 @t=7
[tryRouteDataMove] Routing from Tile#12 @t=5 to Tile#8 @t=7
[HeuristicMapping] Successfully mapped operation %32 = "neura.fadd"(%30, %31) : (!neura.data<f32, i1>, !neura.data<f32, i1>) -> !neura.data<f32, i1>
[HeuristicMapping] No candidate locations found for operation: %53 = neura.grant_predicate %51, %52 : !neura.data<i64, i1>, !neura.data<i1, i1> -> !neura.data<i64, i1>
[HeuristicMapping] Backtracking to operation 17(depth = 1)
[HeuristicMapping] Found 21 candidate locations for operation: %32 = "neura.fadd"(%30, %31) : (!neura.data<f32, i1>, !neura.data<f32, i1>) -> !neura.data<f32, i1>
[HeuristicMapping] Trying candidate 5/5 at tile#5 @t=8
[tryRouteDataMove] Routing from Tile#1 @t=4 to Tile#5 @t=8
[tryRouteDataMove] Routing from Tile#12 @t=5 to Tile#5 @t=8
[HeuristicMapping] Successfully mapped operation %32 = "neura.fadd"(%30, %31) : (!neura.data<f32, i1>, !neura.data<f32, i1>) -> !neura.data<f32, i1>
[HeuristicMapping] No candidate locations found for operation: %53 = neura.grant_predicate %51, %52 : !neura.data<i64, i1>, !neura.data<i1, i1> -> !neura.data<i64, i1>
[HeuristicMapping] Backtracking to operation 17(depth = 1)
[HeuristicMapping] Found 21 candidate locations for operation: %32 = "neura.fadd"(%30, %31) : (!neura.data<f32, i1>, !neura.data<f32, i1>) -> !neura.data<f32, i1>
[HeuristicMapping] All 5 locations for 17 tried, backtracking...
[HeuristicMapping] Backtracking to operation 16 (depth = 2).
[HeuristicMapping] Found 22 candidate locations for operation: %26 = neura.phi_start %25, %24 : !neura.data<f32, i1>, !neura.data<f32, i1> -> !neura.data<f32, i1>
[HeuristicMapping] Trying candidate 3/5 at tile#4 @t=4
[tryRouteDataMove] Routing from Tile#0 @t=3 to Tile#4 @t=4
[HeuristicMapping] Successfully mapped operation %26 = neura.phi_start %25, %24 : !neura.data<f32, i1>, !neura.data<f32, i1> -> !neura.data<f32, i1>
[HeuristicMapping] Found 21 candidate locations for operation: %32 = "neura.fadd"(%30, %31) : (!neura.data<f32, i1>, !neura.data<f32, i1>) -> !neura.data<f32, i1>
[HeuristicMapping] Trying candidate 1/5 at tile#8 @t=6
[tryRouteDataMove] Routing from Tile#4 @t=4 to Tile#8 @t=6
[tryRouteDataMove] Routing from Tile#12 @t=5 to Tile#8 @t=6
[HeuristicMapping] Successfully mapped operation %32 = "neura.fadd"(%30, %31) : (!neura.data<f32, i1>, !neura.data<f32, i1>) -> !neura.data<f32, i1>
[HeuristicMapping] No candidate locations found for operation: %53 = neura.grant_predicate %51, %52 : !neura.data<i64, i1>, !neura.data<i1, i1> -> !neura.data<i64, i1>
[HeuristicMapping] Backtracking to operation 17(depth = 1)
[HeuristicMapping] Found 21 candidate locations for operation: %32 = "neura.fadd"(%30, %31) : (!neura.data<f32, i1>, !neura.data<f32, i1>) -> !neura.data<f32, i1>
[HeuristicMapping] Trying candidate 2/5 at tile#8 @t=7
[tryRouteDataMove] Routing from Tile#4 @t=4 to Tile#8 @t=7
[tryRouteDataMove] Routing from Tile#12 @t=5 to Tile#8 @t=7
[HeuristicMapping] Successfully mapped operation %32 = "neura.fadd"(%30, %31) : (!neura.data<f32, i1>, !neura.data<f32, i1>) -> !neura.data<f32, i1>
[HeuristicMapping] No candidate locations found for operation: %53 = neura.grant_predicate %51, %52 : !neura.data<i64, i1>, !neura.data<i1, i1> -> !neura.data<i64, i1>
[HeuristicMapping] Backtracking to operation 17(depth = 1)
[HeuristicMapping] Found 21 candidate locations for operation: %32 = "neura.fadd"(%30, %31) : (!neura.data<f32, i1>, !neura.data<f32, i1>) -> !neura.data<f32, i1>
[HeuristicMapping] Trying candidate 3/5 at tile#4 @t=7
[tryRouteDataMove] Routing from Tile#4 @t=4 to Tile#4 @t=7
[tryRouteDataMove] Successfully routed on same tile using Register #128
[tryRouteDataMove] Routing from Tile#12 @t=5 to Tile#4 @t=7
[HeuristicMapping] Successfully mapped operation %32 = "neura.fadd"(%30, %31) : (!neura.data<f32, i1>, !neura.data<f32, i1>) -> !neura.data<f32, i1>
[HeuristicMapping] No candidate locations found for operation: %53 = neura.grant_predicate %51, %52 : !neura.data<i64, i1>, !neura.data<i1, i1> -> !neura.data<i64, i1>
[HeuristicMapping] Backtracking to operation 17(depth = 1)
[HeuristicMapping] Found 21 candidate locations for operation: %32 = "neura.fadd"(%30, %31) : (!neura.data<f32, i1>, !neura.data<f32, i1>) -> !neura.data<f32, i1>
[HeuristicMapping] Trying candidate 4/5 at tile#9 @t=7
[tryRouteDataMove] Routing from Tile#4 @t=4 to Tile#9 @t=7
[tryRouteDataMove] Routing from Tile#12 @t=5 to Tile#9 @t=7
[HeuristicMapping] Successfully mapped operation %32 = "neura.fadd"(%30, %31) : (!neura.data<f32, i1>, !neura.data<f32, i1>) -> !neura.data<f32, i1>
[HeuristicMapping] No candidate locations found for operation: %53 = neura.grant_predicate %51, %52 : !neura.data<i64, i1>, !neura.data<i1, i1> -> !neura.data<i64, i1>
[HeuristicMapping] Backtracking to operation 17(depth = 1)
[HeuristicMapping] Found 21 candidate locations for operation: %32 = "neura.fadd"(%30, %31) : (!neura.data<f32, i1>, !neura.data<f32, i1>) -> !neura.data<f32, i1>
[HeuristicMapping] Trying candidate 5/5 at tile#8 @t=8
[tryRouteDataMove] Routing from Tile#4 @t=4 to Tile#8 @t=8
[tryRouteDataMove] Routing from Tile#12 @t=5 to Tile#8 @t=8
[HeuristicMapping] Successfully mapped operation %32 = "neura.fadd"(%30, %31) : (!neura.data<f32, i1>, !neura.data<f32, i1>) -> !neura.data<f32, i1>
[HeuristicMapping] No candidate locations found for operation: %53 = neura.grant_predicate %51, %52 : !neura.data<i64, i1>, !neura.data<i1, i1> -> !neura.data<i64, i1>
[HeuristicMapping] Backtracking to operation 17(depth = 1)
[HeuristicMapping] Found 21 candidate locations for operation: %32 = "neura.fadd"(%30, %31) : (!neura.data<f32, i1>, !neura.data<f32, i1>) -> !neura.data<f32, i1>
[HeuristicMapping] All 5 locations for 17 tried, backtracking...
[HeuristicMapping] Backtracking to operation 16 (depth = 2).
[HeuristicMapping] Found 22 candidate locations for operation: %26 = neura.phi_start %25, %24 : !neura.data<f32, i1>, !neura.data<f32, i1> -> !neura.data<f32, i1>
[HeuristicMapping] Trying candidate 4/5 at tile#0 @t=5
[tryRouteDataMove] Routing from Tile#0 @t=3 to Tile#0 @t=5
[tryRouteDataMove] Successfully routed on same tile using Register #0
[HeuristicMapping] Successfully mapped operation %26 = neura.phi_start %25, %24 : !neura.data<f32, i1>, !neura.data<f32, i1> -> !neura.data<f32, i1>
[HeuristicMapping] Found 12 candidate locations for operation: %32 = "neura.fadd"(%30, %31) : (!neura.data<f32, i1>, !neura.data<f32, i1>) -> !neura.data<f32, i1>
[HeuristicMapping] Trying candidate 1/5 at tile#4 @t=7
[tryRouteDataMove] Routing from Tile#0 @t=5 to Tile#4 @t=7
[tryRouteDataMove] Routing from Tile#12 @t=5 to Tile#4 @t=7
[HeuristicMapping] Successfully mapped operation %32 = "neura.fadd"(%30, %31) : (!neura.data<f32, i1>, !neura.data<f32, i1>) -> !neura.data<f32, i1>
[HeuristicMapping] No candidate locations found for operation: %53 = neura.grant_predicate %51, %52 : !neura.data<i64, i1>, !neura.data<i1, i1> -> !neura.data<i64, i1>
[HeuristicMapping] Backtracking to operation 17(depth = 1)
[HeuristicMapping] Found 12 candidate locations for operation: %32 = "neura.fadd"(%30, %31) : (!neura.data<f32, i1>, !neura.data<f32, i1>) -> !neura.data<f32, i1>
[HeuristicMapping] Trying candidate 2/5 at tile#8 @t=7
[tryRouteDataMove] Routing from Tile#0 @t=5 to Tile#8 @t=7
[tryRouteDataMove] Routing from Tile#12 @t=5 to Tile#8 @t=7
[HeuristicMapping] Successfully mapped operation %32 = "neura.fadd"(%30, %31) : (!neura.data<f32, i1>, !neura.data<f32, i1>) -> !neura.data<f32, i1>
[HeuristicMapping] No candidate locations found for operation: %53 = neura.grant_predicate %51, %52 : !neura.data<i64, i1>, !neura.data<i1, i1> -> !neura.data<i64, i1>
[HeuristicMapping] Backtracking to operation 17(depth = 1)
[HeuristicMapping] Found 12 candidate locations for operation: %32 = "neura.fadd"(%30, %31) : (!neura.data<f32, i1>, !neura.data<f32, i1>) -> !neura.data<f32, i1>
[HeuristicMapping] Trying candidate 3/5 at tile#4 @t=8
[tryRouteDataMove] Routing from Tile#0 @t=5 to Tile#4 @t=8
[tryRouteDataMove] Routing from Tile#12 @t=5 to Tile#4 @t=8
[HeuristicMapping] Successfully mapped operation %32 = "neura.fadd"(%30, %31) : (!neura.data<f32, i1>, !neura.data<f32, i1>) -> !neura.data<f32, i1>
[HeuristicMapping] No candidate locations found for operation: %53 = neura.grant_predicate %51, %52 : !neura.data<i64, i1>, !neura.data<i1, i1> -> !neura.data<i64, i1>
[HeuristicMapping] Backtracking to operation 17(depth = 1)
[HeuristicMapping] Found 12 candidate locations for operation: %32 = "neura.fadd"(%30, %31) : (!neura.data<f32, i1>, !neura.data<f32, i1>) -> !neura.data<f32, i1>
[HeuristicMapping] Trying candidate 4/5 at tile#8 @t=8
[tryRouteDataMove] Routing from Tile#0 @t=5 to Tile#8 @t=8
[tryRouteDataMove] Routing from Tile#12 @t=5 to Tile#8 @t=8
[HeuristicMapping] Successfully mapped operation %32 = "neura.fadd"(%30, %31) : (!neura.data<f32, i1>, !neura.data<f32, i1>) -> !neura.data<f32, i1>
[HeuristicMapping] No candidate locations found for operation: %53 = neura.grant_predicate %51, %52 : !neura.data<i64, i1>, !neura.data<i1, i1> -> !neura.data<i64, i1>
[HeuristicMapping] Backtracking to operation 17(depth = 1)
[HeuristicMapping] Found 12 candidate locations for operation: %32 = "neura.fadd"(%30, %31) : (!neura.data<f32, i1>, !neura.data<f32, i1>) -> !neura.data<f32, i1>
[HeuristicMapping] Trying candidate 5/5 at tile#0 @t=8
[tryRouteDataMove] Routing from Tile#0 @t=5 to Tile#0 @t=8
[tryRouteDataMove] Successfully routed on same tile using Register #1
[tryRouteDataMove] Routing from Tile#12 @t=5 to Tile#0 @t=8
[HeuristicMapping] Successfully mapped operation %32 = "neura.fadd"(%30, %31) : (!neura.data<f32, i1>, !neura.data<f32, i1>) -> !neura.data<f32, i1>
[HeuristicMapping] No candidate locations found for operation: %53 = neura.grant_predicate %51, %52 : !neura.data<i64, i1>, !neura.data<i1, i1> -> !neura.data<i64, i1>
[HeuristicMapping] Backtracking to operation 17(depth = 1)
[HeuristicMapping] Found 12 candidate locations for operation: %32 = "neura.fadd"(%30, %31) : (!neura.data<f32, i1>, !neura.data<f32, i1>) -> !neura.data<f32, i1>
[HeuristicMapping] All 5 locations for 17 tried, backtracking...
[HeuristicMapping] Backtracking to operation 16 (depth = 2).
[HeuristicMapping] Found 22 candidate locations for operation: %26 = neura.phi_start %25, %24 : !neura.data<f32, i1>, !neura.data<f32, i1> -> !neura.data<f32, i1>
[HeuristicMapping] Trying candidate 5/5 at tile#4 @t=5
[tryRouteDataMove] Routing from Tile#0 @t=3 to Tile#4 @t=5
[HeuristicMapping] Successfully mapped operation %26 = neura.phi_start %25, %24 : !neura.data<f32, i1>, !neura.data<f32, i1> -> !neura.data<f32, i1>
[HeuristicMapping] Found 18 candidate locations for operation: %32 = "neura.fadd"(%30, %31) : (!neura.data<f32, i1>, !neura.data<f32, i1>) -> !neura.data<f32, i1>
[HeuristicMapping] Trying candidate 1/5 at tile#8 @t=6
[tryRouteDataMove] Routing from Tile#4 @t=5 to Tile#8 @t=6
[tryRouteDataMove] Routing from Tile#12 @t=5 to Tile#8 @t=6
[HeuristicMapping] Successfully mapped operation %32 = "neura.fadd"(%30, %31) : (!neura.data<f32, i1>, !neura.data<f32, i1>) -> !neura.data<f32, i1>
[HeuristicMapping] No candidate locations found for operation: %53 = neura.grant_predicate %51, %52 : !neura.data<i64, i1>, !neura.data<i1, i1> -> !neura.data<i64, i1>
[HeuristicMapping] Backtracking to operation 17(depth = 1)
[HeuristicMapping] Found 18 candidate locations for operation: %32 = "neura.fadd"(%30, %31) : (!neura.data<f32, i1>, !neura.data<f32, i1>) -> !neura.data<f32, i1>
[HeuristicMapping] Trying candidate 2/5 at tile#8 @t=7
[tryRouteDataMove] Routing from Tile#4 @t=5 to Tile#8 @t=7
[tryRouteDataMove] Routing from Tile#12 @t=5 to Tile#8 @t=7
[HeuristicMapping] Successfully mapped operation %32 = "neura.fadd"(%30, %31) : (!neura.data<f32, i1>, !neura.data<f32, i1>) -> !neura.data<f32, i1>
[HeuristicMapping] No candidate locations found for operation: %53 = neura.grant_predicate %51, %52 : !neura.data<i64, i1>, !neura.data<i1, i1> -> !neura.data<i64, i1>
[HeuristicMapping] Backtracking to operation 17(depth = 1)
[HeuristicMapping] Found 18 candidate locations for operation: %32 = "neura.fadd"(%30, %31) : (!neura.data<f32, i1>, !neura.data<f32, i1>) -> !neura.data<f32, i1>
[HeuristicMapping] Trying candidate 3/5 at tile#4 @t=7
[tryRouteDataMove] Routing from Tile#4 @t=5 to Tile#4 @t=7
[tryRouteDataMove] Successfully routed on same tile using Register #128
[tryRouteDataMove] Routing from Tile#12 @t=5 to Tile#4 @t=7
[HeuristicMapping] Successfully mapped operation %32 = "neura.fadd"(%30, %31) : (!neura.data<f32, i1>, !neura.data<f32, i1>) -> !neura.data<f32, i1>
[HeuristicMapping] No candidate locations found for operation: %53 = neura.grant_predicate %51, %52 : !neura.data<i64, i1>, !neura.data<i1, i1> -> !neura.data<i64, i1>
[HeuristicMapping] Backtracking to operation 17(depth = 1)
[HeuristicMapping] Found 18 candidate locations for operation: %32 = "neura.fadd"(%30, %31) : (!neura.data<f32, i1>, !neura.data<f32, i1>) -> !neura.data<f32, i1>
[HeuristicMapping] Trying candidate 4/5 at tile#9 @t=7
[tryRouteDataMove] Routing from Tile#4 @t=5 to Tile#9 @t=7
[tryRouteDataMove] Routing from Tile#12 @t=5 to Tile#9 @t=7
[HeuristicMapping] Successfully mapped operation %32 = "neura.fadd"(%30, %31) : (!neura.data<f32, i1>, !neura.data<f32, i1>) -> !neura.data<f32, i1>
[HeuristicMapping] No candidate locations found for operation: %53 = neura.grant_predicate %51, %52 : !neura.data<i64, i1>, !neura.data<i1, i1> -> !neura.data<i64, i1>
[HeuristicMapping] Backtracking to operation 17(depth = 1)
[HeuristicMapping] Found 18 candidate locations for operation: %32 = "neura.fadd"(%30, %31) : (!neura.data<f32, i1>, !neura.data<f32, i1>) -> !neura.data<f32, i1>
[HeuristicMapping] Trying candidate 5/5 at tile#4 @t=8
[tryRouteDataMove] Routing from Tile#4 @t=5 to Tile#4 @t=8
[tryRouteDataMove] Successfully routed on same tile using Register #128
[tryRouteDataMove] Routing from Tile#12 @t=5 to Tile#4 @t=8
[HeuristicMapping] Successfully mapped operation %32 = "neura.fadd"(%30, %31) : (!neura.data<f32, i1>, !neura.data<f32, i1>) -> !neura.data<f32, i1>
[HeuristicMapping] No candidate locations found for operation: %53 = neura.grant_predicate %51, %52 : !neura.data<i64, i1>, !neura.data<i1, i1> -> !neura.data<i64, i1>
[HeuristicMapping] Backtracking to operation 17(depth = 1)
[HeuristicMapping] Found 18 candidate locations for operation: %32 = "neura.fadd"(%30, %31) : (!neura.data<f32, i1>, !neura.data<f32, i1>) -> !neura.data<f32, i1>
[HeuristicMapping] All 5 locations for 17 tried, backtracking...
[HeuristicMapping] Backtracking to operation 16 (depth = 2).
[HeuristicMapping] Found 22 candidate locations for operation: %26 = neura.phi_start %25, %24 : !neura.data<f32, i1>, !neura.data<f32, i1> -> !neura.data<f32, i1>
[HeuristicMapping] All 5 locations for 16 tried, backtracking...
[HeuristicMapping] Backtracking to operation 15 (depth = 3).
[HeuristicMapping] Found 25 candidate locations for operation: %23 = neura.phi_start %22, %21 : !neura.data<f32, i1>, !neura.data<f32, i1> -> !neura.data<f32, i1>
[HeuristicMapping] All 5 locations for 15 tried, backtracking...
[HeuristicMapping] Backtracking to operation 14 (depth = 4).
[HeuristicMapping] Max backtrack depth exceeded: 4 > 3.
---------------------------------------------------------
[HeuristicMapping] Starting mapping with 67 operations.
Configuration: MAX Backtrack Depth = 3, MAX Candidate Locations = 5
[HeuristicMapping] Filtered 41 non-materialized operations, 26 operations require physical mapping.
[HeuristicMapping] Materialized operations list:
0 %3 = "neura.constant"() <{value = 0 : i64}> : () -> !neura.data<i64, i1> (level: 0)
1 %6 = "neura.constant"() <{value = 1 : i64}> : () -> !neura.data<i64, i1> (level: 0)
2 %5 = "neura.grant_once"(%4) : (!neura.data<i64, i1>) -> !neura.data<i64, i1> (level: 1)
3 %8 = "neura.grant_once"(%7) : (!neura.data<i64, i1>) -> !neura.data<i64, i1> (level: 1)
4 %0 = "neura.constant"() <{value = 10 : i64}> : () -> !neura.data<i64, i1> (level: 1)
5 %20 = neura.phi_start %19, %18 : !neura.data<i64, i1>, !neura.data<i64, i1> -> !neura.data<i64, i1> (level: 2)
6 %29 = neura.phi_start %28, %27 : !neura.data<i64, i1>, !neura.data<i64, i1> -> !neura.data<i64, i1> (level: 2)
7 %2 = "neura.grant_once"(%1) : (!neura.data<i64, i1>) -> !neura.data<i64, i1> (level: 2)
8 %9 = "neura.constant"() <{value = 3.000000e+00 : f32}> : () -> !neura.data<f32, i1> (level: 2)
9 %12 = "neura.constant"() <{value = 0.000000e+00 : f32}> : () -> !neura.data<f32, i1> (level: 2)
10 %17 = neura.phi_start %16, %15 : !neura.data<i64, i1>, !neura.data<i64, i1> -> !neura.data<i64, i1> (level: 3)
11 %35 = "neura.add"(%33, %34) : (!neura.data<i64, i1>, !neura.data<i64, i1>) -> !neura.data<i64, i1> (level: 3)
12 %11 = "neura.grant_once"(%10) : (!neura.data<f32, i1>) -> !neura.data<f32, i1> (level: 3)
13 %14 = "neura.grant_once"(%13) : (!neura.data<f32, i1>) -> !neura.data<f32, i1> (level: 3)
14 %38 = "neura.icmp"(%36, %37) <{cmpType = "slt"}> : (!neura.data<i64, i1>, !neura.data<i64, i1>) -> !neura.data<i1, i1> (level: 4)
15 %23 = neura.phi_start %22, %21 : !neura.data<f32, i1>, !neura.data<f32, i1> -> !neura.data<f32, i1> (level: 4)
16 %26 = neura.phi_start %25, %24 : !neura.data<f32, i1>, !neura.data<f32, i1> -> !neura.data<f32, i1> (level: 4)
17 %32 = "neura.fadd"(%30, %31) : (!neura.data<f32, i1>, !neura.data<f32, i1>) -> !neura.data<f32, i1> (level: 5)
18 %53 = neura.grant_predicate %51, %52 : !neura.data<i64, i1>, !neura.data<i1, i1> -> !neura.data<i64, i1> (level: 5)
19 %50 = neura.grant_predicate %48, %49 : !neura.data<i64, i1>, !neura.data<i1, i1> -> !neura.data<i64, i1> (level: 5)
20 %41 = neura.grant_predicate %39, %40 : !neura.data<i64, i1>, !neura.data<i1, i1> -> !neura.data<i64, i1> (level: 5)
21 %55 = "neura.not"(%54) : (!neura.data<i1, i1>) -> !neura.data<i1, i1> (level: 5)
22 %58 = neura.grant_predicate %56, %57 : !neura.data<f32, i1>, !neura.data<i1, i1> -> !neura.data<f32, i1> (level: 6)
23 %47 = neura.grant_predicate %45, %46 : !neura.data<f32, i1>, !neura.data<i1, i1> -> !neura.data<f32, i1> (level: 7)
24 %44 = neura.grant_predicate %42, %43 : !neura.data<f32, i1>, !neura.data<i1, i1> -> !neura.data<f32, i1> (level: 7)
25 neura.return_value %59 : !neura.data<f32, i1> (level: 7)
[HeuristicMapping] Found 80 candidate locations for operation: %3 = "neura.constant"() <{value = 0 : i64}> : () -> !neura.data<i64, i1>
[HeuristicMapping] Trying candidate 1/5 at tile#10 @t=0
[HeuristicMapping] Successfully mapped operation %3 = "neura.constant"() <{value = 0 : i64}> : () -> !neura.data<i64, i1>
[HeuristicMapping] Found 79 candidate locations for operation: %6 = "neura.constant"() <{value = 1 : i64}> : () -> !neura.data<i64, i1>
[HeuristicMapping] Trying candidate 1/5 at tile#5 @t=0
[HeuristicMapping] Successfully mapped operation %6 = "neura.constant"() <{value = 1 : i64}> : () -> !neura.data<i64, i1>
[HeuristicMapping] Found 61 candidate locations for operation: %5 = "neura.grant_once"(%4) : (!neura.data<i64, i1>) -> !neura.data<i64, i1>
[HeuristicMapping] Trying candidate 1/5 at tile#10 @t=1
[tryRouteDataMove] Routing from Tile#10 @t=0 to Tile#10 @t=1
[tryRouteDataMove] Successfully routed on same tile using Register #320
[HeuristicMapping] Successfully mapped operation %5 = "neura.grant_once"(%4) : (!neura.data<i64, i1>) -> !neura.data<i64, i1>
[HeuristicMapping] Found 61 candidate locations for operation: %8 = "neura.grant_once"(%7) : (!neura.data<i64, i1>) -> !neura.data<i64, i1>
[HeuristicMapping] Trying candidate 1/5 at tile#5 @t=1
[tryRouteDataMove] Routing from Tile#5 @t=0 to Tile#5 @t=1
[tryRouteDataMove] Successfully routed on same tile using Register #160
[HeuristicMapping] Successfully mapped operation %8 = "neura.grant_once"(%7) : (!neura.data<i64, i1>) -> !neura.data<i64, i1>
[HeuristicMapping] Found 76 candidate locations for operation: %0 = "neura.constant"() <{value = 10 : i64}> : () -> !neura.data<i64, i1>
[HeuristicMapping] Trying candidate 1/5 at tile#0 @t=1
[HeuristicMapping] Successfully mapped operation %0 = "neura.constant"() <{value = 10 : i64}> : () -> !neura.data<i64, i1>
[HeuristicMapping] Found 58 candidate locations for operation: %20 = neura.phi_start %19, %18 : !neura.data<i64, i1>, !neura.data<i64, i1> -> !neura.data<i64, i1>
[HeuristicMapping] Trying candidate 1/5 at tile#5 @t=2
[tryRouteDataMove] Routing from Tile#5 @t=1 to Tile#5 @t=2
[tryRouteDataMove] Successfully routed on same tile using Register #160
[HeuristicMapping] Successfully mapped operation %20 = neura.phi_start %19, %18 : !neura.data<i64, i1>, !neura.data<i64, i1> -> !neura.data<i64, i1>
[HeuristicMapping] Found 58 candidate locations for operation: %29 = neura.phi_start %28, %27 : !neura.data<i64, i1>, !neura.data<i64, i1> -> !neura.data<i64, i1>
[HeuristicMapping] Trying candidate 1/5 at tile#10 @t=2
[tryRouteDataMove] Routing from Tile#10 @t=1 to Tile#10 @t=2
[tryRouteDataMove] Successfully routed on same tile using Register #320
[HeuristicMapping] Successfully mapped operation %29 = neura.phi_start %28, %27 : !neura.data<i64, i1>, !neura.data<i64, i1> -> !neura.data<i64, i1>
[HeuristicMapping] Found 42 candidate locations for operation: %2 = "neura.grant_once"(%1) : (!neura.data<i64, i1>) -> !neura.data<i64, i1>
[HeuristicMapping] Trying candidate 1/5 at tile#0 @t=2
[tryRouteDataMove] Routing from Tile#0 @t=1 to Tile#0 @t=2
[tryRouteDataMove] Successfully routed on same tile using Register #0
[HeuristicMapping] Successfully mapped operation %2 = "neura.grant_once"(%1) : (!neura.data<i64, i1>) -> !neura.data<i64, i1>
[HeuristicMapping] Found 72 candidate locations for operation: %9 = "neura.constant"() <{value = 3.000000e+00 : f32}> : () -> !neura.data<f32, i1>
[HeuristicMapping] Trying candidate 1/5 at tile#11 @t=2
[HeuristicMapping] Successfully mapped operation %9 = "neura.constant"() <{value = 3.000000e+00 : f32}> : () -> !neura.data<f32, i1>
[HeuristicMapping] Found 71 candidate locations for operation: %12 = "neura.constant"() <{value = 0.000000e+00 : f32}> : () -> !neura.data<f32, i1>
[HeuristicMapping] Trying candidate 1/5 at tile#8 @t=2
[HeuristicMapping] Successfully mapped operation %12 = "neura.constant"() <{value = 0.000000e+00 : f32}> : () -> !neura.data<f32, i1>
[HeuristicMapping] Found 38 candidate locations for operation: %17 = neura.phi_start %16, %15 : !neura.data<i64, i1>, !neura.data<i64, i1> -> !neura.data<i64, i1>
[HeuristicMapping] Trying candidate 1/5 at tile#1 @t=3
[tryRouteDataMove] Routing from Tile#0 @t=2 to Tile#1 @t=3
[HeuristicMapping] Successfully mapped operation %17 = neura.phi_start %16, %15 : !neura.data<i64, i1>, !neura.data<i64, i1> -> !neura.data<i64, i1>
[HeuristicMapping] Found 46 candidate locations for operation: %35 = "neura.add"(%33, %34) : (!neura.data<i64, i1>, !neura.data<i64, i1>) -> !neura.data<i64, i1>
[HeuristicMapping] Trying candidate 1/5 at tile#9 @t=3
[tryRouteDataMove] Routing from Tile#10 @t=2 to Tile#9 @t=3
[tryRouteDataMove] Routing from Tile#5 @t=2 to Tile#9 @t=3
[HeuristicMapping] Successfully mapped operation %35 = "neura.add"(%33, %34) : (!neura.data<i64, i1>, !neura.data<i64, i1>) -> !neura.data<i64, i1>
[HeuristicMapping] Found 46 candidate locations for operation: %11 = "neura.grant_once"(%10) : (!neura.data<f32, i1>) -> !neura.data<f32, i1>
[HeuristicMapping] Trying candidate 1/5 at tile#11 @t=3
[tryRouteDataMove] Routing from Tile#11 @t=2 to Tile#11 @t=3
[tryRouteDataMove] Successfully routed on same tile using Register #352
[HeuristicMapping] Successfully mapped operation %11 = "neura.grant_once"(%10) : (!neura.data<f32, i1>) -> !neura.data<f32, i1>
[HeuristicMapping] Found 44 candidate locations for operation: %14 = "neura.grant_once"(%13) : (!neura.data<f32, i1>) -> !neura.data<f32, i1>
[HeuristicMapping] Trying candidate 1/5 at tile#8 @t=3
[tryRouteDataMove] Routing from Tile#8 @t=2 to Tile#8 @t=3
[tryRouteDataMove] Successfully routed on same tile using Register #256
[HeuristicMapping] Successfully mapped operation %14 = "neura.grant_once"(%13) : (!neura.data<f32, i1>) -> !neura.data<f32, i1>
[HeuristicMapping] Found 35 candidate locations for operation: %38 = "neura.icmp"(%36, %37) <{cmpType = "slt"}> : (!neura.data<i64, i1>, !neura.data<i64, i1>) -> !neura.data<i1, i1>
[HeuristicMapping] Trying candidate 1/5 at tile#5 @t=4
[tryRouteDataMove] Routing from Tile#9 @t=3 to Tile#5 @t=4
[tryRouteDataMove] Routing from Tile#1 @t=3 to Tile#5 @t=4
[HeuristicMapping] Successfully mapped operation %38 = "neura.icmp"(%36, %37) <{cmpType = "slt"}> : (!neura.data<i64, i1>, !neura.data<i64, i1>) -> !neura.data<i1, i1>
[HeuristicMapping] Found 44 candidate locations for operation: %23 = neura.phi_start %22, %21 : !neura.data<f32, i1>, !neura.data<f32, i1> -> !neura.data<f32, i1>
[HeuristicMapping] Trying candidate 1/5 at tile#10 @t=4
[tryRouteDataMove] Routing from Tile#11 @t=3 to Tile#10 @t=4
[HeuristicMapping] Successfully mapped operation %23 = neura.phi_start %22, %21 : !neura.data<f32, i1>, !neura.data<f32, i1> -> !neura.data<f32, i1>
[HeuristicMapping] Found 41 candidate locations for operation: %26 = neura.phi_start %25, %24 : !neura.data<f32, i1>, !neura.data<f32, i1> -> !neura.data<f32, i1>
[HeuristicMapping] Trying candidate 1/5 at tile#9 @t=4
[tryRouteDataMove] Routing from Tile#8 @t=3 to Tile#9 @t=4
[HeuristicMapping] Successfully mapped operation %26 = neura.phi_start %25, %24 : !neura.data<f32, i1>, !neura.data<f32, i1> -> !neura.data<f32, i1>
[HeuristicMapping] Found 42 candidate locations for operation: %32 = "neura.fadd"(%30, %31) : (!neura.data<f32, i1>, !neura.data<f32, i1>) -> !neura.data<f32, i1>
[HeuristicMapping] Trying candidate 1/5 at tile#9 @t=5
[tryRouteDataMove] Routing from Tile#9 @t=4 to Tile#9 @t=5
[tryRouteDataMove] Successfully routed on same tile using Register #288
[tryRouteDataMove] Routing from Tile#10 @t=4 to Tile#9 @t=5
[HeuristicMapping] Successfully mapped operation %32 = "neura.fadd"(%30, %31) : (!neura.data<f32, i1>, !neura.data<f32, i1>) -> !neura.data<f32, i1>
[HeuristicMapping] Found 10 candidate locations for operation: %53 = neura.grant_predicate %51, %52 : !neura.data<i64, i1>, !neura.data<i1, i1> -> !neura.data<i64, i1>
[HeuristicMapping] Trying candidate 1/5 at tile#1 @t=5
[tryRouteDataMove] Routing from Tile#1 @t=3 to Tile#1 @t=5
[tryRouteDataMove] Successfully routed on same tile using Register #32
[tryRouteDataMove] Routing from Tile#5 @t=4 to Tile#1 @t=5
[tryRouteDataMove] Routing from Tile#1 @t=5 to Tile#1 @t=8
[tryRouteDataMove] Successfully routed on same tile using Register #32
[HeuristicMapping] Successfully mapped operation %53 = neura.grant_predicate %51, %52 : !neura.data<i64, i1>, !neura.data<i1, i1> -> !neura.data<i64, i1>
[HeuristicMapping] Found 6 candidate locations for operation: %50 = neura.grant_predicate %48, %49 : !neura.data<i64, i1>, !neura.data<i1, i1> -> !neura.data<i64, i1>
[HeuristicMapping] Trying candidate 1/5 at tile#6 @t=5
[tryRouteDataMove] Routing from Tile#5 @t=2 to Tile#6 @t=5
[tryRouteDataMove] Routing from Tile#5 @t=4 to Tile#6 @t=5
[tryRouteDataMove] Routing from Tile#6 @t=5 to Tile#5 @t=7
[HeuristicMapping] Successfully mapped operation %50 = neura.grant_predicate %48, %49 : !neura.data<i64, i1>, !neura.data<i1, i1> -> !neura.data<i64, i1>
[HeuristicMapping] Found 2 candidate locations for operation: %41 = neura.grant_predicate %39, %40 : !neura.data<i64, i1>, !neura.data<i1, i1> -> !neura.data<i64, i1>
[HeuristicMapping] Trying candidate 1/2 at tile#9 @t=6
[tryRouteDataMove] Routing from Tile#9 @t=3 to Tile#9 @t=6
[tryRouteDataMove] Successfully routed on same tile using Register #289
[tryRouteDataMove] Routing from Tile#5 @t=4 to Tile#9 @t=6
[tryRouteDataMove] Routing from Tile#9 @t=6 to Tile#10 @t=7
[HeuristicMapping] Successfully mapped operation %41 = neura.grant_predicate %39, %40 : !neura.data<i64, i1>, !neura.data<i1, i1> -> !neura.data<i64, i1>
[HeuristicMapping] Found 37 candidate locations for operation: %55 = "neura.not"(%54) : (!neura.data<i1, i1>) -> !neura.data<i1, i1>
[HeuristicMapping] Trying candidate 1/5 at tile#4 @t=5
[tryRouteDataMove] Routing from Tile#5 @t=4 to Tile#4 @t=5
[HeuristicMapping] Successfully mapped operation %55 = "neura.not"(%54) : (!neura.data<i1, i1>) -> !neura.data<i1, i1>
[HeuristicMapping] Found 37 candidate locations for operation: %58 = neura.grant_predicate %56, %57 : !neura.data<f32, i1>, !neura.data<i1, i1> -> !neura.data<f32, i1>
[HeuristicMapping] Trying candidate 1/5 at tile#8 @t=6
[tryRouteDataMove] Routing from Tile#9 @t=5 to Tile#8 @t=6
[tryRouteDataMove] Routing from Tile#4 @t=5 to Tile#8 @t=6
[HeuristicMapping] Successfully mapped operation %58 = neura.grant_predicate %56, %57 : !neura.data<f32, i1>, !neura.data<i1, i1> -> !neura.data<f32, i1>
[HeuristicMapping] Found 8 candidate locations for operation: %47 = neura.grant_predicate %45, %46 : !neura.data<f32, i1>, !neura.data<i1, i1> -> !neura.data<f32, i1>
[HeuristicMapping] Trying candidate 1/5 at tile#6 @t=7
[tryRouteDataMove] Routing from Tile#10 @t=4 to Tile#6 @t=7
[tryRouteDataMove] Routing from Tile#5 @t=4 to Tile#6 @t=7
[tryRouteDataMove] Routing from Tile#6 @t=7 to Tile#10 @t=9
[HeuristicMapping] Successfully mapped operation %47 = neura.grant_predicate %45, %46 : !neura.data<f32, i1>, !neura.data<i1, i1> -> !neura.data<f32, i1>
[HeuristicMapping] Found 7 candidate locations for operation: %44 = neura.grant_predicate %42, %43 : !neura.data<f32, i1>, !neura.data<i1, i1> -> !neura.data<f32, i1>
[HeuristicMapping] Trying candidate 1/5 at tile#9 @t=7
[tryRouteDataMove] Routing from Tile#9 @t=5 to Tile#9 @t=7
[tryRouteDataMove] Successfully routed on same tile using Register #290
[tryRouteDataMove] Routing from Tile#5 @t=4 to Tile#9 @t=7
[tryRouteDataMove] Routing from Tile#9 @t=7 to Tile#9 @t=9
[tryRouteDataMove] Successfully routed on same tile using Register #288
[HeuristicMapping] Successfully mapped operation %44 = neura.grant_predicate %42, %43 : !neura.data<f32, i1>, !neura.data<i1, i1> -> !neura.data<f32, i1>
[HeuristicMapping] Found 37 candidate locations for operation: neura.return_value %59 : !neura.data<f32, i1>
[HeuristicMapping] Trying candidate 1/5 at tile#4 @t=7
[tryRouteDataMove] Routing from Tile#8 @t=6 to Tile#4 @t=7
[HeuristicMapping] Successfully mapped operation neura.return_value %59 : !neura.data<f32, i1>
[HeuristicMapping] Successfully mapped all 26 operations.
[generate-code] DFG (SSA-based) emitted: nodes=33, edges=42 -> tmp-generated-dfg.dot, tmp-generated-dfg.yaml

--
Command Output (stderr):
--
RUN: at line 1: /home/x/shiran/Project/dataflow/build/tools/mlir-neura-opt/mlir-neura-opt /home/x/shiran/Project/dataflow/test/code_gen/test_code_generate.mlir    --assign-accelerator    --lower-llvm-to-neura    --canonicalize-return    --canonicalize-live-in    --leverage-predicated-value    --transform-ctrl-to-data-flow    --insert-data-mov    --map-to-accelerator="mapping-strategy=heuristic"    --architecture-spec=../arch_spec/architecture.yaml    --generate-code -o /home/x/shiran/Project/dataflow/test/code_gen/Output/test_code_generate.mlir.tmp-mapping.mlir
+ /home/x/shiran/Project/dataflow/build/tools/mlir-neura-opt/mlir-neura-opt /home/x/shiran/Project/dataflow/test/code_gen/test_code_generate.mlir --assign-accelerator --lower-llvm-to-neura --canonicalize-return --canonicalize-live-in --leverage-predicated-value --transform-ctrl-to-data-flow --insert-data-mov --map-to-accelerator=mapping-strategy=heuristic --architecture-spec=../arch_spec/architecture.yaml --generate-code -o /home/x/shiran/Project/dataflow/test/code_gen/Output/test_code_generate.mlir.tmp-mapping.mlir
[mlir-neura-opt] Architecture specification file: ../arch_spec/architecture.yaml
[ctrl2data] Processing neura.return operation...
"neura.return"(%10) : (f32) -> ()
[ctrl2data] Marking neura.return with value...
[ctrl2data] Function is not void, no further action needed.
[ctrl2data] Asserting live-out values dominated by block arguments
[ctrl2data] All live-out values are dominated by block arguments or live-in values.
[ctrl2data] ReturnOp found: "neura.return"(%18) {return_type = "value"} : (!neura.data<f32, i1>) -> ()
[ctrl2data] Asserting live-out values dominated by block arguments
[ctrl2data] All live-out values are dominated by block arguments or live-in values.
[ctrl2data] Converting neura.return operations to return_void/value...
[ctrl2data] All neura.return operations converted successfully.
[ctrl2data] Set dataflow mode to predicate for function: loop_test
[ctrl2data] Converting phi operations to phi_start...
[MapToAcceleratorPass] Using Mapping Mode: spatial-temporal
[MapToAcceleratorPass] Unknown YAML root key: extensions
[MapToAcceleratorPass] Unknown YAML root key: simulator
Reserving route for operation: %4 = "neura.data_mov"(%3) : (!neura.data<i64, i1>) -> !neura.data<i64, i1>
Path: register#288 @t=0 
Reserving route for operation: %7 = "neura.data_mov"(%6) : (!neura.data<i64, i1>) -> !neura.data<i64, i1>
Path: register#192 @t=0 
Reserving route for operation: %19 = "neura.data_mov"(%8) : (!neura.data<i64, i1>) -> !neura.data<i64, i1>
Path: register#192 @t=1 
Reserving route for operation: %28 = "neura.data_mov"(%5) : (!neura.data<i64, i1>) -> !neura.data<i64, i1>
Path: register#288 @t=1 
Reserving route for operation: %1 = "neura.data_mov"(%0) : (!neura.data<i64, i1>) -> !neura.data<i64, i1>
Path: register#96 @t=1 
Reserving route for operation: %16 = "neura.data_mov"(%2) : (!neura.data<i64, i1>) -> !neura.data<i64, i1>
Path: link#9 @t=2 
Reserving route for operation: %33 = "neura.data_mov"(%29) : (!neura.data<i64, i1>) -> !neura.data<i64, i1>
Path: link#29 @t=2 
Reserving route for operation: %34 = "neura.data_mov"(%20) : (!neura.data<i64, i1>) -> !neura.data<i64, i1>
Path: link#17 @t=2 
Reserving route for operation: %10 = "neura.data_mov"(%9) : (!neura.data<f32, i1>) -> !neura.data<f32, i1>
Path: register#384 @t=2 
Reserving route for operation: %13 = "neura.data_mov"(%12) : (!neura.data<f32, i1>) -> !neura.data<f32, i1>
Path: register#0 @t=2 
Reserving route for operation: %36 = "neura.data_mov"(%35) : (!neura.data<i64, i1>) -> !neura.data<i64, i1>
Path: register#160 @t=3 register#160 @t=4 
Reserving route for operation: %37 = "neura.data_mov"(%17) : (!neura.data<i64, i1>) -> !neura.data<i64, i1>
Path: link#21 @t=3 link#17 @t=4 
Reserving route for operation: %22 = "neura.data_mov"(%11) : (!neura.data<f32, i1>) -> !neura.data<f32, i1>
Path: link#38 @t=3 
Reserving route for operation: %25 = "neura.data_mov"(%14) : (!neura.data<f32, i1>) -> !neura.data<f32, i1>
Path: register#0 @t=3 
Reserving route for operation: %30 = "neura.data_mov"(%26) : (!neura.data<f32, i1>) -> !neura.data<f32, i1>
Path: link#1 @t=4 link#12 @t=5 
Reserving route for operation: %31 = "neura.data_mov"(%23) : (!neura.data<f32, i1>) -> !neura.data<f32, i1>
Path: link#40 @t=4 link#39 @t=5 
Reserving route for operation: %30 = "neura.data_mov"(%26) : (!neura.data<f32, i1>) -> !neura.data<f32, i1>
Path: link#0 @t=4 link#4 @t=5 link#16 @t=6 
Reserving route for operation: %31 = "neura.data_mov"(%23) : (!neura.data<f32, i1>) -> !neura.data<f32, i1>
Path: link#42 @t=4 register#289 @t=5 register#289 @t=6 
Reserving route for operation: %30 = "neura.data_mov"(%26) : (!neura.data<f32, i1>) -> !neura.data<f32, i1>
Path: link#0 @t=4 register#32 @t=5 register#32 @t=6 
Reserving route for operation: %31 = "neura.data_mov"(%23) : (!neura.data<f32, i1>) -> !neura.data<f32, i1>
Path: link#42 @t=4 link#29 @t=5 link#15 @t=6 
Reserving route for operation: %30 = "neura.data_mov"(%26) : (!neura.data<f32, i1>) -> !neura.data<f32, i1>
Path: link#1 @t=4 register#128 @t=5 register#128 @t=6 
Reserving route for operation: %31 = "neura.data_mov"(%23) : (!neura.data<f32, i1>) -> !neura.data<f32, i1>
Path: link#40 @t=4 link#39 @t=5 link#25 @t=6 
Reserving route for operation: %30 = "neura.data_mov"(%26) : (!neura.data<f32, i1>) -> !neura.data<f32, i1>
Path: link#1 @t=4 link#12 @t=5 register#256 @t=6 
Reserving route for operation: %31 = "neura.data_mov"(%23) : (!neura.data<f32, i1>) -> !neura.data<f32, i1>
Path: link#40 @t=4 link#39 @t=5 register#257 @t=6 
Reserving route for operation: %25 = "neura.data_mov"(%14) : (!neura.data<f32, i1>) -> !neura.data<f32, i1>
Path: link#0 @t=3 
Reserving route for operation: %30 = "neura.data_mov"(%26) : (!neura.data<f32, i1>) -> !neura.data<f32, i1>
Path: link#4 @t=4 link#16 @t=5 register#288 @t=6 
Reserving route for operation: %31 = "neura.data_mov"(%23) : (!neura.data<f32, i1>) -> !neura.data<f32, i1>
Path: link#42 @t=4 register#289 @t=5 register#289 @t=6 
Reserving route for operation: %30 = "neura.data_mov"(%26) : (!neura.data<f32, i1>) -> !neura.data<f32, i1>
Path: link#4 @t=4 register#161 @t=5 register#161 @t=6 register#161 @t=7 
Reserving route for operation: %31 = "neura.data_mov"(%23) : (!neura.data<f32, i1>) -> !neura.data<f32, i1>
Path: link#42 @t=4 link#29 @t=5 register#162 @t=6 register#162 @t=7 
Reserving route for operation: %30 = "neura.data_mov"(%26) : (!neura.data<f32, i1>) -> !neura.data<f32, i1>
Path: link#4 @t=4 register#160 @t=5 
Reserving route for operation: %31 = "neura.data_mov"(%23) : (!neura.data<f32, i1>) -> !neura.data<f32, i1>
Path: link#42 @t=4 link#29 @t=5 
Reserving route for operation: %30 = "neura.data_mov"(%26) : (!neura.data<f32, i1>) -> !neura.data<f32, i1>
Path: register#32 @t=4 register#32 @t=5 register#32 @t=6 
Reserving route for operation: %31 = "neura.data_mov"(%23) : (!neura.data<f32, i1>) -> !neura.data<f32, i1>
Path: link#42 @t=4 link#29 @t=5 link#15 @t=6 
Reserving route for operation: %30 = "neura.data_mov"(%26) : (!neura.data<f32, i1>) -> !neura.data<f32, i1>
Path: link#4 @t=4 link#16 @t=5 link#30 @t=6 
Reserving route for operation: %31 = "neura.data_mov"(%23) : (!neura.data<f32, i1>) -> !neura.data<f32, i1>
Path: register#416 @t=4 register#416 @t=5 register#416 @t=6 
Reserving route for operation: %25 = "neura.data_mov"(%14) : (!neura.data<f32, i1>) -> !neura.data<f32, i1>
Path: link#1 @t=3 
Reserving route for operation: %30 = "neura.data_mov"(%26) : (!neura.data<f32, i1>) -> !neura.data<f32, i1>
Path: link#12 @t=4 register#256 @t=5 
Reserving route for operation: %31 = "neura.data_mov"(%23) : (!neura.data<f32, i1>) -> !neura.data<f32, i1>
Path: link#40 @t=4 link#39 @t=5 
Reserving route for operation: %30 = "neura.data_mov"(%26) : (!neura.data<f32, i1>) -> !neura.data<f32, i1>
Path: link#10 @t=4 link#16 @t=5 register#288 @t=6 
Reserving route for operation: %31 = "neura.data_mov"(%23) : (!neura.data<f32, i1>) -> !neura.data<f32, i1>
Path: link#42 @t=4 register#289 @t=5 register#289 @t=6 
Reserving route for operation: %30 = "neura.data_mov"(%26) : (!neura.data<f32, i1>) -> !neura.data<f32, i1>
Path: link#12 @t=4 register#256 @t=5 register#256 @t=6 
Reserving route for operation: %31 = "neura.data_mov"(%23) : (!neura.data<f32, i1>) -> !neura.data<f32, i1>
Path: link#40 @t=4 link#39 @t=5 register#257 @t=6 
Reserving route for operation: %30 = "neura.data_mov"(%26) : (!neura.data<f32, i1>) -> !neura.data<f32, i1>
Path: link#10 @t=4 register#161 @t=5 register#161 @t=6 register#161 @t=7 
Reserving route for operation: %31 = "neura.data_mov"(%23) : (!neura.data<f32, i1>) -> !neura.data<f32, i1>
Path: link#42 @t=4 link#29 @t=5 register#162 @t=6 register#162 @t=7 
Reserving route for operation: %30 = "neura.data_mov"(%26) : (!neura.data<f32, i1>) -> !neura.data<f32, i1>
Path: link#10 @t=4 register#160 @t=5 
Reserving route for operation: %31 = "neura.data_mov"(%23) : (!neura.data<f32, i1>) -> !neura.data<f32, i1>
Path: link#42 @t=4 link#29 @t=5 
Reserving route for operation: %25 = "neura.data_mov"(%14) : (!neura.data<f32, i1>) -> !neura.data<f32, i1>
Path: register#0 @t=3 register#0 @t=4 
Reserving route for operation: %30 = "neura.data_mov"(%26) : (!neura.data<f32, i1>) -> !neura.data<f32, i1>
Path: link#0 @t=5 register#32 @t=6 
Reserving route for operation: %31 = "neura.data_mov"(%23) : (!neura.data<f32, i1>) -> !neura.data<f32, i1>
Path: link#42 @t=4 link#29 @t=5 link#15 @t=6 
Reserving route for operation: %30 = "neura.data_mov"(%26) : (!neura.data<f32, i1>) -> !neura.data<f32, i1>
Path: link#1 @t=5 link#12 @t=6 
Reserving route for operation: %31 = "neura.data_mov"(%23) : (!neura.data<f32, i1>) -> !neura.data<f32, i1>
Path: link#40 @t=4 link#39 @t=5 register#256 @t=6 
Reserving route for operation: %30 = "neura.data_mov"(%26) : (!neura.data<f32, i1>) -> !neura.data<f32, i1>
Path: link#1 @t=5 register#128 @t=6 
Reserving route for operation: %31 = "neura.data_mov"(%23) : (!neura.data<f32, i1>) -> !neura.data<f32, i1>
Path: link#40 @t=4 link#39 @t=5 link#25 @t=6 
Reserving route for operation: %30 = "neura.data_mov"(%26) : (!neura.data<f32, i1>) -> !neura.data<f32, i1>
Path: link#0 @t=5 link#4 @t=6 register#161 @t=7 
Reserving route for operation: %31 = "neura.data_mov"(%23) : (!neura.data<f32, i1>) -> !neura.data<f32, i1>
Path: link#42 @t=4 link#29 @t=5 register#162 @t=6 register#162 @t=7 
Reserving route for operation: %30 = "neura.data_mov"(%26) : (!neura.data<f32, i1>) -> !neura.data<f32, i1>
Path: link#1 @t=5 register#128 @t=6 register#128 @t=7 
Reserving route for operation: %31 = "neura.data_mov"(%23) : (!neura.data<f32, i1>) -> !neura.data<f32, i1>
Path: link#40 @t=4 link#39 @t=5 link#25 @t=6 register#129 @t=7 
Reserving route for operation: %25 = "neura.data_mov"(%14) : (!neura.data<f32, i1>) -> !neura.data<f32, i1>
Path: link#1 @t=3 register#128 @t=4 
Reserving route for operation: %30 = "neura.data_mov"(%26) : (!neura.data<f32, i1>) -> !neura.data<f32, i1>
Path: link#12 @t=5 
Reserving route for operation: %31 = "neura.data_mov"(%23) : (!neura.data<f32, i1>) -> !neura.data<f32, i1>
Path: link#40 @t=4 link#39 @t=5 
Reserving route for operation: %30 = "neura.data_mov"(%26) : (!neura.data<f32, i1>) -> !neura.data<f32, i1>
Path: link#10 @t=5 link#16 @t=6 
Reserving route for operation: %31 = "neura.data_mov"(%23) : (!neura.data<f32, i1>) -> !neura.data<f32, i1>
Path: link#42 @t=4 register#289 @t=5 register#289 @t=6 
Reserving route for operation: %30 = "neura.data_mov"(%26) : (!neura.data<f32, i1>) -> !neura.data<f32, i1>
Path: link#12 @t=5 register#256 @t=6 
Reserving route for operation: %31 = "neura.data_mov"(%23) : (!neura.data<f32, i1>) -> !neura.data<f32, i1>
Path: link#40 @t=4 link#39 @t=5 register#257 @t=6 
Reserving route for operation: %30 = "neura.data_mov"(%26) : (!neura.data<f32, i1>) -> !neura.data<f32, i1>
Path: link#10 @t=5 register#161 @t=6 register#161 @t=7 
Reserving route for operation: %31 = "neura.data_mov"(%23) : (!neura.data<f32, i1>) -> !neura.data<f32, i1>
Path: link#42 @t=4 link#29 @t=5 register#162 @t=6 register#162 @t=7 
Reserving route for operation: %30 = "neura.data_mov"(%26) : (!neura.data<f32, i1>) -> !neura.data<f32, i1>
Path: link#10 @t=5 
Reserving route for operation: %31 = "neura.data_mov"(%23) : (!neura.data<f32, i1>) -> !neura.data<f32, i1>
Path: link#42 @t=4 link#29 @t=5 
Reserving route for operation: %22 = "neura.data_mov"(%11) : (!neura.data<f32, i1>) -> !neura.data<f32, i1>
Path: register#384 @t=3 
Reserving route for operation: %25 = "neura.data_mov"(%14) : (!neura.data<f32, i1>) -> !neura.data<f32, i1>
Path: register#0 @t=3 
Reserving route for operation: %30 = "neura.data_mov"(%26) : (!neura.data<f32, i1>) -> !neura.data<f32, i1>
Path: link#1 @t=4 register#128 @t=5 
Reserving route for operation: %31 = "neura.data_mov"(%23) : (!neura.data<f32, i1>) -> !neura.data<f32, i1>
Path: link#39 @t=4 link#25 @t=5 
Reserving route for operation: %30 = "neura.data_mov"(%26) : (!neura.data<f32, i1>) -> !neura.data<f32, i1>
Path: link#1 @t=4 link#12 @t=5 
Reserving route for operation: %31 = "neura.data_mov"(%23) : (!neura.data<f32, i1>) -> !neura.data<f32, i1>
Path: link#39 @t=4 register#256 @t=5 
Reserving route for operation: %30 = "neura.data_mov"(%26) : (!neura.data<f32, i1>) -> !neura.data<f32, i1>
Path: link#1 @t=4 register#128 @t=5 register#128 @t=6 
Reserving route for operation: %31 = "neura.data_mov"(%23) : (!neura.data<f32, i1>) -> !neura.data<f32, i1>
Path: link#39 @t=4 link#25 @t=5 register#129 @t=6 
Reserving route for operation: %30 = "neura.data_mov"(%26) : (!neura.data<f32, i1>) -> !neura.data<f32, i1>
Path: link#1 @t=4 link#12 @t=5 register#256 @t=6 
Reserving route for operation: %31 = "neura.data_mov"(%23) : (!neura.data<f32, i1>) -> !neura.data<f32, i1>
Path: link#39 @t=4 register#257 @t=5 register#257 @t=6 
Reserving route for operation: %30 = "neura.data_mov"(%26) : (!neura.data<f32, i1>) -> !neura.data<f32, i1>
Path: link#0 @t=4 link#4 @t=5 link#16 @t=6 
Reserving route for operation: %31 = "neura.data_mov"(%23) : (!neura.data<f32, i1>) -> !neura.data<f32, i1>
Path: link#38 @t=4 link#42 @t=5 register#288 @t=6 
Reserving route for operation: %25 = "neura.data_mov"(%14) : (!neura.data<f32, i1>) -> !neura.data<f32, i1>
Path: link#0 @t=3 
Reserving route for operation: %30 = "neura.data_mov"(%26) : (!neura.data<f32, i1>) -> !neura.data<f32, i1>
Path: link#2 @t=4 link#1 @t=5 
Reserving route for operation: %31 = "neura.data_mov"(%23) : (!neura.data<f32, i1>) -> !neura.data<f32, i1>
Path: link#39 @t=4 link#25 @t=5 
Reserving route for operation: %30 = "neura.data_mov"(%26) : (!neura.data<f32, i1>) -> !neura.data<f32, i1>
Path: link#4 @t=4 link#16 @t=5 register#288 @t=6 
Reserving route for operation: %31 = "neura.data_mov"(%23) : (!neura.data<f32, i1>) -> !neura.data<f32, i1>
Path: link#38 @t=4 link#42 @t=5 register#289 @t=6 
Reserving route for operation: %30 = "neura.data_mov"(%26) : (!neura.data<f32, i1>) -> !neura.data<f32, i1>
Path: link#2 @t=4 link#1 @t=5 register#128 @t=6 
Reserving route for operation: %31 = "neura.data_mov"(%23) : (!neura.data<f32, i1>) -> !neura.data<f32, i1>
Path: link#39 @t=4 link#25 @t=5 register#129 @t=6 
Reserving route for operation: %30 = "neura.data_mov"(%26) : (!neura.data<f32, i1>) -> !neura.data<f32, i1>
Path: link#2 @t=4 link#1 @t=5 link#12 @t=6 
Reserving route for operation: %31 = "neura.data_mov"(%23) : (!neura.data<f32, i1>) -> !neura.data<f32, i1>
Path: link#39 @t=4 register#256 @t=5 register#256 @t=6 
Reserving route for operation: %30 = "neura.data_mov"(%26) : (!neura.data<f32, i1>) -> !neura.data<f32, i1>
Path: link#4 @t=4 link#16 @t=5 link#30 @t=6 
Reserving route for operation: %31 = "neura.data_mov"(%23) : (!neura.data<f32, i1>) -> !neura.data<f32, i1>
Path: link#38 @t=4 register#416 @t=5 register#416 @t=6 
Reserving route for operation: %25 = "neura.data_mov"(%14) : (!neura.data<f32, i1>) -> !neura.data<f32, i1>
Path: link#1 @t=3 
Reserving route for operation: %30 = "neura.data_mov"(%26) : (!neura.data<f32, i1>) -> !neura.data<f32, i1>
Path: link#12 @t=4 
Reserving route for operation: %31 = "neura.data_mov"(%23) : (!neura.data<f32, i1>) -> !neura.data<f32, i1>
Path: link#39 @t=4 
Reserving route for operation: %30 = "neura.data_mov"(%26) : (!neura.data<f32, i1>) -> !neura.data<f32, i1>
Path: register#128 @t=4 register#128 @t=5 
Reserving route for operation: %31 = "neura.data_mov"(%23) : (!neura.data<f32, i1>) -> !neura.data<f32, i1>
Path: link#39 @t=4 link#25 @t=5 
Reserving route for operation: %30 = "neura.data_mov"(%26) : (!neura.data<f32, i1>) -> !neura.data<f32, i1>
Path: link#12 @t=4 register#256 @t=5 
Reserving route for operation: %31 = "neura.data_mov"(%23) : (!neura.data<f32, i1>) -> !neura.data<f32, i1>
Path: link#39 @t=4 register#257 @t=5 
Reserving route for operation: %30 = "neura.data_mov"(%26) : (!neura.data<f32, i1>) -> !neura.data<f32, i1>
Path: link#12 @t=4 register#256 @t=5 register#256 @t=6 
Reserving route for operation: %31 = "neura.data_mov"(%23) : (!neura.data<f32, i1>) -> !neura.data<f32, i1>
Path: link#39 @t=4 register#257 @t=5 register#257 @t=6 
Reserving route for operation: %30 = "neura.data_mov"(%26) : (!neura.data<f32, i1>) -> !neura.data<f32, i1>
Path: register#128 @t=4 register#128 @t=5 register#128 @t=6 
Reserving route for operation: %31 = "neura.data_mov"(%23) : (!neura.data<f32, i1>) -> !neura.data<f32, i1>
Path: link#39 @t=4 link#25 @t=5 register#129 @t=6 
Reserving route for operation: %25 = "neura.data_mov"(%14) : (!neura.data<f32, i1>) -> !neura.data<f32, i1>
Path: register#0 @t=3 register#0 @t=4 
Reserving route for operation: %30 = "neura.data_mov"(%26) : (!neura.data<f32, i1>) -> !neura.data<f32, i1>
Path: link#1 @t=5 
Reserving route for operation: %31 = "neura.data_mov"(%23) : (!neura.data<f32, i1>) -> !neura.data<f32, i1>
Path: link#39 @t=4 link#25 @t=5 
Reserving route for operation: %30 = "neura.data_mov"(%26) : (!neura.data<f32, i1>) -> !neura.data<f32, i1>
Path: link#1 @t=5 register#128 @t=6 
Reserving route for operation: %31 = "neura.data_mov"(%23) : (!neura.data<f32, i1>) -> !neura.data<f32, i1>
Path: link#39 @t=4 link#25 @t=5 register#129 @t=6 
Reserving route for operation: %30 = "neura.data_mov"(%26) : (!neura.data<f32, i1>) -> !neura.data<f32, i1>
Path: link#1 @t=5 link#12 @t=6 
Reserving route for operation: %31 = "neura.data_mov"(%23) : (!neura.data<f32, i1>) -> !neura.data<f32, i1>
Path: link#39 @t=4 register#256 @t=5 register#256 @t=6 
Reserving route for operation: %30 = "neura.data_mov"(%26) : (!neura.data<f32, i1>) -> !neura.data<f32, i1>
Path: link#1 @t=5 register#128 @t=6 register#128 @t=7 
Reserving route for operation: %31 = "neura.data_mov"(%23) : (!neura.data<f32, i1>) -> !neura.data<f32, i1>
Path: link#39 @t=4 link#25 @t=5 register#129 @t=6 register#129 @t=7 
Reserving route for operation: %30 = "neura.data_mov"(%26) : (!neura.data<f32, i1>) -> !neura.data<f32, i1>
Path: link#1 @t=5 link#12 @t=6 register#256 @t=7 
Reserving route for operation: %31 = "neura.data_mov"(%23) : (!neura.data<f32, i1>) -> !neura.data<f32, i1>
Path: link#39 @t=4 register#257 @t=5 register#257 @t=6 register#257 @t=7 
Reserving route for operation: %25 = "neura.data_mov"(%14) : (!neura.data<f32, i1>) -> !neura.data<f32, i1>
Path: link#1 @t=3 register#128 @t=4 
Reserving route for operation: %30 = "neura.data_mov"(%26) : (!neura.data<f32, i1>) -> !neura.data<f32, i1>
Path: register#128 @t=5 
Reserving route for operation: %31 = "neura.data_mov"(%23) : (!neura.data<f32, i1>) -> !neura.data<f32, i1>
Path: link#39 @t=4 link#25 @t=5 
Reserving route for operation: %30 = "neura.data_mov"(%26) : (!neura.data<f32, i1>) -> !neura.data<f32, i1>
Path: link#12 @t=5 
Reserving route for operation: %31 = "neura.data_mov"(%23) : (!neura.data<f32, i1>) -> !neura.data<f32, i1>
Path: link#39 @t=4 register#256 @t=5 
Reserving route for operation: %30 = "neura.data_mov"(%26) : (!neura.data<f32, i1>) -> !neura.data<f32, i1>
Path: link#12 @t=5 register#256 @t=6 
Reserving route for operation: %31 = "neura.data_mov"(%23) : (!neura.data<f32, i1>) -> !neura.data<f32, i1>
Path: link#39 @t=4 register#257 @t=5 register#257 @t=6 
Reserving route for operation: %30 = "neura.data_mov"(%26) : (!neura.data<f32, i1>) -> !neura.data<f32, i1>
Path: register#128 @t=5 register#128 @t=6 
Reserving route for operation: %31 = "neura.data_mov"(%23) : (!neura.data<f32, i1>) -> !neura.data<f32, i1>
Path: link#39 @t=4 link#25 @t=5 register#129 @t=6 
Reserving route for operation: %30 = "neura.data_mov"(%26) : (!neura.data<f32, i1>) -> !neura.data<f32, i1>
Path: link#10 @t=5 link#16 @t=6 
Reserving route for operation: %31 = "neura.data_mov"(%23) : (!neura.data<f32, i1>) -> !neura.data<f32, i1>
Path: link#38 @t=4 link#42 @t=5 register#288 @t=6 
Reserving route for operation: %22 = "neura.data_mov"(%11) : (!neura.data<f32, i1>) -> !neura.data<f32, i1>
Path: link#39 @t=3 
Reserving route for operation: %25 = "neura.data_mov"(%14) : (!neura.data<f32, i1>) -> !neura.data<f32, i1>
Path: register#0 @t=3 
Reserving route for operation: %30 = "neura.data_mov"(%26) : (!neura.data<f32, i1>) -> !neura.data<f32, i1>
Path: link#1 @t=4 
Reserving route for operation: %31 = "neura.data_mov"(%23) : (!neura.data<f32, i1>) -> !neura.data<f32, i1>
Path: link#25 @t=4 
Reserving route for operation: %30 = "neura.data_mov"(%26) : (!neura.data<f32, i1>) -> !neura.data<f32, i1>
Path: link#1 @t=4 register#128 @t=5 
Reserving route for operation: %31 = "neura.data_mov"(%23) : (!neura.data<f32, i1>) -> !neura.data<f32, i1>
Path: link#25 @t=4 register#129 @t=5 
Reserving route for operation: %30 = "neura.data_mov"(%26) : (!neura.data<f32, i1>) -> !neura.data<f32, i1>
Path: link#1 @t=4 link#12 @t=5 
Reserving route for operation: %31 = "neura.data_mov"(%23) : (!neura.data<f32, i1>) -> !neura.data<f32, i1>
Path: register#256 @t=4 register#256 @t=5 
Reserving route for operation: %30 = "neura.data_mov"(%26) : (!neura.data<f32, i1>) -> !neura.data<f32, i1>
Path: link#1 @t=4 register#128 @t=5 register#128 @t=6 
Reserving route for operation: %31 = "neura.data_mov"(%23) : (!neura.data<f32, i1>) -> !neura.data<f32, i1>
Path: link#25 @t=4 register#129 @t=5 register#129 @t=6 
Reserving route for operation: %30 = "neura.data_mov"(%26) : (!neura.data<f32, i1>) -> !neura.data<f32, i1>
Path: link#0 @t=4 link#4 @t=5 link#16 @t=6 
Reserving route for operation: %31 = "neura.data_mov"(%23) : (!neura.data<f32, i1>) -> !neura.data<f32, i1>
Path: link#24 @t=4 register#289 @t=5 register#289 @t=6 
Reserving route for operation: %25 = "neura.data_mov"(%14) : (!neura.data<f32, i1>) -> !neura.data<f32, i1>
Path: link#0 @t=3 
Reserving route for operation: %30 = "neura.data_mov"(%26) : (!neura.data<f32, i1>) -> !neura.data<f32, i1>
Path: link#2 @t=4 link#1 @t=5 
Reserving route for operation: %31 = "neura.data_mov"(%23) : (!neura.data<f32, i1>) -> !neura.data<f32, i1>
Path: link#25 @t=4 register#128 @t=5 
Reserving route for operation: %30 = "neura.data_mov"(%26) : (!neura.data<f32, i1>) -> !neura.data<f32, i1>
Path: link#4 @t=4 link#16 @t=5 register#288 @t=6 
Reserving route for operation: %31 = "neura.data_mov"(%23) : (!neura.data<f32, i1>) -> !neura.data<f32, i1>
Path: link#24 @t=4 register#289 @t=5 register#289 @t=6 
Reserving route for operation: %30 = "neura.data_mov"(%26) : (!neura.data<f32, i1>) -> !neura.data<f32, i1>
Path: link#2 @t=4 link#1 @t=5 register#128 @t=6 
Reserving route for operation: %31 = "neura.data_mov"(%23) : (!neura.data<f32, i1>) -> !neura.data<f32, i1>
Path: link#25 @t=4 register#129 @t=5 register#129 @t=6 
Reserving route for operation: %30 = "neura.data_mov"(%26) : (!neura.data<f32, i1>) -> !neura.data<f32, i1>
Path: link#4 @t=4 register#161 @t=5 register#161 @t=6 register#161 @t=7 
Reserving route for operation: %31 = "neura.data_mov"(%23) : (!neura.data<f32, i1>) -> !neura.data<f32, i1>
Path: link#24 @t=4 link#29 @t=5 register#162 @t=6 register#162 @t=7 
Reserving route for operation: %30 = "neura.data_mov"(%26) : (!neura.data<f32, i1>) -> !neura.data<f32, i1>
Path: link#4 @t=4 register#160 @t=5 
Reserving route for operation: %31 = "neura.data_mov"(%23) : (!neura.data<f32, i1>) -> !neura.data<f32, i1>
Path: link#24 @t=4 link#29 @t=5 
Reserving route for operation: %25 = "neura.data_mov"(%14) : (!neura.data<f32, i1>) -> !neura.data<f32, i1>
Path: link#1 @t=3 
Reserving route for operation: %30 = "neura.data_mov"(%26) : (!neura.data<f32, i1>) -> !neura.data<f32, i1>
Path: register#128 @t=4 
Reserving route for operation: %31 = "neura.data_mov"(%23) : (!neura.data<f32, i1>) -> !neura.data<f32, i1>
Path: link#25 @t=4 
Reserving route for operation: %30 = "neura.data_mov"(%26) : (!neura.data<f32, i1>) -> !neura.data<f32, i1>
Path: link#12 @t=4 
Reserving route for operation: %31 = "neura.data_mov"(%23) : (!neura.data<f32, i1>) -> !neura.data<f32, i1>
Path: register#256 @t=4 
Reserving route for operation: %30 = "neura.data_mov"(%26) : (!neura.data<f32, i1>) -> !neura.data<f32, i1>
Path: register#128 @t=4 register#128 @t=5 
Reserving route for operation: %31 = "neura.data_mov"(%23) : (!neura.data<f32, i1>) -> !neura.data<f32, i1>
Path: link#25 @t=4 register#129 @t=5 
Reserving route for operation: %30 = "neura.data_mov"(%26) : (!neura.data<f32, i1>) -> !neura.data<f32, i1>
Path: link#12 @t=4 register#256 @t=5 
Reserving route for operation: %31 = "neura.data_mov"(%23) : (!neura.data<f32, i1>) -> !neura.data<f32, i1>
Path: register#257 @t=4 register#257 @t=5 
Reserving route for operation: %30 = "neura.data_mov"(%26) : (!neura.data<f32, i1>) -> !neura.data<f32, i1>
Path: link#10 @t=4 link#16 @t=5 register#288 @t=6 
Reserving route for operation: %31 = "neura.data_mov"(%23) : (!neura.data<f32, i1>) -> !neura.data<f32, i1>
Path: link#24 @t=4 register#289 @t=5 register#289 @t=6 
Reserving route for operation: %25 = "neura.data_mov"(%14) : (!neura.data<f32, i1>) -> !neura.data<f32, i1>
Path: register#0 @t=3 register#0 @t=4 
Reserving route for operation: %30 = "neura.data_mov"(%26) : (!neura.data<f32, i1>) -> !neura.data<f32, i1>
Path: link#1 @t=5 
Reserving route for operation: %31 = "neura.data_mov"(%23) : (!neura.data<f32, i1>) -> !neura.data<f32, i1>
Path: link#25 @t=4 register#128 @t=5 
Reserving route for operation: %30 = "neura.data_mov"(%26) : (!neura.data<f32, i1>) -> !neura.data<f32, i1>
Path: link#1 @t=5 register#128 @t=6 
Reserving route for operation: %31 = "neura.data_mov"(%23) : (!neura.data<f32, i1>) -> !neura.data<f32, i1>
Path: link#25 @t=4 register#129 @t=5 register#129 @t=6 
Reserving route for operation: %30 = "neura.data_mov"(%26) : (!neura.data<f32, i1>) -> !neura.data<f32, i1>
Path: link#1 @t=5 link#12 @t=6 
Reserving route for operation: %31 = "neura.data_mov"(%23) : (!neura.data<f32, i1>) -> !neura.data<f32, i1>
Path: register#256 @t=4 register#256 @t=5 register#256 @t=6 
Reserving route for operation: %30 = "neura.data_mov"(%26) : (!neura.data<f32, i1>) -> !neura.data<f32, i1>
Path: link#1 @t=5 register#128 @t=6 register#128 @t=7 
Reserving route for operation: %31 = "neura.data_mov"(%23) : (!neura.data<f32, i1>) -> !neura.data<f32, i1>
Path: link#25 @t=4 register#129 @t=5 register#129 @t=6 register#129 @t=7 
Reserving route for operation: %30 = "neura.data_mov"(%26) : (!neura.data<f32, i1>) -> !neura.data<f32, i1>
Path: link#0 @t=5 register#32 @t=6 
Reserving route for operation: %31 = "neura.data_mov"(%23) : (!neura.data<f32, i1>) -> !neura.data<f32, i1>
Path: link#24 @t=4 link#29 @t=5 link#15 @t=6 
Reserving route for operation: %25 = "neura.data_mov"(%14) : (!neura.data<f32, i1>) -> !neura.data<f32, i1>
Path: link#1 @t=3 register#128 @t=4 
Reserving route for operation: %30 = "neura.data_mov"(%26) : (!neura.data<f32, i1>) -> !neura.data<f32, i1>
Path: link#12 @t=5 
Reserving route for operation: %31 = "neura.data_mov"(%23) : (!neura.data<f32, i1>) -> !neura.data<f32, i1>
Path: register#256 @t=4 register#256 @t=5 
Reserving route for operation: %30 = "neura.data_mov"(%26) : (!neura.data<f32, i1>) -> !neura.data<f32, i1>
Path: register#128 @t=5 
Reserving route for operation: %31 = "neura.data_mov"(%23) : (!neura.data<f32, i1>) -> !neura.data<f32, i1>
Path: link#25 @t=4 register#129 @t=5 
Reserving route for operation: %30 = "neura.data_mov"(%26) : (!neura.data<f32, i1>) -> !neura.data<f32, i1>
Path: link#10 @t=5 link#16 @t=6 
Reserving route for operation: %31 = "neura.data_mov"(%23) : (!neura.data<f32, i1>) -> !neura.data<f32, i1>
Path: link#24 @t=4 register#289 @t=5 register#289 @t=6 
Reserving route for operation: %30 = "neura.data_mov"(%26) : (!neura.data<f32, i1>) -> !neura.data<f32, i1>
Path: link#12 @t=5 register#256 @t=6 
Reserving route for operation: %31 = "neura.data_mov"(%23) : (!neura.data<f32, i1>) -> !neura.data<f32, i1>
Path: register#257 @t=4 register#257 @t=5 register#257 @t=6 
Reserving route for operation: %30 = "neura.data_mov"(%26) : (!neura.data<f32, i1>) -> !neura.data<f32, i1>
Path: register#128 @t=5 register#128 @t=6 
Reserving route for operation: %31 = "neura.data_mov"(%23) : (!neura.data<f32, i1>) -> !neura.data<f32, i1>
Path: link#25 @t=4 register#129 @t=5 register#129 @t=6 
Reserving route for operation: %22 = "neura.data_mov"(%11) : (!neura.data<f32, i1>) -> !neura.data<f32, i1>
Path: link#38 @t=3 register#416 @t=4 
Reserving route for operation: %25 = "neura.data_mov"(%14) : (!neura.data<f32, i1>) -> !neura.data<f32, i1>
Path: register#0 @t=3 
Reserving route for operation: %30 = "neura.data_mov"(%26) : (!neura.data<f32, i1>) -> !neura.data<f32, i1>
Path: link#0 @t=4 link#4 @t=5 link#16 @t=6 
Reserving route for operation: %31 = "neura.data_mov"(%23) : (!neura.data<f32, i1>) -> !neura.data<f32, i1>
Path: link#42 @t=5 register#288 @t=6 
Reserving route for operation: %30 = "neura.data_mov"(%26) : (!neura.data<f32, i1>) -> !neura.data<f32, i1>
Path: link#1 @t=4 link#12 @t=5 register#256 @t=6 
Reserving route for operation: %31 = "neura.data_mov"(%23) : (!neura.data<f32, i1>) -> !neura.data<f32, i1>
Path: link#40 @t=5 link#39 @t=6 
Reserving route for operation: %30 = "neura.data_mov"(%26) : (!neura.data<f32, i1>) -> !neura.data<f32, i1>
Path: link#0 @t=4 link#4 @t=5 register#161 @t=6 register#161 @t=7 
Reserving route for operation: %31 = "neura.data_mov"(%23) : (!neura.data<f32, i1>) -> !neura.data<f32, i1>
Path: link#42 @t=5 register#288 @t=6 link#29 @t=7 
Reserving route for operation: %30 = "neura.data_mov"(%26) : (!neura.data<f32, i1>) -> !neura.data<f32, i1>
Path: link#0 @t=4 link#4 @t=5 link#16 @t=6 link#30 @t=7 
Reserving route for operation: %31 = "neura.data_mov"(%23) : (!neura.data<f32, i1>) -> !neura.data<f32, i1>
Path: register#416 @t=5 register#416 @t=6 register#416 @t=7 
Reserving route for operation: %30 = "neura.data_mov"(%26) : (!neura.data<f32, i1>) -> !neura.data<f32, i1>
Path: link#1 @t=4 register#128 @t=5 register#128 @t=6 register#128 @t=7 
Reserving route for operation: %31 = "neura.data_mov"(%23) : (!neura.data<f32, i1>) -> !neura.data<f32, i1>
Path: link#40 @t=5 link#39 @t=6 link#25 @t=7 
Reserving route for operation: %25 = "neura.data_mov"(%14) : (!neura.data<f32, i1>) -> !neura.data<f32, i1>
Path: link#0 @t=3 
Reserving route for operation: %30 = "neura.data_mov"(%26) : (!neura.data<f32, i1>) -> !neura.data<f32, i1>
Path: link#4 @t=4 link#16 @t=5 register#288 @t=6 
Reserving route for operation: %31 = "neura.data_mov"(%23) : (!neura.data<f32, i1>) -> !neura.data<f32, i1>
Path: link#42 @t=5 register#289 @t=6 
Reserving route for operation: %30 = "neura.data_mov"(%26) : (!neura.data<f32, i1>) -> !neura.data<f32, i1>
Path: link#4 @t=4 register#161 @t=5 register#161 @t=6 register#161 @t=7 
Reserving route for operation: %31 = "neura.data_mov"(%23) : (!neura.data<f32, i1>) -> !neura.data<f32, i1>
Path: link#42 @t=5 register#288 @t=6 link#29 @t=7 
Reserving route for operation: %30 = "neura.data_mov"(%26) : (!neura.data<f32, i1>) -> !neura.data<f32, i1>
Path: link#4 @t=4 link#16 @t=5 link#30 @t=6 
Reserving route for operation: %31 = "neura.data_mov"(%23) : (!neura.data<f32, i1>) -> !neura.data<f32, i1>
Path: register#416 @t=5 register#416 @t=6 
Reserving route for operation: %30 = "neura.data_mov"(%26) : (!neura.data<f32, i1>) -> !neura.data<f32, i1>
Path: link#3 @t=4 link#7 @t=5 link#20 @t=6 
Reserving route for operation: %31 = "neura.data_mov"(%23) : (!neura.data<f32, i1>) -> !neura.data<f32, i1>
Path: link#41 @t=5 link#45 @t=6 
Reserving route for operation: %30 = "neura.data_mov"(%26) : (!neura.data<f32, i1>) -> !neura.data<f32, i1>
Path: link#4 @t=4 link#16 @t=5 link#30 @t=6 register#416 @t=7 
Reserving route for operation: %31 = "neura.data_mov"(%23) : (!neura.data<f32, i1>) -> !neura.data<f32, i1>
Path: register#417 @t=5 register#417 @t=6 register#417 @t=7 
Reserving route for operation: %25 = "neura.data_mov"(%14) : (!neura.data<f32, i1>) -> !neura.data<f32, i1>
Path: link#1 @t=3 
Reserving route for operation: %30 = "neura.data_mov"(%26) : (!neura.data<f32, i1>) -> !neura.data<f32, i1>
Path: link#10 @t=4 link#16 @t=5 register#288 @t=6 
Reserving route for operation: %31 = "neura.data_mov"(%23) : (!neura.data<f32, i1>) -> !neura.data<f32, i1>
Path: link#42 @t=5 register#289 @t=6 
Reserving route for operation: %30 = "neura.data_mov"(%26) : (!neura.data<f32, i1>) -> !neura.data<f32, i1>
Path: link#12 @t=4 register#256 @t=5 register#256 @t=6 
Reserving route for operation: %31 = "neura.data_mov"(%23) : (!neura.data<f32, i1>) -> !neura.data<f32, i1>
Path: link#40 @t=5 link#39 @t=6 
Reserving route for operation: %30 = "neura.data_mov"(%26) : (!neura.data<f32, i1>) -> !neura.data<f32, i1>
Path: link#10 @t=4 register#161 @t=5 register#161 @t=6 register#161 @t=7 
Reserving route for operation: %31 = "neura.data_mov"(%23) : (!neura.data<f32, i1>) -> !neura.data<f32, i1>
Path: link#42 @t=5 register#288 @t=6 link#29 @t=7 
Reserving route for operation: %30 = "neura.data_mov"(%26) : (!neura.data<f32, i1>) -> !neura.data<f32, i1>
Path: link#10 @t=4 link#14 @t=5 link#20 @t=6 
Reserving route for operation: %31 = "neura.data_mov"(%23) : (!neura.data<f32, i1>) -> !neura.data<f32, i1>
Path: link#41 @t=5 link#45 @t=6 
Reserving route for operation: %30 = "neura.data_mov"(%26) : (!neura.data<f32, i1>) -> !neura.data<f32, i1>
Path: link#10 @t=4 link#16 @t=5 link#30 @t=6 
Reserving route for operation: %31 = "neura.data_mov"(%23) : (!neura.data<f32, i1>) -> !neura.data<f32, i1>
Path: register#416 @t=5 register#416 @t=6 
Reserving route for operation: %25 = "neura.data_mov"(%14) : (!neura.data<f32, i1>) -> !neura.data<f32, i1>
Path: register#0 @t=3 register#0 @t=4 
Reserving route for operation: %30 = "neura.data_mov"(%26) : (!neura.data<f32, i1>) -> !neura.data<f32, i1>
Path: link#1 @t=5 link#12 @t=6 
Reserving route for operation: %31 = "neura.data_mov"(%23) : (!neura.data<f32, i1>) -> !neura.data<f32, i1>
Path: link#40 @t=5 link#39 @t=6 
Reserving route for operation: %30 = "neura.data_mov"(%26) : (!neura.data<f32, i1>) -> !neura.data<f32, i1>
Path: link#0 @t=5 link#4 @t=6 register#161 @t=7 
Reserving route for operation: %31 = "neura.data_mov"(%23) : (!neura.data<f32, i1>) -> !neura.data<f32, i1>
Path: link#42 @t=5 register#288 @t=6 link#29 @t=7 
Reserving route for operation: %30 = "neura.data_mov"(%26) : (!neura.data<f32, i1>) -> !neura.data<f32, i1>
Path: link#1 @t=5 register#128 @t=6 register#128 @t=7 
Reserving route for operation: %31 = "neura.data_mov"(%23) : (!neura.data<f32, i1>) -> !neura.data<f32, i1>
Path: link#40 @t=5 link#39 @t=6 link#25 @t=7 
Reserving route for operation: %30 = "neura.data_mov"(%26) : (!neura.data<f32, i1>) -> !neura.data<f32, i1>
Path: link#1 @t=5 link#12 @t=6 register#256 @t=7 
Reserving route for operation: %31 = "neura.data_mov"(%23) : (!neura.data<f32, i1>) -> !neura.data<f32, i1>
Path: link#40 @t=5 link#39 @t=6 register#257 @t=7 
Reserving route for operation: %30 = "neura.data_mov"(%26) : (!neura.data<f32, i1>) -> !neura.data<f32, i1>
Path: link#1 @t=5 link#12 @t=6 link#26 @t=7 
Reserving route for operation: %31 = "neura.data_mov"(%23) : (!neura.data<f32, i1>) -> !neura.data<f32, i1>
Path: link#40 @t=5 register#385 @t=6 register#385 @t=7 
Reserving route for operation: %25 = "neura.data_mov"(%14) : (!neura.data<f32, i1>) -> !neura.data<f32, i1>
Path: link#1 @t=3 register#128 @t=4 
Reserving route for operation: %30 = "neura.data_mov"(%26) : (!neura.data<f32, i1>) -> !neura.data<f32, i1>
Path: link#10 @t=5 link#16 @t=6 
Reserving route for operation: %31 = "neura.data_mov"(%23) : (!neura.data<f32, i1>) -> !neura.data<f32, i1>
Path: link#42 @t=5 register#288 @t=6 
Reserving route for operation: %30 = "neura.data_mov"(%26) : (!neura.data<f32, i1>) -> !neura.data<f32, i1>
Path: link#12 @t=5 register#256 @t=6 
Reserving route for operation: %31 = "neura.data_mov"(%23) : (!neura.data<f32, i1>) -> !neura.data<f32, i1>
Path: link#40 @t=5 link#39 @t=6 
Reserving route for operation: %30 = "neura.data_mov"(%26) : (!neura.data<f32, i1>) -> !neura.data<f32, i1>
Path: link#10 @t=5 register#161 @t=6 register#161 @t=7 
Reserving route for operation: %31 = "neura.data_mov"(%23) : (!neura.data<f32, i1>) -> !neura.data<f32, i1>
Path: link#42 @t=5 register#288 @t=6 link#29 @t=7 
Reserving route for operation: %30 = "neura.data_mov"(%26) : (!neura.data<f32, i1>) -> !neura.data<f32, i1>
Path: link#10 @t=5 link#16 @t=6 link#30 @t=7 
Reserving route for operation: %31 = "neura.data_mov"(%23) : (!neura.data<f32, i1>) -> !neura.data<f32, i1>
Path: register#416 @t=5 register#416 @t=6 register#416 @t=7 
Reserving route for operation: %30 = "neura.data_mov"(%26) : (!neura.data<f32, i1>) -> !neura.data<f32, i1>
Path: register#128 @t=5 register#128 @t=6 register#128 @t=7 
Reserving route for operation: %31 = "neura.data_mov"(%23) : (!neura.data<f32, i1>) -> !neura.data<f32, i1>
Path: link#40 @t=5 link#39 @t=6 link#25 @t=7 
Reserving route for operation: %22 = "neura.data_mov"(%11) : (!neura.data<f32, i1>) -> !neura.data<f32, i1>
Path: register#384 @t=3 register#384 @t=4 
Reserving route for operation: %25 = "neura.data_mov"(%14) : (!neura.data<f32, i1>) -> !neura.data<f32, i1>
Path: register#0 @t=3 
Reserving route for operation: %30 = "neura.data_mov"(%26) : (!neura.data<f32, i1>) -> !neura.data<f32, i1>
Path: link#1 @t=4 link#12 @t=5 
Reserving route for operation: %31 = "neura.data_mov"(%23) : (!neura.data<f32, i1>) -> !neura.data<f32, i1>
Path: link#39 @t=5 
Reserving route for operation: %30 = "neura.data_mov"(%26) : (!neura.data<f32, i1>) -> !neura.data<f32, i1>
Path: link#1 @t=4 register#128 @t=5 register#128 @t=6 
Reserving route for operation: %31 = "neura.data_mov"(%23) : (!neura.data<f32, i1>) -> !neura.data<f32, i1>
Path: link#39 @t=5 link#25 @t=6 
Reserving route for operation: %30 = "neura.data_mov"(%26) : (!neura.data<f32, i1>) -> !neura.data<f32, i1>
Path: link#1 @t=4 link#12 @t=5 register#256 @t=6 
Reserving route for operation: %31 = "neura.data_mov"(%23) : (!neura.data<f32, i1>) -> !neura.data<f32, i1>
Path: link#39 @t=5 register#257 @t=6 
Reserving route for operation: %30 = "neura.data_mov"(%26) : (!neura.data<f32, i1>) -> !neura.data<f32, i1>
Path: link#0 @t=4 link#4 @t=5 link#16 @t=6 
Reserving route for operation: %31 = "neura.data_mov"(%23) : (!neura.data<f32, i1>) -> !neura.data<f32, i1>
Path: link#38 @t=5 link#42 @t=6 
Reserving route for operation: %30 = "neura.data_mov"(%26) : (!neura.data<f32, i1>) -> !neura.data<f32, i1>
Path: link#1 @t=4 register#128 @t=5 register#128 @t=6 register#128 @t=7 
Reserving route for operation: %31 = "neura.data_mov"(%23) : (!neura.data<f32, i1>) -> !neura.data<f32, i1>
Path: link#39 @t=5 link#25 @t=6 register#129 @t=7 
Reserving route for operation: %25 = "neura.data_mov"(%14) : (!neura.data<f32, i1>) -> !neura.data<f32, i1>
Path: link#0 @t=3 
Reserving route for operation: %30 = "neura.data_mov"(%26) : (!neura.data<f32, i1>) -> !neura.data<f32, i1>
Path: link#4 @t=4 link#16 @t=5 register#288 @t=6 
Reserving route for operation: %31 = "neura.data_mov"(%23) : (!neura.data<f32, i1>) -> !neura.data<f32, i1>
Path: link#38 @t=5 link#42 @t=6 
Reserving route for operation: %30 = "neura.data_mov"(%26) : (!neura.data<f32, i1>) -> !neura.data<f32, i1>
Path: link#4 @t=4 link#16 @t=5 link#30 @t=6 
Reserving route for operation: %31 = "neura.data_mov"(%23) : (!neura.data<f32, i1>) -> !neura.data<f32, i1>
Path: link#38 @t=5 register#416 @t=6 
Reserving route for operation: %30 = "neura.data_mov"(%26) : (!neura.data<f32, i1>) -> !neura.data<f32, i1>
Path: link#2 @t=4 link#1 @t=5 register#128 @t=6 
Reserving route for operation: %31 = "neura.data_mov"(%23) : (!neura.data<f32, i1>) -> !neura.data<f32, i1>
Path: link#39 @t=5 link#25 @t=6 
Reserving route for operation: %30 = "neura.data_mov"(%26) : (!neura.data<f32, i1>) -> !neura.data<f32, i1>
Path: link#2 @t=4 link#1 @t=5 link#12 @t=6 
Reserving route for operation: %31 = "neura.data_mov"(%23) : (!neura.data<f32, i1>) -> !neura.data<f32, i1>
Path: link#39 @t=5 register#256 @t=6 
Reserving route for operation: %30 = "neura.data_mov"(%26) : (!neura.data<f32, i1>) -> !neura.data<f32, i1>
Path: link#4 @t=4 register#161 @t=5 register#161 @t=6 register#161 @t=7 
Reserving route for operation: %31 = "neura.data_mov"(%23) : (!neura.data<f32, i1>) -> !neura.data<f32, i1>
Path: link#38 @t=5 link#42 @t=6 link#29 @t=7 
Reserving route for operation: %25 = "neura.data_mov"(%14) : (!neura.data<f32, i1>) -> !neura.data<f32, i1>
Path: link#1 @t=3 
Reserving route for operation: %30 = "neura.data_mov"(%26) : (!neura.data<f32, i1>) -> !neura.data<f32, i1>
Path: link#12 @t=4 register#256 @t=5 
Reserving route for operation: %31 = "neura.data_mov"(%23) : (!neura.data<f32, i1>) -> !neura.data<f32, i1>
Path: link#39 @t=5 
Reserving route for operation: %30 = "neura.data_mov"(%26) : (!neura.data<f32, i1>) -> !neura.data<f32, i1>
Path: link#12 @t=4 register#256 @t=5 register#256 @t=6 
Reserving route for operation: %31 = "neura.data_mov"(%23) : (!neura.data<f32, i1>) -> !neura.data<f32, i1>
Path: link#39 @t=5 register#257 @t=6 
Reserving route for operation: %30 = "neura.data_mov"(%26) : (!neura.data<f32, i1>) -> !neura.data<f32, i1>
Path: register#128 @t=4 register#128 @t=5 register#128 @t=6 
Reserving route for operation: %31 = "neura.data_mov"(%23) : (!neura.data<f32, i1>) -> !neura.data<f32, i1>
Path: link#39 @t=5 link#25 @t=6 
Reserving route for operation: %30 = "neura.data_mov"(%26) : (!neura.data<f32, i1>) -> !neura.data<f32, i1>
Path: link#10 @t=4 link#16 @t=5 register#288 @t=6 
Reserving route for operation: %31 = "neura.data_mov"(%23) : (!neura.data<f32, i1>) -> !neura.data<f32, i1>
Path: link#38 @t=5 link#42 @t=6 
Reserving route for operation: %30 = "neura.data_mov"(%26) : (!neura.data<f32, i1>) -> !neura.data<f32, i1>
Path: link#12 @t=4 register#256 @t=5 register#256 @t=6 register#256 @t=7 
Reserving route for operation: %31 = "neura.data_mov"(%23) : (!neura.data<f32, i1>) -> !neura.data<f32, i1>
Path: link#39 @t=5 register#257 @t=6 register#257 @t=7 
Reserving route for operation: %25 = "neura.data_mov"(%14) : (!neura.data<f32, i1>) -> !neura.data<f32, i1>
Path: register#0 @t=3 register#0 @t=4 
Reserving route for operation: %30 = "neura.data_mov"(%26) : (!neura.data<f32, i1>) -> !neura.data<f32, i1>
Path: link#1 @t=5 register#128 @t=6 
Reserving route for operation: %31 = "neura.data_mov"(%23) : (!neura.data<f32, i1>) -> !neura.data<f32, i1>
Path: link#39 @t=5 link#25 @t=6 
Reserving route for operation: %30 = "neura.data_mov"(%26) : (!neura.data<f32, i1>) -> !neura.data<f32, i1>
Path: link#1 @t=5 link#12 @t=6 
Reserving route for operation: %31 = "neura.data_mov"(%23) : (!neura.data<f32, i1>) -> !neura.data<f32, i1>
Path: link#39 @t=5 register#256 @t=6 
Reserving route for operation: %30 = "neura.data_mov"(%26) : (!neura.data<f32, i1>) -> !neura.data<f32, i1>
Path: link#1 @t=5 register#128 @t=6 register#128 @t=7 
Reserving route for operation: %31 = "neura.data_mov"(%23) : (!neura.data<f32, i1>) -> !neura.data<f32, i1>
Path: link#39 @t=5 link#25 @t=6 register#129 @t=7 
Reserving route for operation: %30 = "neura.data_mov"(%26) : (!neura.data<f32, i1>) -> !neura.data<f32, i1>
Path: link#1 @t=5 link#12 @t=6 register#256 @t=7 
Reserving route for operation: %31 = "neura.data_mov"(%23) : (!neura.data<f32, i1>) -> !neura.data<f32, i1>
Path: link#39 @t=5 register#257 @t=6 register#257 @t=7 
Reserving route for operation: %30 = "neura.data_mov"(%26) : (!neura.data<f32, i1>) -> !neura.data<f32, i1>
Path: register#1 @t=5 register#1 @t=6 register#1 @t=7 
Reserving route for operation: %31 = "neura.data_mov"(%23) : (!neura.data<f32, i1>) -> !neura.data<f32, i1>
Path: link#39 @t=5 link#25 @t=6 link#11 @t=7 
Reserving route for operation: %25 = "neura.data_mov"(%14) : (!neura.data<f32, i1>) -> !neura.data<f32, i1>
Path: link#1 @t=3 register#128 @t=4 
Reserving route for operation: %30 = "neura.data_mov"(%26) : (!neura.data<f32, i1>) -> !neura.data<f32, i1>
Path: link#12 @t=5 
Reserving route for operation: %31 = "neura.data_mov"(%23) : (!neura.data<f32, i1>) -> !neura.data<f32, i1>
Path: link#39 @t=5 
Reserving route for operation: %30 = "neura.data_mov"(%26) : (!neura.data<f32, i1>) -> !neura.data<f32, i1>
Path: link#12 @t=5 register#256 @t=6 
Reserving route for operation: %31 = "neura.data_mov"(%23) : (!neura.data<f32, i1>) -> !neura.data<f32, i1>
Path: link#39 @t=5 register#257 @t=6 
Reserving route for operation: %30 = "neura.data_mov"(%26) : (!neura.data<f32, i1>) -> !neura.data<f32, i1>
Path: register#128 @t=5 register#128 @t=6 
Reserving route for operation: %31 = "neura.data_mov"(%23) : (!neura.data<f32, i1>) -> !neura.data<f32, i1>
Path: link#39 @t=5 link#25 @t=6 
Reserving route for operation: %30 = "neura.data_mov"(%26) : (!neura.data<f32, i1>) -> !neura.data<f32, i1>
Path: link#10 @t=5 link#16 @t=6 
Reserving route for operation: %31 = "neura.data_mov"(%23) : (!neura.data<f32, i1>) -> !neura.data<f32, i1>
Path: link#38 @t=5 link#42 @t=6 
Reserving route for operation: %30 = "neura.data_mov"(%26) : (!neura.data<f32, i1>) -> !neura.data<f32, i1>
Path: register#128 @t=5 register#128 @t=6 register#128 @t=7 
Reserving route for operation: %31 = "neura.data_mov"(%23) : (!neura.data<f32, i1>) -> !neura.data<f32, i1>
Path: link#39 @t=5 link#25 @t=6 register#129 @t=7 
=== MappingState: Resource Allocation Table ===
II = 4

Tile     | t%4=0                               | t%4=1                               | t%4=2                               | t%4=3                               | 
---------+-------------------------------------+-------------------------------------+-------------------------------------+-------------------------------------+
Tile#0   |                                     |                                     | %12 = constant                      | %14 = grant_once(%13)               | 
Tile#3   |                                     | %0 = constant                       | %2 = grant_once(%1)                 |                                     | 
Tile#5   |                                     |                                     |                                     | %35 = add(%33, %34)                 | 
Tile#6   | %6 = constant                       | %8 = grant_once(%7)                 | %20 = phi_start(%19, %18)           |                                     | 
Tile#7   |                                     |                                     |                                     | %17 = phi_start(%16, %15)           | 
Tile#9   | %3 = constant                       | %5 = grant_once(%4)                 | %29 = phi_start(%28, %27)           |                                     | 
Tile#12  |                                     |                                     | %9 = constant                       | %11 = grant_once(%10)               | 

=== Legend ===
- Table shows operations mapped to tiles (modulo II scheduling)
- Column headers: t%II=X means time slot X (t=X, X+II, X+2*II, ...)
- Operations with (t=Y) annotation are scheduled at actual time step Y
- Operations without annotation are scheduled at t=0 to t=3
=== End ===
Reserving route for operation: %4 = "neura.data_mov"(%3) : (!neura.data<i64, i1>) -> !neura.data<i64, i1>
Path: register#320 @t=0 
Reserving route for operation: %7 = "neura.data_mov"(%6) : (!neura.data<i64, i1>) -> !neura.data<i64, i1>
Path: register#160 @t=0 
Reserving route for operation: %19 = "neura.data_mov"(%8) : (!neura.data<i64, i1>) -> !neura.data<i64, i1>
Path: register#160 @t=1 
Reserving route for operation: %28 = "neura.data_mov"(%5) : (!neura.data<i64, i1>) -> !neura.data<i64, i1>
Path: register#320 @t=1 
Reserving route for operation: %1 = "neura.data_mov"(%0) : (!neura.data<i64, i1>) -> !neura.data<i64, i1>
Path: register#0 @t=1 
Reserving route for operation: %16 = "neura.data_mov"(%2) : (!neura.data<i64, i1>) -> !neura.data<i64, i1>
Path: link#0 @t=2 
Reserving route for operation: %33 = "neura.data_mov"(%29) : (!neura.data<i64, i1>) -> !neura.data<i64, i1>
Path: link#31 @t=2 
Reserving route for operation: %34 = "neura.data_mov"(%20) : (!neura.data<i64, i1>) -> !neura.data<i64, i1>
Path: link#16 @t=2 
Reserving route for operation: %10 = "neura.data_mov"(%9) : (!neura.data<f32, i1>) -> !neura.data<f32, i1>
Path: register#352 @t=2 
Reserving route for operation: %13 = "neura.data_mov"(%12) : (!neura.data<f32, i1>) -> !neura.data<f32, i1>
Path: register#256 @t=2 
Reserving route for operation: %36 = "neura.data_mov"(%35) : (!neura.data<i64, i1>) -> !neura.data<i64, i1>
Path: link#29 @t=3 
Reserving route for operation: %37 = "neura.data_mov"(%17) : (!neura.data<i64, i1>) -> !neura.data<i64, i1>
Path: link#4 @t=3 
Reserving route for operation: %22 = "neura.data_mov"(%11) : (!neura.data<f32, i1>) -> !neura.data<f32, i1>
Path: link#35 @t=3 
Reserving route for operation: %25 = "neura.data_mov"(%14) : (!neura.data<f32, i1>) -> !neura.data<f32, i1>
Path: link#24 @t=3 
Reserving route for operation: %30 = "neura.data_mov"(%26) : (!neura.data<f32, i1>) -> !neura.data<f32, i1>
Path: register#288 @t=4 
Reserving route for operation: %31 = "neura.data_mov"(%23) : (!neura.data<f32, i1>) -> !neura.data<f32, i1>
Path: link#31 @t=4 
Reserving route for operation: %51 = "neura.data_mov"(%17) : (!neura.data<i64, i1>) -> !neura.data<i64, i1>
Path: register#32 @t=3 register#32 @t=4 
Reserving route for operation: %52 = "neura.data_mov"(%38) : (!neura.data<i1, i1>) -> !neura.data<i1, i1>
Path: link#15 @t=4 
[tryRouteBackwardMove] src_loc: tile#1 @t=5, dst_loc: tile#1 @t=3
Reserving route for operation: neura.ctrl_mov %53 -> %15 : !neura.data<i64, i1> !neura.data<i64, i1>
Path: register#32 @t=5 register#32 @t=6 register#32 @t=7 
Reserving route for operation: %48 = "neura.data_mov"(%20) : (!neura.data<i64, i1>) -> !neura.data<i64, i1>
Path: link#14 @t=2 register#192 @t=3 register#192 @t=4 
Reserving route for operation: %49 = "neura.data_mov"(%38) : (!neura.data<i1, i1>) -> !neura.data<i1, i1>
Path: link#14 @t=4 
[tryRouteBackwardMove] src_loc: tile#6 @t=5, dst_loc: tile#5 @t=2
Reserving route for operation: neura.ctrl_mov %50 -> %18 : !neura.data<i64, i1> !neura.data<i64, i1>
Path: link#17 @t=5 register#161 @t=6 
Reserving route for operation: %39 = "neura.data_mov"(%35) : (!neura.data<i64, i1>) -> !neura.data<i64, i1>
Path: register#289 @t=3 register#289 @t=4 register#289 @t=5 
Reserving route for operation: %40 = "neura.data_mov"(%38) : (!neura.data<i1, i1>) -> !neura.data<i1, i1>
Path: link#16 @t=4 register#288 @t=5 
[tryRouteBackwardMove] src_loc: tile#9 @t=6, dst_loc: tile#10 @t=2
Reserving route for operation: neura.ctrl_mov %41 -> %27 : !neura.data<i64, i1> !neura.data<i64, i1>
Path: link#28 @t=6 
Reserving route for operation: %54 = "neura.data_mov"(%38) : (!neura.data<i1, i1>) -> !neura.data<i1, i1>
Path: link#13 @t=4 
Reserving route for operation: %56 = "neura.data_mov"(%32) : (!neura.data<f32, i1>) -> !neura.data<f32, i1>
Path: link#27 @t=5 
Reserving route for operation: %57 = "neura.data_mov"(%55) : (!neura.data<i1, i1>) -> !neura.data<i1, i1>
Path: link#12 @t=5 
Reserving route for operation: %45 = "neura.data_mov"(%23) : (!neura.data<f32, i1>) -> !neura.data<f32, i1>
Path: link#33 @t=4 register#192 @t=5 register#192 @t=6 
Reserving route for operation: %46 = "neura.data_mov"(%38) : (!neura.data<i1, i1>) -> !neura.data<i1, i1>
Path: register#160 @t=4 link#14 @t=5 register#193 @t=6 
[tryRouteBackwardMove] src_loc: tile#6 @t=7, dst_loc: tile#10 @t=4
Reserving route for operation: neura.ctrl_mov %47 -> %21 : !neura.data<f32, i1> !neura.data<f32, i1>
Path: link#20 @t=7 register#320 @t=8 
Reserving route for operation: %42 = "neura.data_mov"(%32) : (!neura.data<f32, i1>) -> !neura.data<f32, i1>
Path: register#290 @t=5 register#290 @t=6 
Reserving route for operation: %43 = "neura.data_mov"(%38) : (!neura.data<i1, i1>) -> !neura.data<i1, i1>
Path: register#161 @t=4 link#16 @t=5 register#288 @t=6 
[tryRouteBackwardMove] src_loc: tile#9 @t=7, dst_loc: tile#9 @t=4
Reserving route for operation: neura.ctrl_mov %44 -> %24 : !neura.data<f32, i1> !neura.data<f32, i1>
Path: register#288 @t=7 register#288 @t=8 
Reserving route for operation: %59 = "neura.data_mov"(%58) : (!neura.data<f32, i1>) -> !neura.data<f32, i1>
Path: link#25 @t=6 
=== MappingState: Resource Allocation Table ===
II = 5

Tile     | t%5=0                               | t%5=1                               | t%5=2                               | t%5=3                               | t%5=4                               | 
---------+-------------------------------------+-------------------------------------+-------------------------------------+-------------------------------------+-------------------------------------+
Tile#0   |                                     | %0 = constant                       | %2 = grant_once(%1)                 |                                     |                                     | 
Tile#1   | %53 = grant_predicate(%51, %52) ... |                                     |                                     | %17 = phi_start(%16, %15)           |                                     | 
Tile#4   | %55 = not(%54) (t=5)                |                                     | return_value(%59) (t=7)             |                                     |                                     | 
Tile#5   | %6 = constant                       | %8 = grant_once(%7)                 | %20 = phi_start(%19, %18)           |                                     | %38 = icmp(%36, %37)                | 
Tile#6   | %50 = grant_predicate(%48, %49) ... |                                     | %47 = grant_predicate(%45, %46) ... |                                     |                                     | 
Tile#8   |                                     | %58 = grant_predicate(%56, %57) ... | %12 = constant                      | %14 = grant_once(%13)               |                                     | 
Tile#9   | %32 = fadd(%30, %31) (t=5)          | %41 = grant_predicate(%39, %40) ... | %44 = grant_predicate(%42, %43) ... | %35 = add(%33, %34)                 | %26 = phi_start(%25, %24)           | 
Tile#10  | %3 = constant                       | %5 = grant_once(%4)                 | %29 = phi_start(%28, %27)           |                                     | %23 = phi_start(%22, %21)           | 
Tile#11  |                                     |                                     | %9 = constant                       | %11 = grant_once(%10)               |                                     | 

=== Legend ===
- Table shows operations mapped to tiles (modulo II scheduling)
- Column headers: t%II=X means time slot X (t=X, X+II, X+2*II, ...)
- Operations with (t=Y) annotation are scheduled at actual time step Y
- Operations without annotation are scheduled at t=0 to t=4
=== End ===
RUN: at line 12: /home/x/shiran/llvm-project/build/./bin/FileCheck /home/x/shiran/Project/dataflow/test/code_gen/test_code_generate.mlir --input-file=/home/x/shiran/Project/dataflow/test/code_gen/Output/test_code_generate.mlir.tmp-mapping.mlir -check-prefix=MAPPING
+ /home/x/shiran/llvm-project/build/./bin/FileCheck /home/x/shiran/Project/dataflow/test/code_gen/test_code_generate.mlir --input-file=/home/x/shiran/Project/dataflow/test/code_gen/Output/test_code_generate.mlir.tmp-mapping.mlir -check-prefix=MAPPING
/home/x/shiran/Project/dataflow/test/code_gen/test_code_generate.mlir:36:13: error: MAPPING: expected string not found in input
// MAPPING: func.func @loop_test() -> f32 attributes {accelerator = "neura", dataflow_mode = "predicate", mapping_info = {compiled_ii = 4 : i32, mapping_mode = "spatial-temporal", mapping_strategy = "heuristic", rec_mii = 4 : i32, res_mii = 1 : i32, x_tiles = 4 : i32, y_tiles = 4 : i32}} {
            ^
/home/x/shiran/Project/dataflow/test/code_gen/Output/test_code_generate.mlir.tmp-mapping.mlir:1:1: note: scanning from here
module {
^
/home/x/shiran/Project/dataflow/test/code_gen/Output/test_code_generate.mlir.tmp-mapping.mlir:2:2: note: possible intended match here
 func.func @loop_test() -> f32 attributes {accelerator = "neura", dataflow_mode = "predicate", mapping_info = {compiled_ii = 5 : i32, mapping_mode = "spatial-temporal", mapping_strategy = "heuristic", rec_mii = 4 : i32, res_mii = 2 : i32, x_tiles = 4 : i32, y_tiles = 4 : i32}} {
 ^

Input file: /home/x/shiran/Project/dataflow/test/code_gen/Output/test_code_generate.mlir.tmp-mapping.mlir
Check file: /home/x/shiran/Project/dataflow/test/code_gen/test_code_generate.mlir

-dump-input=help explains the following input dump.

Input was:
<<<<<<
            1: module { 
check:36'0     X~~~~~~~~ error: no match found
            2:  func.func @loop_test() -> f32 attributes {accelerator = "neura", dataflow_mode = "predicate", mapping_info = {compiled_ii = 5 : i32, mapping_mode = "spatial-temporal", mapping_strategy = "heuristic", rec_mii = 4 : i32, res_mii = 2 : i32, x_tiles = 4 : i32, y_tiles = 4 : i32}} { 
check:36'0     ~~~~~~~~~~~~~~~~~~~~~~~~~~~~~~~~~~~~~~~~~~~~~~~~~~~~~~~~~~~~~~~~~~~~~~~~~~~~~~~~~~~~~~~~~~~~~~~~~~~~~~~~~~~~~~~~~~~~~~~~~~~~~~~~~~~~~~~~~~~~~~~~~~~~~~~~~~~~~~~~~~~~~~~~~~~~~~~~~~~~~~~~~~~~~~~~~~~~~~~~~~~~~~~~~~~~~~~~~~~~~~~~~~~~~~~~~~~~~~~~~~~~~~~~~~~~~~~~~~~~~~~~~~~~~~~~~~~~~~~~
check:36'1      ?                                                                                                                                                                                                                                                                                       possible intended match
            3:  %0 = "neura.constant"() <{value = 10 : i64}> {dfg_id = 0 : i32, mapping_locs = [{id = 0 : i32, index_per_ii = 1 : i32, invalid_iterations = 0 : i32, resource = "tile", time_step = 1 : i32, x = 0 : i32, y = 0 : i32}]} : () -> !neura.data<i64, i1> 
check:36'0     ~~~~~~~~~~~~~~~~~~~~~~~~~~~~~~~~~~~~~~~~~~~~~~~~~~~~~~~~~~~~~~~~~~~~~~~~~~~~~~~~~~~~~~~~~~~~~~~~~~~~~~~~~~~~~~~~~~~~~~~~~~~~~~~~~~~~~~~~~~~~~~~~~~~~~~~~~~~~~~~~~~~~~~~~~~~~~~~~~~~~~~~~~~~~~~~~~~~~~~~~~~~~~~~~~~~~~~~~~~~~~~~~~~~~~~~~~~~~~~~~~~~~~~~
            4:  %1 = "neura.data_mov"(%0) {dfg_id = 11 : i32, mapping_locs = [{id = 0 : i32, index_per_ii = 1 : i32, invalid_iterations = 0 : i32, per_tile_register_id = 0 : i32, resource = "register", time_step = 1 : i32}]} : (!neura.data<i64, i1>) -> !neura.data<i64, i1> 
check:36'0     ~~~~~~~~~~~~~~~~~~~~~~~~~~~~~~~~~~~~~~~~~~~~~~~~~~~~~~~~~~~~~~~~~~~~~~~~~~~~~~~~~~~~~~~~~~~~~~~~~~~~~~~~~~~~~~~~~~~~~~~~~~~~~~~~~~~~~~~~~~~~~~~~~~~~~~~~~~~~~~~~~~~~~~~~~~~~~~~~~~~~~~~~~~~~~~~~~~~~~~~~~~~~~~~~~~~~~~~~~~~~~~~~~~~~~~~~~~~~~~~~~~~~~~~~~~~~~~~~~~~
            5:  %2 = "neura.grant_once"(%1) {dfg_id = 16 : i32, mapping_locs = [{id = 0 : i32, index_per_ii = 2 : i32, invalid_iterations = 0 : i32, resource = "tile", time_step = 2 : i32, x = 0 : i32, y = 0 : i32}]} : (!neura.data<i64, i1>) -> !neura.data<i64, i1> 
check:36'0     ~~~~~~~~~~~~~~~~~~~~~~~~~~~~~~~~~~~~~~~~~~~~~~~~~~~~~~~~~~~~~~~~~~~~~~~~~~~~~~~~~~~~~~~~~~~~~~~~~~~~~~~~~~~~~~~~~~~~~~~~~~~~~~~~~~~~~~~~~~~~~~~~~~~~~~~~~~~~~~~~~~~~~~~~~~~~~~~~~~~~~~~~~~~~~~~~~~~~~~~~~~~~~~~~~~~~~~~~~~~~~~~~~~~~~~~~~~~~~~~~~~~~~~~~~~~
            6:  %3 = "neura.constant"() <{value = 0 : i64}> {dfg_id = 1 : i32, mapping_locs = [{id = 10 : i32, index_per_ii = 0 : i32, invalid_iterations = 0 : i32, resource = "tile", time_step = 0 : i32, x = 2 : i32, y = 2 : i32}]} : () -> !neura.data<i64, i1> 
check:36'0     ~~~~~~~~~~~~~~~~~~~~~~~~~~~~~~~~~~~~~~~~~~~~~~~~~~~~~~~~~~~~~~~~~~~~~~~~~~~~~~~~~~~~~~~~~~~~~~~~~~~~~~~~~~~~~~~~~~~~~~~~~~~~~~~~~~~~~~~~~~~~~~~~~~~~~~~~~~~~~~~~~~~~~~~~~~~~~~~~~~~~~~~~~~~~~~~~~~~~~~~~~~~~~~~~~~~~~~~~~~~~~~~~~~~~~~~~~~~~~~~~~~~~~~~
            7:  %4 = "neura.data_mov"(%3) {dfg_id = 12 : i32, mapping_locs = [{id = 320 : i32, index_per_ii = 0 : i32, invalid_iterations = 0 : i32, per_tile_register_id = 0 : i32, resource = "register", time_step = 0 : i32}]} : (!neura.data<i64, i1>) -> !neura.data<i64, i1> 
check:36'0     ~~~~~~~~~~~~~~~~~~~~~~~~~~~~~~~~~~~~~~~~~~~~~~~~~~~~~~~~~~~~~~~~~~~~~~~~~~~~~~~~~~~~~~~~~~~~~~~~~~~~~~~~~~~~~~~~~~~~~~~~~~~~~~~~~~~~~~~~~~~~~~~~~~~~~~~~~~~~~~~~~~~~~~~~~~~~~~~~~~~~~~~~~~~~~~~~~~~~~~~~~~~~~~~~~~~~~~~~~~~~~~~~~~~~~~~~~~~~~~~~~~~~~~~~~~~~~~~~~~~~~
            .
            .
            .
>>>>>>

--

********************
********************
Failed Tests (1):
  Neura Dialect Tests :: code_gen/test_code_generate.mlir


Testing Time: 1.53s

Total Discovered Tests: 1
  Failed: 1 (100.00%)
